Archive member included to satisfy reference by file (symbol)

c:/progra~2/gnuarm~1/102020~1/bin/../lib/gcc/arm-none-eabi/10.2.1/thumb/v6-m/nofp\libgcc.a(_dvmd_tls.o)
                              CMakeFiles/w5x00_dhcp_dns.dir/D_/Boards/RP2040/pico-sdk/src/rp2_common/pico_divider/divider.S.obj (__aeabi_idiv0)
c:/progra~2/gnuarm~1/102020~1/bin/../lib/gcc/arm-none-eabi/10.2.1/../../../../arm-none-eabi/lib/thumb/v6-m/nofp\libg.a(lib_a-calloc.o)
                              CMakeFiles/w5x00_dhcp_dns.dir/D_/Boards/RP2040/pico-sdk/src/rp2_common/pico_malloc/pico_malloc.c.obj (calloc)
c:/progra~2/gnuarm~1/102020~1/bin/../lib/gcc/arm-none-eabi/10.2.1/../../../../arm-none-eabi/lib/thumb/v6-m/nofp\libg.a(lib_a-callocr.o)
                              c:/progra~2/gnuarm~1/102020~1/bin/../lib/gcc/arm-none-eabi/10.2.1/../../../../arm-none-eabi/lib/thumb/v6-m/nofp\libg.a(lib_a-calloc.o) (_calloc_r)
c:/progra~2/gnuarm~1/102020~1/bin/../lib/gcc/arm-none-eabi/10.2.1/../../../../arm-none-eabi/lib/thumb/v6-m/nofp\libg.a(lib_a-ctype_.o)
                              CMakeFiles/w5x00_dhcp_dns.dir/D_/Boards/RP2040/pico-sdk/lib/tinyusb/src/tusb.c.obj (_ctype_)
c:/progra~2/gnuarm~1/102020~1/bin/../lib/gcc/arm-none-eabi/10.2.1/../../../../arm-none-eabi/lib/thumb/v6-m/nofp\libg.a(lib_a-impure.o)
                              c:/progra~2/gnuarm~1/102020~1/bin/../lib/gcc/arm-none-eabi/10.2.1/../../../../arm-none-eabi/lib/thumb/v6-m/nofp\libg.a(lib_a-calloc.o) (_impure_ptr)
c:/progra~2/gnuarm~1/102020~1/bin/../lib/gcc/arm-none-eabi/10.2.1/../../../../arm-none-eabi/lib/thumb/v6-m/nofp\libg.a(lib_a-init.o)
                              c:/progra~2/gnuarm~1/102020~1/bin/../lib/gcc/arm-none-eabi/10.2.1/../../../../arm-none-eabi/lib/thumb/v6-m/nofp/crt0.o (__libc_init_array)
c:/progra~2/gnuarm~1/102020~1/bin/../lib/gcc/arm-none-eabi/10.2.1/../../../../arm-none-eabi/lib/thumb/v6-m/nofp\libg.a(lib_a-malloc.o)
                              CMakeFiles/w5x00_dhcp_dns.dir/D_/Boards/RP2040/pico-sdk/src/rp2_common/pico_malloc/pico_malloc.c.obj (malloc)
c:/progra~2/gnuarm~1/102020~1/bin/../lib/gcc/arm-none-eabi/10.2.1/../../../../arm-none-eabi/lib/thumb/v6-m/nofp\libg.a(lib_a-mallocr.o)
                              c:/progra~2/gnuarm~1/102020~1/bin/../lib/gcc/arm-none-eabi/10.2.1/../../../../arm-none-eabi/lib/thumb/v6-m/nofp\libg.a(lib_a-callocr.o) (_malloc_r)
c:/progra~2/gnuarm~1/102020~1/bin/../lib/gcc/arm-none-eabi/10.2.1/../../../../arm-none-eabi/lib/thumb/v6-m/nofp\libg.a(lib_a-mlock.o)
                              c:/progra~2/gnuarm~1/102020~1/bin/../lib/gcc/arm-none-eabi/10.2.1/../../../../arm-none-eabi/lib/thumb/v6-m/nofp\libg.a(lib_a-mallocr.o) (__malloc_lock)
c:/progra~2/gnuarm~1/102020~1/bin/../lib/gcc/arm-none-eabi/10.2.1/../../../../arm-none-eabi/lib/thumb/v6-m/nofp\libg.a(lib_a-sbrkr.o)
                              c:/progra~2/gnuarm~1/102020~1/bin/../lib/gcc/arm-none-eabi/10.2.1/../../../../arm-none-eabi/lib/thumb/v6-m/nofp\libg.a(lib_a-mallocr.o) (_sbrk_r)
c:/progra~2/gnuarm~1/102020~1/bin/../lib/gcc/arm-none-eabi/10.2.1/../../../../arm-none-eabi/lib/thumb/v6-m/nofp\libg.a(lib_a-strchr.o)
                              CMakeFiles/w5x00_dhcp_dns.dir/__/__/libraries/ioLibrary_Driver/Internet/DNS/dns.c.obj (strchr)
c:/progra~2/gnuarm~1/102020~1/bin/../lib/gcc/arm-none-eabi/10.2.1/../../../../arm-none-eabi/lib/thumb/v6-m/nofp\libg.a(lib_a-strcpy.o)
                              CMakeFiles/w5x00_dhcp_dns.dir/__/__/libraries/ioLibrary_Driver/Internet/DNS/dns.c.obj (strcpy)
c:/progra~2/gnuarm~1/102020~1/bin/../lib/gcc/arm-none-eabi/10.2.1/../../../../arm-none-eabi/lib/thumb/v6-m/nofp\libg.a(lib_a-strlen-stub.o)
                              CMakeFiles/w5x00_dhcp_dns.dir/D_/Boards/RP2040/pico-sdk/src/rp2_common/pico_stdio/stdio.c.obj (strlen)
c:/progra~2/gnuarm~1/102020~1/bin/../lib/gcc/arm-none-eabi/10.2.1/../../../../arm-none-eabi/lib/thumb/v6-m/nofp\libg.a(lib_a-strncpy.o)
                              CMakeFiles/w5x00_dhcp_dns.dir/__/__/libraries/ioLibrary_Driver/Internet/DNS/dns.c.obj (strncpy)
c:/progra~2/gnuarm~1/102020~1/bin/../lib/gcc/arm-none-eabi/10.2.1/../../../../arm-none-eabi/lib/thumb/v6-m/nofp\libg.a(lib_a-freer.o)
                              c:/progra~2/gnuarm~1/102020~1/bin/../lib/gcc/arm-none-eabi/10.2.1/../../../../arm-none-eabi/lib/thumb/v6-m/nofp\libg.a(lib_a-malloc.o) (_free_r)
c:/progra~2/gnuarm~1/102020~1/bin/../lib/gcc/arm-none-eabi/10.2.1/../../../../arm-none-eabi/lib/thumb/v6-m/nofp\libg.a(lib_a-lock.o)
                              c:/progra~2/gnuarm~1/102020~1/bin/../lib/gcc/arm-none-eabi/10.2.1/../../../../arm-none-eabi/lib/thumb/v6-m/nofp\libg.a(lib_a-mlock.o) (__retarget_lock_acquire_recursive)
c:/progra~2/gnuarm~1/102020~1/bin/../lib/gcc/arm-none-eabi/10.2.1/../../../../arm-none-eabi/lib/thumb/v6-m/nofp\libg.a(lib_a-reent.o)
                              c:/progra~2/gnuarm~1/102020~1/bin/../lib/gcc/arm-none-eabi/10.2.1/../../../../arm-none-eabi/lib/thumb/v6-m/nofp\libg.a(lib_a-sbrkr.o) (errno)

[...]
Memory Configuration

Name             Origin             Length             Attributes
FLASH            0x10000000         0x00200000         xr
RAM              0x20000000         0x00040000         xrw
SCRATCH_X        0x20040000         0x00001000         xrw
SCRATCH_Y        0x20041000         0x00001000         xrw
*default*        0x00000000         0xffffffff

Linker script and memory map

LOAD c:/progra~2/gnuarm~1/102020~1/bin/../lib/gcc/arm-none-eabi/10.2.1/thumb/v6-m/nofp/crti.o
LOAD c:/progra~2/gnuarm~1/102020~1/bin/../lib/gcc/arm-none-eabi/10.2.1/thumb/v6-m/nofp/crtbegin.o
LOAD c:/progra~2/gnuarm~1/102020~1/bin/../lib/gcc/arm-none-eabi/10.2.1/../../../../arm-none-eabi/lib/thumb/v6-m/nofp/crt0.o

.flash_begin    0x10000000        0x0
                0x10000000                __flash_binary_start = .

.boot2          0x10000000      0x100
                0x10000000                __boot2_start__ = .
 *(.boot2)
 .boot2         0x10000000      0x100 C:\Users\David\AppData\Local\Temp\ccmJWBFA.o
                0x10000100                __boot2_end__ = .
                0x00000001                ASSERT (((__boot2_end__ - __boot2_start__) == 0x100), ERROR: Pico second stage bootloader must be 256 bytes in size)

.text           0x10000100     0x9ad0
                0x10000100                __logical_binary_start = .
 *(.vectors)
 .vectors       0x10000100       0xd4 CMakeFiles/w5x00_dhcp_dns.dir/D_/Boards/RP2040/pico-sdk/src/rp2_common/pico_standard_link/crt0.S.obj
                0x10000100                __VECTOR_TABLE
                0x10000100                __vectors
                0x100001c0                isr_invalid
                0x100001c0                __default_isrs_start
                0x100001c2                isr_nmi
                0x100001c4                isr_hardfault
                0x100001c6                isr_svcall
                0x100001c8                isr_pendsv
                0x100001ca                isr_systick
                0x100001cc                isr_irq23
                0x100001cc                isr_irq18
                0x100001cc                isr_irq11
                0x100001cc                isr_irq28
                0x100001cc                isr_irq19
                0x100001cc                isr_irq0
                0x100001cc                isr_irq6
                0x100001cc                isr_irq5
                0x100001cc                isr_irq12
                0x100001cc                isr_irq22
                0x100001cc                isr_irq31
                0x100001cc                isr_irq17
                0x100001cc                isr_irq27
                0x100001cc                isr_irq30
                0x100001cc                isr_irq2
                0x100001cc                isr_irq10
                0x100001cc                isr_irq8
                0x100001cc                isr_irq24
                0x100001cc                isr_irq1
                0x100001cc                isr_irq7
                0x100001cc                isr_irq21
                0x100001cc                isr_irq20
                0x100001cc                isr_irq15
                0x100001cc                isr_irq25
                0x100001cc                isr_irq13
                0x100001cc                __unhandled_user_irq
                0x100001cc                isr_irq4
                0x100001cc                isr_irq16
                0x100001cc                isr_irq29
                0x100001cc                isr_irq26
                0x100001cc                __default_isrs_end
                0x100001cc                isr_irq3
                0x100001cc                isr_irq14
                0x100001cc                isr_irq9
                0x100001d2                unhandled_user_irq_num_in_r0
 *(.binary_info_header)
 .binary_info_header
                0x100001d4       0x14 CMakeFiles/w5x00_dhcp_dns.dir/D_/Boards/RP2040/pico-sdk/src/rp2_common/pico_standard_link/crt0.S.obj
                0x100001e8                __binary_info_header_end = .
 *(.reset)
 .reset         0x100001e8       0xa8 CMakeFiles/w5x00_dhcp_dns.dir/D_/Boards/RP2040/pico-sdk/src/rp2_common/pico_standard_link/crt0.S.obj
                0x100001e8                _entry_point
                0x10000266                __get_current_exception
 .reset         0x10000290       0x30 CMakeFiles/w5x00_dhcp_dns.dir/D_/Boards/RP2040/pico-sdk/src/rp2_common/pico_standard_link/binary_info.c.obj
 *(.init)
 .init          0x100002c0        0x4 c:/progra~2/gnuarm~1/102020~1/bin/../lib/gcc/arm-none-eabi/10.2.1/thumb/v6-m/nofp/crti.o
                0x100002c0                _init
 *(EXCLUDE_FILE(*libm.a: *libc.a:*lib_a-mem*.o *libgcc.a:) .text*)
 .text          0x100002c4       0x48 c:/progra~2/gnuarm~1/102020~1/bin/../lib/gcc/arm-none-eabi/10.2.1/thumb/v6-m/nofp/crtbegin.o
 .text.wizchip_dhcp_conflict
                0x1000030c       0x10 CMakeFiles/w5x00_dhcp_dns.dir/w5x00_dhcp_dns.c.obj
 .text.repeating_timer_callback
                0x1000031c       0x30 CMakeFiles/w5x00_dhcp_dns.dir/w5x00_dhcp_dns.c.obj
 .text.wizchip_dhcp_init
                0x1000034c       0x2c CMakeFiles/w5x00_dhcp_dns.dir/w5x00_dhcp_dns.c.obj
 .text.wizchip_dhcp_assign
                0x10000378       0x74 CMakeFiles/w5x00_dhcp_dns.dir/w5x00_dhcp_dns.c.obj
 .text.main     0x100003ec      0x1d4 CMakeFiles/w5x00_dhcp_dns.dir/w5x00_dhcp_dns.c.obj
                0x100003ec                main
 .text.gpio_set_function
                0x100005c0       0x30 CMakeFiles/w5x00_dhcp_dns.dir/D_/Boards/RP2040/pico-sdk/src/rp2_common/hardware_gpio/gpio.c.obj
                0x100005c0                gpio_set_function
 .text.gpio_init
                0x100005f0       0x16 CMakeFiles/w5x00_dhcp_dns.dir/D_/Boards/RP2040/pico-sdk/src/rp2_common/hardware_gpio/gpio.c.obj
                0x100005f0                gpio_init
 *fill*         0x10000606        0x2 
 .text.hw_claim_lock
                0x10000608       0x18 CMakeFiles/w5x00_dhcp_dns.dir/D_/Boards/RP2040/pico-sdk/src/rp2_common/hardware_claim/claim.c.obj
                0x10000608                hw_claim_lock
 .text.hw_claim_unlock
                0x10000620       0x14 CMakeFiles/w5x00_dhcp_dns.dir/D_/Boards/RP2040/pico-sdk/src/rp2_common/hardware_claim/claim.c.obj
                0x10000620                hw_claim_unlock
 .text.hw_claim_or_assert
                0x10000634       0x32 CMakeFiles/w5x00_dhcp_dns.dir/D_/Boards/RP2040/pico-sdk/src/rp2_common/hardware_claim/claim.c.obj
                0x10000634                hw_claim_or_assert
 .text.hw_claim_unused_from_range
                0x10000666       0x50 CMakeFiles/w5x00_dhcp_dns.dir/D_/Boards/RP2040/pico-sdk/src/rp2_common/hardware_claim/claim.c.obj
                0x10000666                hw_claim_unused_from_range
 *fill*         0x100006b6        0x2 
 .text.running_on_fpga
                0x100006b8       0x14 CMakeFiles/w5x00_dhcp_dns.dir/D_/Boards/RP2040/pico-sdk/src/rp2_common/pico_platform/platform.c.obj
                0x100006b8                running_on_fpga
 .text.spin_locks_reset
                0x100006cc       0x20 CMakeFiles/w5x00_dhcp_dns.dir/D_/Boards/RP2040/pico-sdk/src/rp2_common/hardware_sync/sync.c.obj
                0x100006cc                spin_locks_reset
 .text.next_striped_spin_lock_num
                0x100006ec       0x1c CMakeFiles/w5x00_dhcp_dns.dir/D_/Boards/RP2040/pico-sdk/src/rp2_common/hardware_sync/sync.c.obj
                0x100006ec                next_striped_spin_lock_num
 .text.spin_lock_claim_unused
                0x10000708       0x20 CMakeFiles/w5x00_dhcp_dns.dir/D_/Boards/RP2040/pico-sdk/src/rp2_common/hardware_sync/sync.c.obj
                0x10000708                spin_lock_claim_unused
 .text.repeating_timer_callback
                0x10000728       0x40 CMakeFiles/w5x00_dhcp_dns.dir/D_/Boards/RP2040/pico-sdk/src/common/pico_time/time.c.obj
 .text.alarm_pool_post_alloc_init
                0x10000768       0x40 CMakeFiles/w5x00_dhcp_dns.dir/D_/Boards/RP2040/pico-sdk/src/common/pico_time/time.c.obj
 .text.sleep_until_callback
                0x100007a8       0x30 CMakeFiles/w5x00_dhcp_dns.dir/D_/Boards/RP2040/pico-sdk/src/common/pico_time/time.c.obj
 .text.timer_pool_entry_comparator
                0x100007d8       0x7c CMakeFiles/w5x00_dhcp_dns.dir/D_/Boards/RP2040/pico-sdk/src/common/pico_time/time.c.obj
                0x100007d8                timer_pool_entry_comparator
 .text.ph_add_child_node
                0x10000854       0xa4 CMakeFiles/w5x00_dhcp_dns.dir/D_/Boards/RP2040/pico-sdk/src/common/pico_time/time.c.obj
 .text.ph_merge_nodes
                0x100008f8       0x3e CMakeFiles/w5x00_dhcp_dns.dir/D_/Boards/RP2040/pico-sdk/src/common/pico_time/time.c.obj
 *fill*         0x10000936        0x2 
 .text.add_alarm_under_lock
                0x10000938      0x174 CMakeFiles/w5x00_dhcp_dns.dir/D_/Boards/RP2040/pico-sdk/src/common/pico_time/time.c.obj
 .text.alarm_pool_alarm_callback
                0x10000aac      0x328 CMakeFiles/w5x00_dhcp_dns.dir/D_/Boards/RP2040/pico-sdk/src/common/pico_time/time.c.obj
 .text.alarm_pool_init_default
                0x10000dd4       0x38 CMakeFiles/w5x00_dhcp_dns.dir/D_/Boards/RP2040/pico-sdk/src/common/pico_time/time.c.obj
                0x10000dd4                alarm_pool_init_default
 .text.alarm_pool_get_default
                0x10000e0c       0x2c CMakeFiles/w5x00_dhcp_dns.dir/D_/Boards/RP2040/pico-sdk/src/common/pico_time/time.c.obj
                0x10000e0c                alarm_pool_get_default
 .text.alarm_pool_add_alarm_at
                0x10000e38      0x170 CMakeFiles/w5x00_dhcp_dns.dir/D_/Boards/RP2040/pico-sdk/src/common/pico_time/time.c.obj
                0x10000e38                alarm_pool_add_alarm_at
 .text.alarm_pool_cancel_alarm
                0x10000fa8       0xec CMakeFiles/w5x00_dhcp_dns.dir/D_/Boards/RP2040/pico-sdk/src/common/pico_time/time.c.obj
                0x10000fa8                alarm_pool_cancel_alarm
 .text.alarm_pool_add_repeating_timer_us
                0x10001094       0xa0 CMakeFiles/w5x00_dhcp_dns.dir/D_/Boards/RP2040/pico-sdk/src/common/pico_time/time.c.obj
                0x10001094                alarm_pool_add_repeating_timer_us
 .text.sleep_until
                0x10001134       0xfc CMakeFiles/w5x00_dhcp_dns.dir/D_/Boards/RP2040/pico-sdk/src/common/pico_time/time.c.obj
                0x10001134                sleep_until
 .text.sleep_us
                0x10001230       0x58 CMakeFiles/w5x00_dhcp_dns.dir/D_/Boards/RP2040/pico-sdk/src/common/pico_time/time.c.obj
                0x10001230                sleep_us
 .text.sleep_ms
                0x10001288       0x14 CMakeFiles/w5x00_dhcp_dns.dir/D_/Boards/RP2040/pico-sdk/src/common/pico_time/time.c.obj
                0x10001288                sleep_ms
 .text.best_effort_wfe_or_timeout
                0x1000129c       0x80 CMakeFiles/w5x00_dhcp_dns.dir/D_/Boards/RP2040/pico-sdk/src/common/pico_time/time.c.obj
                0x1000129c                best_effort_wfe_or_timeout
 .text.hardware_alarm_irq_handler
                0x1000131c       0x8c CMakeFiles/w5x00_dhcp_dns.dir/D_/Boards/RP2040/pico-sdk/src/rp2_common/hardware_timer/timer.c.obj
 .text.hardware_alarm_claim
                0x100013a8       0x18 CMakeFiles/w5x00_dhcp_dns.dir/D_/Boards/RP2040/pico-sdk/src/rp2_common/hardware_timer/timer.c.obj
                0x100013a8                hardware_alarm_claim
 .text.time_us_64
                0x100013c0       0x18 CMakeFiles/w5x00_dhcp_dns.dir/D_/Boards/RP2040/pico-sdk/src/rp2_common/hardware_timer/timer.c.obj
                0x100013c0                time_us_64
 .text.busy_wait_until
                0x100013d8       0x28 CMakeFiles/w5x00_dhcp_dns.dir/D_/Boards/RP2040/pico-sdk/src/rp2_common/hardware_timer/timer.c.obj
                0x100013d8                busy_wait_until
 .text.hardware_alarm_set_callback
                0x10001400       0x90 CMakeFiles/w5x00_dhcp_dns.dir/D_/Boards/RP2040/pico-sdk/src/rp2_common/hardware_timer/timer.c.obj
                0x10001400                hardware_alarm_set_callback
 .text.hardware_alarm_set_target
                0x10001490       0xe8 CMakeFiles/w5x00_dhcp_dns.dir/D_/Boards/RP2040/pico-sdk/src/rp2_common/hardware_timer/timer.c.obj
                0x10001490                hardware_alarm_set_target
 .text.hardware_alarm_cancel
                0x10001578       0x40 CMakeFiles/w5x00_dhcp_dns.dir/D_/Boards/RP2040/pico-sdk/src/rp2_common/hardware_timer/timer.c.obj
                0x10001578                hardware_alarm_cancel
 .text.lock_init
                0x100015b8       0x10 CMakeFiles/w5x00_dhcp_dns.dir/D_/Boards/RP2040/pico-sdk/src/common/pico_sync/lock_core.c.obj
                0x100015b8                lock_init
 .text.mutex_init_internal
                0x100015c8       0x1e CMakeFiles/w5x00_dhcp_dns.dir/D_/Boards/RP2040/pico-sdk/src/common/pico_sync/mutex.c.obj
 .text.mutex_init
                0x100015e6        0xa CMakeFiles/w5x00_dhcp_dns.dir/D_/Boards/RP2040/pico-sdk/src/common/pico_sync/mutex.c.obj
                0x100015e6                mutex_init
 .text.recursive_mutex_init
                0x100015f0        0xa CMakeFiles/w5x00_dhcp_dns.dir/D_/Boards/RP2040/pico-sdk/src/common/pico_sync/mutex.c.obj
                0x100015f0                recursive_mutex_init
 *fill*         0x100015fa        0x2 
 .text.critical_section_init_with_lock_num
                0x100015fc       0x14 CMakeFiles/w5x00_dhcp_dns.dir/D_/Boards/RP2040/pico-sdk/src/common/pico_sync/critical_section.c.obj
                0x100015fc                critical_section_init_with_lock_num
 .text.critical_section_init
                0x10001610       0x14 CMakeFiles/w5x00_dhcp_dns.dir/D_/Boards/RP2040/pico-sdk/src/common/pico_sync/critical_section.c.obj
                0x10001610                critical_section_init
 .text.ph_add_child_node
                0x10001624       0xa4 CMakeFiles/w5x00_dhcp_dns.dir/D_/Boards/RP2040/pico-sdk/src/common/pico_util/pheap.c.obj
 .text.ph_merge_nodes
                0x100016c8       0x3e CMakeFiles/w5x00_dhcp_dns.dir/D_/Boards/RP2040/pico-sdk/src/common/pico_util/pheap.c.obj
 *fill*         0x10001706        0x2 
 .text.ph_clear
                0x10001708       0x70 CMakeFiles/w5x00_dhcp_dns.dir/D_/Boards/RP2040/pico-sdk/src/common/pico_util/pheap.c.obj
                0x10001708                ph_clear
 .text.ph_post_alloc_init
                0x10001778        0xe CMakeFiles/w5x00_dhcp_dns.dir/D_/Boards/RP2040/pico-sdk/src/common/pico_util/pheap.c.obj
                0x10001778                ph_post_alloc_init
 *fill*         0x10001786        0x2 
 .text.ph_merge_two_pass
                0x10001788       0xa8 CMakeFiles/w5x00_dhcp_dns.dir/D_/Boards/RP2040/pico-sdk/src/common/pico_util/pheap.c.obj
                0x10001788                ph_merge_two_pass
 .text.ph_remove_any_head
                0x10001830      0x108 CMakeFiles/w5x00_dhcp_dns.dir/D_/Boards/RP2040/pico-sdk/src/common/pico_util/pheap.c.obj
 .text.ph_remove_head
                0x10001938       0x14 CMakeFiles/w5x00_dhcp_dns.dir/D_/Boards/RP2040/pico-sdk/src/common/pico_util/pheap.c.obj
                0x10001938                ph_remove_head
 .text.ph_remove_and_free_node
                0x1000194c       0xf8 CMakeFiles/w5x00_dhcp_dns.dir/D_/Boards/RP2040/pico-sdk/src/common/pico_util/pheap.c.obj
                0x1000194c                ph_remove_and_free_node
 .text.runtime_init
                0x10001a44       0xd8 CMakeFiles/w5x00_dhcp_dns.dir/D_/Boards/RP2040/pico-sdk/src/rp2_common/pico_runtime/runtime.c.obj
                0x10001a44                runtime_init
 .text._exit    0x10001b1c        0x4 CMakeFiles/w5x00_dhcp_dns.dir/D_/Boards/RP2040/pico-sdk/src/rp2_common/pico_runtime/runtime.c.obj
                0x10001b1c                _exit
 .text.exit     0x10001b20        0x6 CMakeFiles/w5x00_dhcp_dns.dir/D_/Boards/RP2040/pico-sdk/src/rp2_common/pico_runtime/runtime.c.obj
                0x10001b20                exit
 *fill*         0x10001b26        0x2 
 .text.__assert_func
                0x10001b28       0x3c CMakeFiles/w5x00_dhcp_dns.dir/D_/Boards/RP2040/pico-sdk/src/rp2_common/pico_runtime/runtime.c.obj
                0x10001b28                __assert_func
 .text.panic    0x10001b64       0x30 CMakeFiles/w5x00_dhcp_dns.dir/D_/Boards/RP2040/pico-sdk/src/rp2_common/pico_runtime/runtime.c.obj
                0x10001b64                panic
 .text.clock_configure
                0x10001b94      0x104 CMakeFiles/w5x00_dhcp_dns.dir/D_/Boards/RP2040/pico-sdk/src/rp2_common/hardware_clocks/clocks.c.obj
                0x10001b94                clock_configure
 .text.clocks_init
                0x10001c98      0x100 CMakeFiles/w5x00_dhcp_dns.dir/D_/Boards/RP2040/pico-sdk/src/rp2_common/hardware_clocks/clocks.c.obj
                0x10001c98                clocks_init
 .text.clock_get_hz
                0x10001d98        0xc CMakeFiles/w5x00_dhcp_dns.dir/D_/Boards/RP2040/pico-sdk/src/rp2_common/hardware_clocks/clocks.c.obj
                0x10001d98                clock_get_hz
 .text.set_raw_irq_handler_and_unlock
                0x10001da4       0x28 CMakeFiles/w5x00_dhcp_dns.dir/D_/Boards/RP2040/pico-sdk/src/rp2_common/hardware_irq/irq.c.obj
 .text.make_branch
                0x10001dcc       0x34 CMakeFiles/w5x00_dhcp_dns.dir/D_/Boards/RP2040/pico-sdk/src/rp2_common/hardware_irq/irq.c.obj
 .text.insert_branch_and_link
                0x10001e00       0x40 CMakeFiles/w5x00_dhcp_dns.dir/D_/Boards/RP2040/pico-sdk/src/rp2_common/hardware_irq/irq.c.obj
 .text.irq_is_enabled
                0x10001e40       0x18 CMakeFiles/w5x00_dhcp_dns.dir/D_/Boards/RP2040/pico-sdk/src/rp2_common/hardware_irq/irq.c.obj
                0x10001e40                irq_is_enabled
 .text.irq_set_mask_enabled
                0x10001e58       0x20 CMakeFiles/w5x00_dhcp_dns.dir/D_/Boards/RP2040/pico-sdk/src/rp2_common/hardware_irq/irq.c.obj
                0x10001e58                irq_set_mask_enabled
 .text.irq_set_enabled
                0x10001e78        0xe CMakeFiles/w5x00_dhcp_dns.dir/D_/Boards/RP2040/pico-sdk/src/rp2_common/hardware_irq/irq.c.obj
                0x10001e78                irq_set_enabled
 *fill*         0x10001e86        0x2 
 .text.irq_set_pending
                0x10001e88       0x10 CMakeFiles/w5x00_dhcp_dns.dir/D_/Boards/RP2040/pico-sdk/src/rp2_common/hardware_irq/irq.c.obj
                0x10001e88                irq_set_pending
 .text.irq_get_vtable_handler
                0x10001e98       0x10 CMakeFiles/w5x00_dhcp_dns.dir/D_/Boards/RP2040/pico-sdk/src/rp2_common/hardware_irq/irq.c.obj
                0x10001e98                irq_get_vtable_handler
 .text.irq_set_exclusive_handler
                0x10001ea8       0x54 CMakeFiles/w5x00_dhcp_dns.dir/D_/Boards/RP2040/pico-sdk/src/rp2_common/hardware_irq/irq.c.obj
                0x10001ea8                irq_set_exclusive_handler
 .text.irq_remove_handler
                0x10001efc      0x1ac CMakeFiles/w5x00_dhcp_dns.dir/D_/Boards/RP2040/pico-sdk/src/rp2_common/hardware_irq/irq.c.obj
                0x10001efc                irq_remove_handler
 .text.irq_set_priority
                0x100020a8       0x28 CMakeFiles/w5x00_dhcp_dns.dir/D_/Boards/RP2040/pico-sdk/src/rp2_common/hardware_irq/irq.c.obj
                0x100020a8                irq_set_priority
 .text.irq_add_tail_to_free_list
                0x100020d0       0xf0 CMakeFiles/w5x00_dhcp_dns.dir/D_/Boards/RP2040/pico-sdk/src/rp2_common/hardware_irq/irq.c.obj
                0x100020d0                irq_add_tail_to_free_list
 .text.irq_init_priorities
                0x100021c0       0x16 CMakeFiles/w5x00_dhcp_dns.dir/D_/Boards/RP2040/pico-sdk/src/rp2_common/hardware_irq/irq.c.obj
                0x100021c0                irq_init_priorities
 *fill*         0x100021d6        0x2 
 .text.pll_init
                0x100021d8      0x118 CMakeFiles/w5x00_dhcp_dns.dir/D_/Boards/RP2040/pico-sdk/src/rp2_common/hardware_pll/pll.c.obj
                0x100021d8                pll_init
 .text.watchdog_start_tick
                0x100022f0       0x10 CMakeFiles/w5x00_dhcp_dns.dir/D_/Boards/RP2040/pico-sdk/src/rp2_common/hardware_watchdog/watchdog.c.obj
                0x100022f0                watchdog_start_tick
 .text.watchdog_update
                0x10002300       0x14 CMakeFiles/w5x00_dhcp_dns.dir/D_/Boards/RP2040/pico-sdk/src/rp2_common/hardware_watchdog/watchdog.c.obj
                0x10002300                watchdog_update
 .text._watchdog_enable
                0x10002314       0x70 CMakeFiles/w5x00_dhcp_dns.dir/D_/Boards/RP2040/pico-sdk/src/rp2_common/hardware_watchdog/watchdog.c.obj
                0x10002314                _watchdog_enable
 .text.watchdog_reboot
                0x10002384       0x48 CMakeFiles/w5x00_dhcp_dns.dir/D_/Boards/RP2040/pico-sdk/src/rp2_common/hardware_watchdog/watchdog.c.obj
                0x10002384                watchdog_reboot
 .text.xosc_init
                0x100023cc       0x28 CMakeFiles/w5x00_dhcp_dns.dir/D_/Boards/RP2040/pico-sdk/src/rp2_common/hardware_xosc/xosc.c.obj
                0x100023cc                xosc_init
 .text._out_null
                0x100023f4        0x2 CMakeFiles/w5x00_dhcp_dns.dir/D_/Boards/RP2040/pico-sdk/src/rp2_common/pico_printf/printf.c.obj
 .text._out_fct
                0x100023f6        0xe CMakeFiles/w5x00_dhcp_dns.dir/D_/Boards/RP2040/pico-sdk/src/rp2_common/pico_printf/printf.c.obj
 .text._atoi    0x10002404       0x24 CMakeFiles/w5x00_dhcp_dns.dir/D_/Boards/RP2040/pico-sdk/src/rp2_common/pico_printf/printf.c.obj
 .text._out_rev
                0x10002428       0xae CMakeFiles/w5x00_dhcp_dns.dir/D_/Boards/RP2040/pico-sdk/src/rp2_common/pico_printf/printf.c.obj
 .text._ntoa_format
                0x100024d6      0x112 CMakeFiles/w5x00_dhcp_dns.dir/D_/Boards/RP2040/pico-sdk/src/rp2_common/pico_printf/printf.c.obj
 .text._ntoa_long
                0x100025e8       0xbc CMakeFiles/w5x00_dhcp_dns.dir/D_/Boards/RP2040/pico-sdk/src/rp2_common/pico_printf/printf.c.obj
 .text._ntoa_long_long
                0x100026a4       0xe2 CMakeFiles/w5x00_dhcp_dns.dir/D_/Boards/RP2040/pico-sdk/src/rp2_common/pico_printf/printf.c.obj
 *fill*         0x10002786        0x2 
 .text._etoa    0x10002788      0x414 CMakeFiles/w5x00_dhcp_dns.dir/D_/Boards/RP2040/pico-sdk/src/rp2_common/pico_printf/printf.c.obj
 .text._ftoa    0x10002b9c      0x354 CMakeFiles/w5x00_dhcp_dns.dir/D_/Boards/RP2040/pico-sdk/src/rp2_common/pico_printf/printf.c.obj
 .text._vsnprintf
                0x10002ef0      0x624 CMakeFiles/w5x00_dhcp_dns.dir/D_/Boards/RP2040/pico-sdk/src/rp2_common/pico_printf/printf.c.obj
 .text.vfctprintf
                0x10003514       0x20 CMakeFiles/w5x00_dhcp_dns.dir/D_/Boards/RP2040/pico-sdk/src/rp2_common/pico_printf/printf.c.obj
                0x10003514                vfctprintf
 .text          0x10003534       0x10 CMakeFiles/w5x00_dhcp_dns.dir/D_/Boards/RP2040/pico-sdk/src/rp2_common/pico_bit_ops/bit_ops_aeabi.S.obj
 .text.rom_func_lookup
                0x10003544       0x10 CMakeFiles/w5x00_dhcp_dns.dir/D_/Boards/RP2040/pico-sdk/src/rp2_common/pico_bootrom/bootrom.c.obj
                0x10003544                rom_func_lookup
 .text.rom_data_lookup
                0x10003554       0x10 CMakeFiles/w5x00_dhcp_dns.dir/D_/Boards/RP2040/pico-sdk/src/rp2_common/pico_bootrom/bootrom.c.obj
                0x10003554                rom_data_lookup
 .text.rom_funcs_lookup
                0x10003564       0x36 CMakeFiles/w5x00_dhcp_dns.dir/D_/Boards/RP2040/pico-sdk/src/rp2_common/pico_bootrom/bootrom.c.obj
                0x10003564                rom_funcs_lookup
 *fill*         0x1000359a        0x2 
 .text.__wrap___aeabi_idiv
                0x1000359c       0x50 CMakeFiles/w5x00_dhcp_dns.dir/D_/Boards/RP2040/pico-sdk/src/rp2_common/pico_divider/divider.S.obj
                0x1000359c                __wrap___aeabi_idivmod
                0x1000359c                divmod_s32s32
                0x1000359c                div_s32s32
                0x1000359c                __wrap___aeabi_idiv
                0x100035a4                divmod_s32s32_unsafe
                0x100035d0                divmod_s32s32_savestate
 .text.__wrap___aeabi_uidiv
                0x100035ec       0x4c CMakeFiles/w5x00_dhcp_dns.dir/D_/Boards/RP2040/pico-sdk/src/rp2_common/pico_divider/divider.S.obj
                0x100035ec                __wrap___aeabi_uidiv
                0x100035ec                __wrap___aeabi_uidivmod
                0x100035ec                div_u32u32
                0x100035ec                divmod_u32u32
                0x100035f4                divmod_u32u32_unsafe
                0x1000361c                divmod_u32u32_savestate
 .text.__wrap___aeabi_ldiv
                0x10003638      0x430 CMakeFiles/w5x00_dhcp_dns.dir/D_/Boards/RP2040/pico-sdk/src/rp2_common/pico_divider/divider.S.obj
                0x10003638                div_s64s64
                0x10003638                divmod_s64s64
                0x10003638                __wrap___aeabi_ldivmod
                0x10003670                divmod_u64u64
                0x10003670                div_u64u64
                0x10003670                __wrap___aeabi_uldivmod
                0x10003680                divmod_u64u64_savestate
                0x100036a8                divmod_s64s64_unsafe
                0x10003730                divmod_u64u64_unsafe
 .text.__wrap___aeabi_darithmetic
                0x10003a68       0x80 CMakeFiles/w5x00_dhcp_dns.dir/D_/Boards/RP2040/pico-sdk/src/rp2_common/pico_double/double_aeabi.S.obj
                0x10003a68                __wrap___aeabi_drsub
                0x10003a6e                __wrap___aeabi_dsub
                0x10003a80                __wrap___aeabi_dadd
                0x10003a92                __wrap___aeabi_ddiv
                0x10003ace                __wrap___aeabi_dmul
 .text.__wrap___aeabi_cdcmple
                0x10003ae8       0x6c CMakeFiles/w5x00_dhcp_dns.dir/D_/Boards/RP2040/pico-sdk/src/rp2_common/pico_double/double_aeabi.S.obj
                0x10003ae8                __wrap___aeabi_cdrcmple
                0x10003af8                __wrap___aeabi_cdcmpeq
                0x10003af8                __wrap___aeabi_cdcmple
 .text.__wrap___aeabi_dcmplt
                0x10003b54        0xc CMakeFiles/w5x00_dhcp_dns.dir/D_/Boards/RP2040/pico-sdk/src/rp2_common/pico_double/double_aeabi.S.obj
                0x10003b54                __wrap___aeabi_dcmplt
 .text.__wrap___aeabi_dcmple
                0x10003b60       0x10 CMakeFiles/w5x00_dhcp_dns.dir/D_/Boards/RP2040/pico-sdk/src/rp2_common/pico_double/double_aeabi.S.obj
                0x10003b60                __wrap___aeabi_dcmple
 .text.__wrap___aeabi_dcmpge
                0x10003b70       0x10 CMakeFiles/w5x00_dhcp_dns.dir/D_/Boards/RP2040/pico-sdk/src/rp2_common/pico_double/double_aeabi.S.obj
                0x10003b70                __wrap___aeabi_dcmpge
 .text.__wrap___aeabi_dcmpgt
                0x10003b80        0xa CMakeFiles/w5x00_dhcp_dns.dir/D_/Boards/RP2040/pico-sdk/src/rp2_common/pico_double/double_aeabi.S.obj
                0x10003b80                __wrap___aeabi_dcmpgt
 .text.__wrap___aeabi_dcmpun
                0x10003b8a       0x1c CMakeFiles/w5x00_dhcp_dns.dir/D_/Boards/RP2040/pico-sdk/src/rp2_common/pico_double/double_aeabi.S.obj
                0x10003b8a                __wrap___aeabi_dcmpun
 *fill*         0x10003ba6        0x2 
 .text.__wrap___aeabi_i2d
                0x10003ba8       0x38 CMakeFiles/w5x00_dhcp_dns.dir/D_/Boards/RP2040/pico-sdk/src/rp2_common/pico_double/double_aeabi.S.obj
                0x10003ba8                __wrap___aeabi_ui2d
                0x10003bb0                __wrap___aeabi_i2d
 .text.__wrap___aeabi_d2iz
                0x10003be0       0x48 CMakeFiles/w5x00_dhcp_dns.dir/D_/Boards/RP2040/pico-sdk/src/rp2_common/pico_double/double_aeabi.S.obj
                0x10003be0                double2int_z
                0x10003be0                __wrap___aeabi_d2iz
 .text.__wrap___aeabi_d2uiz
                0x10003c28       0x18 CMakeFiles/w5x00_dhcp_dns.dir/D_/Boards/RP2040/pico-sdk/src/rp2_common/pico_double/double_aeabi.S.obj
                0x10003c28                __wrap___aeabi_d2uiz
                0x10003c28                double2uint
 .text.__aeabi_double_init
                0x10003c40       0xb8 CMakeFiles/w5x00_dhcp_dns.dir/D_/Boards/RP2040/pico-sdk/src/rp2_common/pico_double/double_init_rom.c.obj
                0x10003c40                __aeabi_double_init
 .text.double_table_shim_on_use_helper
                0x10003cf8       0x34 CMakeFiles/w5x00_dhcp_dns.dir/D_/Boards/RP2040/pico-sdk/src/rp2_common/pico_double/double_v1_rom_shim.S.obj
                0x10003cf8                double_table_shim_on_use_helper
 .text.__wrap___aeabi_dsub
                0x10003d2c       0x10 CMakeFiles/w5x00_dhcp_dns.dir/D_/Boards/RP2040/pico-sdk/src/rp2_common/pico_double/double_v1_rom_shim.S.obj
                0x10003d2c                drsub_shim
                0x10003d32                dsub_shim
 .text.dadd_shim
                0x10003d3c      0x15c CMakeFiles/w5x00_dhcp_dns.dir/D_/Boards/RP2040/pico-sdk/src/rp2_common/pico_double/double_v1_rom_shim.S.obj
                0x10003d3c                dadd_shim
 .text.dmul_shim
                0x10003e98      0x15c CMakeFiles/w5x00_dhcp_dns.dir/D_/Boards/RP2040/pico-sdk/src/rp2_common/pico_double/double_v1_rom_shim.S.obj
                0x10003e98                dmul_shim
 .text.ddiv_shim
                0x10003ff4      0x1b0 CMakeFiles/w5x00_dhcp_dns.dir/D_/Boards/RP2040/pico-sdk/src/rp2_common/pico_double/double_v1_rom_shim.S.obj
                0x10003ff4                ddiv_shim
 .text.dcordic_rot_step
                0x100041a4       0x7c CMakeFiles/w5x00_dhcp_dns.dir/D_/Boards/RP2040/pico-sdk/src/rp2_common/pico_double/double_v1_rom_shim.S.obj
                0x100041a4                dcordic_rot_step
 .text.double2uint_shim
                0x10004220        0xe CMakeFiles/w5x00_dhcp_dns.dir/D_/Boards/RP2040/pico-sdk/src/rp2_common/pico_double/double_v1_rom_shim.S.obj
                0x10004220                double2uint_shim
                0x10004222                double2ufix_shim
 *fill*         0x1000422e        0x2 
 .text.double2uint64_shim
                0x10004230       0x6c CMakeFiles/w5x00_dhcp_dns.dir/D_/Boards/RP2040/pico-sdk/src/rp2_common/pico_double/double_v1_rom_shim.S.obj
                0x10004230                double2uint64_shim
                0x10004232                double2ufix64_shim
                0x1000424c                d2fix_a
 .text.dunpacks
                0x1000429c       0x3c CMakeFiles/w5x00_dhcp_dns.dir/D_/Boards/RP2040/pico-sdk/src/rp2_common/pico_double/double_v1_rom_shim.S.obj
                0x1000429c                dunpacks
 .text.__aeabi_lmul
                0x100042d8       0x32 CMakeFiles/w5x00_dhcp_dns.dir/D_/Boards/RP2040/pico-sdk/src/rp2_common/pico_int64_ops/pico_int64_ops_aeabi.S.obj
                0x100042d8                __wrap___aeabi_lmul
 *fill*         0x1000430a        0x2 
 .text.__aeabi_float_init
                0x1000430c       0xfc CMakeFiles/w5x00_dhcp_dns.dir/D_/Boards/RP2040/pico-sdk/src/rp2_common/pico_float/float_init_rom.c.obj
                0x1000430c                __aeabi_float_init
 .text.float_table_shim_on_use_helper
                0x10004408       0x34 CMakeFiles/w5x00_dhcp_dns.dir/D_/Boards/RP2040/pico-sdk/src/rp2_common/pico_float/float_v1_rom_shim.S.obj
                0x10004408                float_table_shim_on_use_helper
 .text          0x1000443c       0x10 CMakeFiles/w5x00_dhcp_dns.dir/D_/Boards/RP2040/pico-sdk/src/rp2_common/pico_mem_ops/mem_ops_aeabi.S.obj
                0x1000443c                __aeabi_mem_init
 .text.memset   0x1000444c        0xc CMakeFiles/w5x00_dhcp_dns.dir/D_/Boards/RP2040/pico-sdk/src/rp2_common/pico_mem_ops/mem_ops_aeabi.S.obj
                0x1000444c                __wrap_memset
 .text.memcpy   0x10004458        0xc CMakeFiles/w5x00_dhcp_dns.dir/D_/Boards/RP2040/pico-sdk/src/rp2_common/pico_mem_ops/mem_ops_aeabi.S.obj
                0x10004458                __wrap_memcpy
                0x10004458                __wrap___aeabi_memcpy
 .text.stdio_out_chars_crlf
                0x10004464       0x80 CMakeFiles/w5x00_dhcp_dns.dir/D_/Boards/RP2040/pico-sdk/src/rp2_common/pico_stdio/stdio.c.obj
 .text.stdio_stack_buffer_flush
                0x100044e4       0x44 CMakeFiles/w5x00_dhcp_dns.dir/D_/Boards/RP2040/pico-sdk/src/rp2_common/pico_stdio/stdio.c.obj
 .text.stdio_buffered_printer
                0x10004528       0x20 CMakeFiles/w5x00_dhcp_dns.dir/D_/Boards/RP2040/pico-sdk/src/rp2_common/pico_stdio/stdio.c.obj
 .text.stdout_serialize_begin
                0x10004548       0x30 CMakeFiles/w5x00_dhcp_dns.dir/D_/Boards/RP2040/pico-sdk/src/rp2_common/pico_stdio/stdio.c.obj
                0x10004548                stdout_serialize_begin
 .text.stdout_serialize_end
                0x10004578       0x10 CMakeFiles/w5x00_dhcp_dns.dir/D_/Boards/RP2040/pico-sdk/src/rp2_common/pico_stdio/stdio.c.obj
                0x10004578                stdout_serialize_end
 .text.stdio_put_string
                0x10004588       0x84 CMakeFiles/w5x00_dhcp_dns.dir/D_/Boards/RP2040/pico-sdk/src/rp2_common/pico_stdio/stdio.c.obj
 .text.stdio_set_driver_enabled
                0x1000460c       0x38 CMakeFiles/w5x00_dhcp_dns.dir/D_/Boards/RP2040/pico-sdk/src/rp2_common/pico_stdio/stdio.c.obj
                0x1000460c                stdio_set_driver_enabled
 .text.stdio_flush
                0x10004644       0x20 CMakeFiles/w5x00_dhcp_dns.dir/D_/Boards/RP2040/pico-sdk/src/rp2_common/pico_stdio/stdio.c.obj
                0x10004644                stdio_flush
 .text.__wrap_puts
                0x10004664       0x1c CMakeFiles/w5x00_dhcp_dns.dir/D_/Boards/RP2040/pico-sdk/src/rp2_common/pico_stdio/stdio.c.obj
                0x10004664                __wrap_puts
 .text.__wrap_vprintf
                0x10004680       0x44 CMakeFiles/w5x00_dhcp_dns.dir/D_/Boards/RP2040/pico-sdk/src/rp2_common/pico_stdio/stdio.c.obj
                0x10004680                __wrap_vprintf
 .text.__wrap_printf
                0x100046c4       0x18 CMakeFiles/w5x00_dhcp_dns.dir/D_/Boards/RP2040/pico-sdk/src/rp2_common/pico_stdio/stdio.c.obj
                0x100046c4                __wrap_printf
 .text.stdio_init_all
                0x100046dc        0x8 CMakeFiles/w5x00_dhcp_dns.dir/D_/Boards/RP2040/pico-sdk/src/rp2_common/pico_stdio/stdio.c.obj
                0x100046dc                stdio_init_all
 .text.resetd_init
                0x100046e4        0x2 CMakeFiles/w5x00_dhcp_dns.dir/D_/Boards/RP2040/pico-sdk/src/rp2_common/pico_stdio_usb/reset_interface.c.obj
 *fill*         0x100046e6        0x2 
 .text.resetd_reset
                0x100046e8        0xc CMakeFiles/w5x00_dhcp_dns.dir/D_/Boards/RP2040/pico-sdk/src/rp2_common/pico_stdio_usb/reset_interface.c.obj
 .text.resetd_open
                0x100046f4       0x34 CMakeFiles/w5x00_dhcp_dns.dir/D_/Boards/RP2040/pico-sdk/src/rp2_common/pico_stdio_usb/reset_interface.c.obj
 .text.resetd_xfer_cb
                0x10004728        0x4 CMakeFiles/w5x00_dhcp_dns.dir/D_/Boards/RP2040/pico-sdk/src/rp2_common/pico_stdio_usb/reset_interface.c.obj
 .text.reset_usb_boot
                0x1000472c       0x18 CMakeFiles/w5x00_dhcp_dns.dir/D_/Boards/RP2040/pico-sdk/src/rp2_common/pico_stdio_usb/reset_interface.c.obj
 .text.resetd_control_xfer_cb
                0x10004744       0x5c CMakeFiles/w5x00_dhcp_dns.dir/D_/Boards/RP2040/pico-sdk/src/rp2_common/pico_stdio_usb/reset_interface.c.obj
 .text.usbd_app_driver_get_cb
                0x100047a0        0xc CMakeFiles/w5x00_dhcp_dns.dir/D_/Boards/RP2040/pico-sdk/src/rp2_common/pico_stdio_usb/reset_interface.c.obj
                0x100047a0                usbd_app_driver_get_cb
 .text.tud_cdc_line_coding_cb
                0x100047ac       0x28 CMakeFiles/w5x00_dhcp_dns.dir/D_/Boards/RP2040/pico-sdk/src/rp2_common/pico_stdio_usb/reset_interface.c.obj
                0x100047ac                tud_cdc_line_coding_cb
 .text.stdio_usb_in_chars
                0x100047d4       0x70 CMakeFiles/w5x00_dhcp_dns.dir/D_/Boards/RP2040/pico-sdk/src/rp2_common/pico_stdio_usb/stdio_usb.c.obj
                0x100047d4                stdio_usb_in_chars
 .text.low_priority_worker_irq
                0x10004844       0x20 CMakeFiles/w5x00_dhcp_dns.dir/D_/Boards/RP2040/pico-sdk/src/rp2_common/pico_stdio_usb/stdio_usb.c.obj
 .text.stdio_usb_out_chars
                0x10004864       0xd4 CMakeFiles/w5x00_dhcp_dns.dir/D_/Boards/RP2040/pico-sdk/src/rp2_common/pico_stdio_usb/stdio_usb.c.obj
 .text.timer_task
                0x10004938       0x10 CMakeFiles/w5x00_dhcp_dns.dir/D_/Boards/RP2040/pico-sdk/src/rp2_common/pico_stdio_usb/stdio_usb.c.obj
 .text.stdio_usb_init
                0x10004948       0xb8 CMakeFiles/w5x00_dhcp_dns.dir/D_/Boards/RP2040/pico-sdk/src/rp2_common/pico_stdio_usb/stdio_usb.c.obj
                0x10004948                stdio_usb_init
 .text.tud_descriptor_device_cb
                0x10004a00        0x8 CMakeFiles/w5x00_dhcp_dns.dir/D_/Boards/RP2040/pico-sdk/src/rp2_common/pico_stdio_usb/stdio_usb_descriptors.c.obj
                0x10004a00                tud_descriptor_device_cb
 .text.tud_descriptor_configuration_cb
                0x10004a08        0x8 CMakeFiles/w5x00_dhcp_dns.dir/D_/Boards/RP2040/pico-sdk/src/rp2_common/pico_stdio_usb/stdio_usb_descriptors.c.obj
                0x10004a08                tud_descriptor_configuration_cb
 .text.tud_descriptor_string_cb
                0x10004a10       0x68 CMakeFiles/w5x00_dhcp_dns.dir/D_/Boards/RP2040/pico-sdk/src/rp2_common/pico_stdio_usb/stdio_usb_descriptors.c.obj
                0x10004a10                tud_descriptor_string_cb
 .text.hw_endpoint_get_by_addr
                0x10004a78       0x18 CMakeFiles/w5x00_dhcp_dns.dir/D_/Boards/RP2040/pico-sdk/lib/tinyusb/src/portable/raspberrypi/rp2040/dcd_rp2040.c.obj
 .text.reset_ep0
                0x10004a90       0x2c CMakeFiles/w5x00_dhcp_dns.dir/D_/Boards/RP2040/pico-sdk/lib/tinyusb/src/portable/raspberrypi/rp2040/dcd_rp2040.c.obj
 .text._hw_endpoint_alloc
                0x10004abc       0x80 CMakeFiles/w5x00_dhcp_dns.dir/D_/Boards/RP2040/pico-sdk/lib/tinyusb/src/portable/raspberrypi/rp2040/dcd_rp2040.c.obj
 .text._hw_endpoint_init
                0x10004b3c       0xbc CMakeFiles/w5x00_dhcp_dns.dir/D_/Boards/RP2040/pico-sdk/lib/tinyusb/src/portable/raspberrypi/rp2040/dcd_rp2040.c.obj
 .text.hw_endpoint_init
                0x10004bf8       0x18 CMakeFiles/w5x00_dhcp_dns.dir/D_/Boards/RP2040/pico-sdk/lib/tinyusb/src/portable/raspberrypi/rp2040/dcd_rp2040.c.obj
 .text.hw_handle_buff_status
                0x10004c10       0xb4 CMakeFiles/w5x00_dhcp_dns.dir/D_/Boards/RP2040/pico-sdk/lib/tinyusb/src/portable/raspberrypi/rp2040/dcd_rp2040.c.obj
 .text.dcd_rp2040_irq
                0x10004cc4       0xa8 CMakeFiles/w5x00_dhcp_dns.dir/D_/Boards/RP2040/pico-sdk/lib/tinyusb/src/portable/raspberrypi/rp2040/dcd_rp2040.c.obj
 .text.hw_endpoint_xfer
                0x10004d6c       0x18 CMakeFiles/w5x00_dhcp_dns.dir/D_/Boards/RP2040/pico-sdk/lib/tinyusb/src/portable/raspberrypi/rp2040/dcd_rp2040.c.obj
 .text.ep0_0len_status
                0x10004d84       0x14 CMakeFiles/w5x00_dhcp_dns.dir/D_/Boards/RP2040/pico-sdk/lib/tinyusb/src/portable/raspberrypi/rp2040/dcd_rp2040.c.obj
 .text._hw_endpoint_stall
                0x10004d98       0x54 CMakeFiles/w5x00_dhcp_dns.dir/D_/Boards/RP2040/pico-sdk/lib/tinyusb/src/portable/raspberrypi/rp2040/dcd_rp2040.c.obj
 .text.hw_endpoint_stall
                0x10004dec        0xc CMakeFiles/w5x00_dhcp_dns.dir/D_/Boards/RP2040/pico-sdk/lib/tinyusb/src/portable/raspberrypi/rp2040/dcd_rp2040.c.obj
 .text._hw_endpoint_clear_stall
                0x10004df8       0x34 CMakeFiles/w5x00_dhcp_dns.dir/D_/Boards/RP2040/pico-sdk/lib/tinyusb/src/portable/raspberrypi/rp2040/dcd_rp2040.c.obj
 .text.hw_endpoint_clear_stall
                0x10004e2c        0xc CMakeFiles/w5x00_dhcp_dns.dir/D_/Boards/RP2040/pico-sdk/lib/tinyusb/src/portable/raspberrypi/rp2040/dcd_rp2040.c.obj
 .text.dcd_int_enable
                0x10004e38       0x2c CMakeFiles/w5x00_dhcp_dns.dir/D_/Boards/RP2040/pico-sdk/lib/tinyusb/src/portable/raspberrypi/rp2040/dcd_rp2040.c.obj
                0x10004e38                dcd_int_enable
 .text.dcd_set_address
                0x10004e64       0x28 CMakeFiles/w5x00_dhcp_dns.dir/D_/Boards/RP2040/pico-sdk/lib/tinyusb/src/portable/raspberrypi/rp2040/dcd_rp2040.c.obj
                0x10004e64                dcd_set_address
 .text.dcd_connect
                0x10004e8c       0x30 CMakeFiles/w5x00_dhcp_dns.dir/D_/Boards/RP2040/pico-sdk/lib/tinyusb/src/portable/raspberrypi/rp2040/dcd_rp2040.c.obj
                0x10004e8c                dcd_connect
 .text.dcd_init
                0x10004ebc       0x84 CMakeFiles/w5x00_dhcp_dns.dir/D_/Boards/RP2040/pico-sdk/lib/tinyusb/src/portable/raspberrypi/rp2040/dcd_rp2040.c.obj
                0x10004ebc                dcd_init
 .text.dcd_edpt0_status_complete
                0x10004f40       0x40 CMakeFiles/w5x00_dhcp_dns.dir/D_/Boards/RP2040/pico-sdk/lib/tinyusb/src/portable/raspberrypi/rp2040/dcd_rp2040.c.obj
                0x10004f40                dcd_edpt0_status_complete
 .text.dcd_edpt_open
                0x10004f80       0x40 CMakeFiles/w5x00_dhcp_dns.dir/D_/Boards/RP2040/pico-sdk/lib/tinyusb/src/portable/raspberrypi/rp2040/dcd_rp2040.c.obj
                0x10004f80                dcd_edpt_open
 .text.dcd_edpt_xfer
                0x10004fc0       0x34 CMakeFiles/w5x00_dhcp_dns.dir/D_/Boards/RP2040/pico-sdk/lib/tinyusb/src/portable/raspberrypi/rp2040/dcd_rp2040.c.obj
                0x10004fc0                dcd_edpt_xfer
 .text.dcd_edpt_stall
                0x10004ff4       0x28 CMakeFiles/w5x00_dhcp_dns.dir/D_/Boards/RP2040/pico-sdk/lib/tinyusb/src/portable/raspberrypi/rp2040/dcd_rp2040.c.obj
                0x10004ff4                dcd_edpt_stall
 .text.dcd_edpt_clear_stall
                0x1000501c       0x2c CMakeFiles/w5x00_dhcp_dns.dir/D_/Boards/RP2040/pico-sdk/lib/tinyusb/src/portable/raspberrypi/rp2040/dcd_rp2040.c.obj
                0x1000501c                dcd_edpt_clear_stall
 .text.rp2040_usb_init
                0x10005048       0x50 CMakeFiles/w5x00_dhcp_dns.dir/D_/Boards/RP2040/pico-sdk/lib/tinyusb/src/portable/raspberrypi/rp2040/rp2040_usb.c.obj
                0x10005048                rp2040_usb_init
 .text.hw_endpoint_reset_transfer
                0x10005098       0x10 CMakeFiles/w5x00_dhcp_dns.dir/D_/Boards/RP2040/pico-sdk/lib/tinyusb/src/portable/raspberrypi/rp2040/rp2040_usb.c.obj
                0x10005098                hw_endpoint_reset_transfer
 .text._hw_endpoint_buffer_control_update32
                0x100050a8       0x58 CMakeFiles/w5x00_dhcp_dns.dir/D_/Boards/RP2040/pico-sdk/lib/tinyusb/src/portable/raspberrypi/rp2040/rp2040_usb.c.obj
                0x100050a8                _hw_endpoint_buffer_control_update32
 .text._hw_endpoint_start_next_buffer
                0x10005100       0x50 CMakeFiles/w5x00_dhcp_dns.dir/D_/Boards/RP2040/pico-sdk/lib/tinyusb/src/portable/raspberrypi/rp2040/rp2040_usb.c.obj
                0x10005100                _hw_endpoint_start_next_buffer
 .text._hw_endpoint_xfer_start
                0x10005150       0x3e CMakeFiles/w5x00_dhcp_dns.dir/D_/Boards/RP2040/pico-sdk/lib/tinyusb/src/portable/raspberrypi/rp2040/rp2040_usb.c.obj
                0x10005150                _hw_endpoint_xfer_start
 *fill*         0x1000518e        0x2 
 .text._hw_endpoint_xfer_sync
                0x10005190       0x74 CMakeFiles/w5x00_dhcp_dns.dir/D_/Boards/RP2040/pico-sdk/lib/tinyusb/src/portable/raspberrypi/rp2040/rp2040_usb.c.obj
                0x10005190                _hw_endpoint_xfer_sync
 .text._hw_endpoint_xfer_continue
                0x10005204       0x60 CMakeFiles/w5x00_dhcp_dns.dir/D_/Boards/RP2040/pico-sdk/lib/tinyusb/src/portable/raspberrypi/rp2040/rp2040_usb.c.obj
                0x10005204                _hw_endpoint_xfer_continue
 .text._hw_endpoint_xfer
                0x10005264       0x34 CMakeFiles/w5x00_dhcp_dns.dir/D_/Boards/RP2040/pico-sdk/lib/tinyusb/src/portable/raspberrypi/rp2040/rp2040_usb.c.obj
                0x10005264                _hw_endpoint_xfer
 .text.mark_interface_endpoint
                0x10005298       0x2a CMakeFiles/w5x00_dhcp_dns.dir/D_/Boards/RP2040/pico-sdk/lib/tinyusb/src/device/usbd.c.obj
 *fill*         0x100052c2        0x2 
 .text.usbd_reset
                0x100052c4       0x88 CMakeFiles/w5x00_dhcp_dns.dir/D_/Boards/RP2040/pico-sdk/lib/tinyusb/src/device/usbd.c.obj
 .text.invoke_class_control
                0x1000534c       0x1a CMakeFiles/w5x00_dhcp_dns.dir/D_/Boards/RP2040/pico-sdk/lib/tinyusb/src/device/usbd.c.obj
 *fill*         0x10005366        0x2 
 .text.process_set_config
                0x10005368      0x1d4 CMakeFiles/w5x00_dhcp_dns.dir/D_/Boards/RP2040/pico-sdk/lib/tinyusb/src/device/usbd.c.obj
 .text.process_get_descriptor
                0x1000553c       0xf8 CMakeFiles/w5x00_dhcp_dns.dir/D_/Boards/RP2040/pico-sdk/lib/tinyusb/src/device/usbd.c.obj
 .text.tud_mounted
                0x10005634       0x10 CMakeFiles/w5x00_dhcp_dns.dir/D_/Boards/RP2040/pico-sdk/lib/tinyusb/src/device/usbd.c.obj
                0x10005634                tud_mounted
 .text.tud_suspended
                0x10005644       0x10 CMakeFiles/w5x00_dhcp_dns.dir/D_/Boards/RP2040/pico-sdk/lib/tinyusb/src/device/usbd.c.obj
                0x10005644                tud_suspended
 .text.tud_inited
                0x10005654        0xc CMakeFiles/w5x00_dhcp_dns.dir/D_/Boards/RP2040/pico-sdk/lib/tinyusb/src/device/usbd.c.obj
                0x10005654                tud_inited
 .text.tud_init
                0x10005660       0xcc CMakeFiles/w5x00_dhcp_dns.dir/D_/Boards/RP2040/pico-sdk/lib/tinyusb/src/device/usbd.c.obj
                0x10005660                tud_init
 .text.dcd_event_handler
                0x1000572c      0x174 CMakeFiles/w5x00_dhcp_dns.dir/D_/Boards/RP2040/pico-sdk/lib/tinyusb/src/device/usbd.c.obj
                0x1000572c                dcd_event_handler
 .text.dcd_event_bus_signal
                0x100058a0       0x26 CMakeFiles/w5x00_dhcp_dns.dir/D_/Boards/RP2040/pico-sdk/lib/tinyusb/src/device/usbd.c.obj
                0x100058a0                dcd_event_bus_signal
 .text.dcd_event_bus_reset
                0x100058c6       0x2a CMakeFiles/w5x00_dhcp_dns.dir/D_/Boards/RP2040/pico-sdk/lib/tinyusb/src/device/usbd.c.obj
                0x100058c6                dcd_event_bus_reset
 .text.dcd_event_setup_received
                0x100058f0       0x34 CMakeFiles/w5x00_dhcp_dns.dir/D_/Boards/RP2040/pico-sdk/lib/tinyusb/src/device/usbd.c.obj
                0x100058f0                dcd_event_setup_received
 .text.dcd_event_xfer_complete
                0x10005924       0x44 CMakeFiles/w5x00_dhcp_dns.dir/D_/Boards/RP2040/pico-sdk/lib/tinyusb/src/device/usbd.c.obj
                0x10005924                dcd_event_xfer_complete
 .text.usbd_edpt_open
                0x10005968       0xe0 CMakeFiles/w5x00_dhcp_dns.dir/D_/Boards/RP2040/pico-sdk/lib/tinyusb/src/device/usbd.c.obj
                0x10005968                usbd_edpt_open
 .text.usbd_open_edpt_pair
                0x10005a48       0x8c CMakeFiles/w5x00_dhcp_dns.dir/D_/Boards/RP2040/pico-sdk/lib/tinyusb/src/device/usbd.c.obj
                0x10005a48                usbd_open_edpt_pair
 .text.usbd_edpt_claim
                0x10005ad4       0x8c CMakeFiles/w5x00_dhcp_dns.dir/D_/Boards/RP2040/pico-sdk/lib/tinyusb/src/device/usbd.c.obj
                0x10005ad4                usbd_edpt_claim
 .text.usbd_edpt_release
                0x10005b60       0x68 CMakeFiles/w5x00_dhcp_dns.dir/D_/Boards/RP2040/pico-sdk/lib/tinyusb/src/device/usbd.c.obj
                0x10005b60                usbd_edpt_release
 .text.usbd_edpt_xfer
                0x10005bc8       0x80 CMakeFiles/w5x00_dhcp_dns.dir/D_/Boards/RP2040/pico-sdk/lib/tinyusb/src/device/usbd.c.obj
                0x10005bc8                usbd_edpt_xfer
 .text.usbd_edpt_stall
                0x10005c48       0x2c CMakeFiles/w5x00_dhcp_dns.dir/D_/Boards/RP2040/pico-sdk/lib/tinyusb/src/device/usbd.c.obj
                0x10005c48                usbd_edpt_stall
 .text.usbd_edpt_clear_stall
                0x10005c74       0x2c CMakeFiles/w5x00_dhcp_dns.dir/D_/Boards/RP2040/pico-sdk/lib/tinyusb/src/device/usbd.c.obj
                0x10005c74                usbd_edpt_clear_stall
 .text.usbd_edpt_stalled
                0x10005ca0       0x1c CMakeFiles/w5x00_dhcp_dns.dir/D_/Boards/RP2040/pico-sdk/lib/tinyusb/src/device/usbd.c.obj
                0x10005ca0                usbd_edpt_stalled
 .text.process_control_request
                0x10005cbc      0x380 CMakeFiles/w5x00_dhcp_dns.dir/D_/Boards/RP2040/pico-sdk/lib/tinyusb/src/device/usbd.c.obj
 .text.tud_task
                0x1000603c      0x204 CMakeFiles/w5x00_dhcp_dns.dir/D_/Boards/RP2040/pico-sdk/lib/tinyusb/src/device/usbd.c.obj
                0x1000603c                tud_task
 .text._data_stage_xact
                0x10006240       0x58 CMakeFiles/w5x00_dhcp_dns.dir/D_/Boards/RP2040/pico-sdk/lib/tinyusb/src/device/usbd_control.c.obj
 .text.tud_control_status
                0x10006298       0x38 CMakeFiles/w5x00_dhcp_dns.dir/D_/Boards/RP2040/pico-sdk/lib/tinyusb/src/device/usbd_control.c.obj
                0x10006298                tud_control_status
 .text.tud_control_xfer
                0x100062d0       0xa8 CMakeFiles/w5x00_dhcp_dns.dir/D_/Boards/RP2040/pico-sdk/lib/tinyusb/src/device/usbd_control.c.obj
                0x100062d0                tud_control_xfer
 .text.usbd_control_reset
                0x10006378       0x14 CMakeFiles/w5x00_dhcp_dns.dir/D_/Boards/RP2040/pico-sdk/lib/tinyusb/src/device/usbd_control.c.obj
                0x10006378                usbd_control_reset
 .text.usbd_control_set_complete_callback
                0x1000638c        0xc CMakeFiles/w5x00_dhcp_dns.dir/D_/Boards/RP2040/pico-sdk/lib/tinyusb/src/device/usbd_control.c.obj
                0x1000638c                usbd_control_set_complete_callback
 .text.usbd_control_set_request
                0x10006398       0x1c CMakeFiles/w5x00_dhcp_dns.dir/D_/Boards/RP2040/pico-sdk/lib/tinyusb/src/device/usbd_control.c.obj
                0x10006398                usbd_control_set_request
 .text.usbd_control_xfer_cb
                0x100063b4       0xfc CMakeFiles/w5x00_dhcp_dns.dir/D_/Boards/RP2040/pico-sdk/lib/tinyusb/src/device/usbd_control.c.obj
                0x100063b4                usbd_control_xfer_cb
 .text._prep_out_transaction
                0x100064b0       0x46 CMakeFiles/w5x00_dhcp_dns.dir/D_/Boards/RP2040/pico-sdk/lib/tinyusb/src/class/cdc/cdc_device.c.obj
 *fill*         0x100064f6        0x2 
 .text.tud_cdc_n_connected
                0x100064f8       0x44 CMakeFiles/w5x00_dhcp_dns.dir/D_/Boards/RP2040/pico-sdk/lib/tinyusb/src/class/cdc/cdc_device.c.obj
                0x100064f8                tud_cdc_n_connected
 .text.tud_cdc_n_available
                0x1000653c       0x18 CMakeFiles/w5x00_dhcp_dns.dir/D_/Boards/RP2040/pico-sdk/lib/tinyusb/src/class/cdc/cdc_device.c.obj
                0x1000653c                tud_cdc_n_available
 .text.tud_cdc_n_read
                0x10006554       0x28 CMakeFiles/w5x00_dhcp_dns.dir/D_/Boards/RP2040/pico-sdk/lib/tinyusb/src/class/cdc/cdc_device.c.obj
                0x10006554                tud_cdc_n_read
 .text.tud_cdc_n_write_flush
                0x1000657c       0xcc CMakeFiles/w5x00_dhcp_dns.dir/D_/Boards/RP2040/pico-sdk/lib/tinyusb/src/class/cdc/cdc_device.c.obj
                0x1000657c                tud_cdc_n_write_flush
 .text.tud_cdc_n_write
                0x10006648       0x38 CMakeFiles/w5x00_dhcp_dns.dir/D_/Boards/RP2040/pico-sdk/lib/tinyusb/src/class/cdc/cdc_device.c.obj
                0x10006648                tud_cdc_n_write
 .text.tud_cdc_n_write_available
                0x10006680       0x1c CMakeFiles/w5x00_dhcp_dns.dir/D_/Boards/RP2040/pico-sdk/lib/tinyusb/src/class/cdc/cdc_device.c.obj
                0x10006680                tud_cdc_n_write_available
 .text.cdcd_init
                0x1000669c       0xbc CMakeFiles/w5x00_dhcp_dns.dir/D_/Boards/RP2040/pico-sdk/lib/tinyusb/src/class/cdc/cdc_device.c.obj
                0x1000669c                cdcd_init
 .text.cdcd_reset
                0x10006758       0x44 CMakeFiles/w5x00_dhcp_dns.dir/D_/Boards/RP2040/pico-sdk/lib/tinyusb/src/class/cdc/cdc_device.c.obj
                0x10006758                cdcd_reset
 .text.cdcd_open
                0x1000679c      0x10c CMakeFiles/w5x00_dhcp_dns.dir/D_/Boards/RP2040/pico-sdk/lib/tinyusb/src/class/cdc/cdc_device.c.obj
                0x1000679c                cdcd_open
 .text.cdcd_control_xfer_cb
                0x100068a8      0x134 CMakeFiles/w5x00_dhcp_dns.dir/D_/Boards/RP2040/pico-sdk/lib/tinyusb/src/class/cdc/cdc_device.c.obj
                0x100068a8                cdcd_control_xfer_cb
 .text.cdcd_xfer_cb
                0x100069dc      0x144 CMakeFiles/w5x00_dhcp_dns.dir/D_/Boards/RP2040/pico-sdk/lib/tinyusb/src/class/cdc/cdc_device.c.obj
                0x100069dc                cdcd_xfer_cb
 .text.tusb_init
                0x10006b20       0x24 CMakeFiles/w5x00_dhcp_dns.dir/D_/Boards/RP2040/pico-sdk/lib/tinyusb/src/tusb.c.obj
                0x10006b20                tusb_init
 .text.tusb_inited
                0x10006b44        0xe CMakeFiles/w5x00_dhcp_dns.dir/D_/Boards/RP2040/pico-sdk/lib/tinyusb/src/tusb.c.obj
                0x10006b44                tusb_inited
 .text.advance_pointer
                0x10006b52       0x1e CMakeFiles/w5x00_dhcp_dns.dir/D_/Boards/RP2040/pico-sdk/lib/tinyusb/src/common/tusb_fifo.c.obj
 .text.backward_pointer
                0x10006b70       0x1a CMakeFiles/w5x00_dhcp_dns.dir/D_/Boards/RP2040/pico-sdk/lib/tinyusb/src/common/tusb_fifo.c.obj
 .text.get_relative_pointer
                0x10006b8a       0x10 CMakeFiles/w5x00_dhcp_dns.dir/D_/Boards/RP2040/pico-sdk/lib/tinyusb/src/common/tusb_fifo.c.obj
 .text._tu_fifo_peek
                0x10006b9a       0x50 CMakeFiles/w5x00_dhcp_dns.dir/D_/Boards/RP2040/pico-sdk/lib/tinyusb/src/common/tusb_fifo.c.obj
 .text._ff_pull_const_addr
                0x10006bea       0x4c CMakeFiles/w5x00_dhcp_dns.dir/D_/Boards/RP2040/pico-sdk/lib/tinyusb/src/common/tusb_fifo.c.obj
 .text._ff_pull_n
                0x10006c36      0x10c CMakeFiles/w5x00_dhcp_dns.dir/D_/Boards/RP2040/pico-sdk/lib/tinyusb/src/common/tusb_fifo.c.obj
 .text._tu_fifo_peek_n
                0x10006d42       0x5e CMakeFiles/w5x00_dhcp_dns.dir/D_/Boards/RP2040/pico-sdk/lib/tinyusb/src/common/tusb_fifo.c.obj
 .text._tu_fifo_read_n
                0x10006da0       0x4e CMakeFiles/w5x00_dhcp_dns.dir/D_/Boards/RP2040/pico-sdk/lib/tinyusb/src/common/tusb_fifo.c.obj
 .text._ff_push_const_addr
                0x10006dee       0x40 CMakeFiles/w5x00_dhcp_dns.dir/D_/Boards/RP2040/pico-sdk/lib/tinyusb/src/common/tusb_fifo.c.obj
 .text._ff_push_n
                0x10006e2e      0x108 CMakeFiles/w5x00_dhcp_dns.dir/D_/Boards/RP2040/pico-sdk/lib/tinyusb/src/common/tusb_fifo.c.obj
 .text._tu_fifo_write_n
                0x10006f36       0x9e CMakeFiles/w5x00_dhcp_dns.dir/D_/Boards/RP2040/pico-sdk/lib/tinyusb/src/common/tusb_fifo.c.obj
 .text.tu_fifo_config
                0x10006fd4       0x72 CMakeFiles/w5x00_dhcp_dns.dir/D_/Boards/RP2040/pico-sdk/lib/tinyusb/src/common/tusb_fifo.c.obj
                0x10006fd4                tu_fifo_config
 .text.tu_fifo_count
                0x10007046       0x26 CMakeFiles/w5x00_dhcp_dns.dir/D_/Boards/RP2040/pico-sdk/lib/tinyusb/src/common/tusb_fifo.c.obj
                0x10007046                tu_fifo_count
 .text.tu_fifo_empty
                0x1000706c       0x10 CMakeFiles/w5x00_dhcp_dns.dir/D_/Boards/RP2040/pico-sdk/lib/tinyusb/src/common/tusb_fifo.c.obj
                0x1000706c                tu_fifo_empty
 .text.tu_fifo_remaining
                0x1000707c       0x20 CMakeFiles/w5x00_dhcp_dns.dir/D_/Boards/RP2040/pico-sdk/lib/tinyusb/src/common/tusb_fifo.c.obj
                0x1000707c                tu_fifo_remaining
 .text.tu_fifo_read
                0x1000709c       0x42 CMakeFiles/w5x00_dhcp_dns.dir/D_/Boards/RP2040/pico-sdk/lib/tinyusb/src/common/tusb_fifo.c.obj
                0x1000709c                tu_fifo_read
 .text.tu_fifo_read_n
                0x100070de        0xa CMakeFiles/w5x00_dhcp_dns.dir/D_/Boards/RP2040/pico-sdk/lib/tinyusb/src/common/tusb_fifo.c.obj
                0x100070de                tu_fifo_read_n
 .text.tu_fifo_write
                0x100070e8       0x6c CMakeFiles/w5x00_dhcp_dns.dir/D_/Boards/RP2040/pico-sdk/lib/tinyusb/src/common/tusb_fifo.c.obj
                0x100070e8                tu_fifo_write
 .text.tu_fifo_write_n
                0x10007154        0xa CMakeFiles/w5x00_dhcp_dns.dir/D_/Boards/RP2040/pico-sdk/lib/tinyusb/src/common/tusb_fifo.c.obj
                0x10007154                tu_fifo_write_n
 .text.tu_fifo_clear
                0x1000715e       0x4c CMakeFiles/w5x00_dhcp_dns.dir/D_/Boards/RP2040/pico-sdk/lib/tinyusb/src/common/tusb_fifo.c.obj
                0x1000715e                tu_fifo_clear
 .text.tu_fifo_set_overwritable
                0x100071aa       0x3c CMakeFiles/w5x00_dhcp_dns.dir/D_/Boards/RP2040/pico-sdk/lib/tinyusb/src/common/tusb_fifo.c.obj
                0x100071aa                tu_fifo_set_overwritable
 *fill*         0x100071e6        0x2 
 .text._retrieve_unique_id_on_boot
                0x100071e8       0x10 CMakeFiles/w5x00_dhcp_dns.dir/D_/Boards/RP2040/pico-sdk/src/rp2_common/pico_unique_id/unique_id.c.obj
 .text.pico_get_unique_board_id_string
                0x100071f8       0x60 CMakeFiles/w5x00_dhcp_dns.dir/D_/Boards/RP2040/pico-sdk/src/rp2_common/pico_unique_id/unique_id.c.obj
                0x100071f8                pico_get_unique_board_id_string
 .text.flash_get_unique_id
                0x10007258       0x46 CMakeFiles/w5x00_dhcp_dns.dir/D_/Boards/RP2040/pico-sdk/src/rp2_common/hardware_flash/flash.c.obj
                0x10007258                flash_get_unique_id
 .text.spi_set_baudrate
                0x1000729e       0x92 CMakeFiles/w5x00_dhcp_dns.dir/D_/Boards/RP2040/pico-sdk/src/rp2_common/hardware_spi/spi.c.obj
                0x1000729e                spi_set_baudrate
 .text.spi_init
                0x10007330       0x68 CMakeFiles/w5x00_dhcp_dns.dir/D_/Boards/RP2040/pico-sdk/src/rp2_common/hardware_spi/spi.c.obj
                0x10007330                spi_init
 .text.close    0x10007398       0x74 CMakeFiles/w5x00_dhcp_dns.dir/__/__/libraries/ioLibrary_Driver/Ethernet/socket.c.obj
                0x10007398                close
 .text.socket   0x1000740c      0x150 CMakeFiles/w5x00_dhcp_dns.dir/__/__/libraries/ioLibrary_Driver/Ethernet/socket.c.obj
                0x1000740c                socket
 .text.sendto   0x1000755c      0x1c8 CMakeFiles/w5x00_dhcp_dns.dir/__/__/libraries/ioLibrary_Driver/Ethernet/socket.c.obj
                0x1000755c                sendto
 .text.recvfrom
                0x10007724      0x274 CMakeFiles/w5x00_dhcp_dns.dir/__/__/libraries/ioLibrary_Driver/Ethernet/socket.c.obj
                0x10007724                recvfrom
 .text.wizchip_cris_enter
                0x10007998        0x2 CMakeFiles/w5x00_dhcp_dns.dir/__/__/libraries/ioLibrary_Driver/Ethernet/wizchip_conf.c.obj
                0x10007998                wizchip_cris_enter
 .text.wizchip_cris_exit
                0x1000799a        0x2 CMakeFiles/w5x00_dhcp_dns.dir/__/__/libraries/ioLibrary_Driver/Ethernet/wizchip_conf.c.obj
                0x1000799a                wizchip_cris_exit
 .text.wizchip_cs_select
                0x1000799c        0x2 CMakeFiles/w5x00_dhcp_dns.dir/__/__/libraries/ioLibrary_Driver/Ethernet/wizchip_conf.c.obj
                0x1000799c                wizchip_cs_select
 .text.wizchip_cs_deselect
                0x1000799e        0x2 CMakeFiles/w5x00_dhcp_dns.dir/__/__/libraries/ioLibrary_Driver/Ethernet/wizchip_conf.c.obj
                0x1000799e                wizchip_cs_deselect
 .text.wizchip_bus_readdata
                0x100079a0        0x6 CMakeFiles/w5x00_dhcp_dns.dir/__/__/libraries/ioLibrary_Driver/Ethernet/wizchip_conf.c.obj
                0x100079a0                wizchip_bus_readdata
 .text.wizchip_bus_writedata
                0x100079a6        0x4 CMakeFiles/w5x00_dhcp_dns.dir/__/__/libraries/ioLibrary_Driver/Ethernet/wizchip_conf.c.obj
                0x100079a6                wizchip_bus_writedata
 .text.wizchip_spi_readbyte
                0x100079aa        0x4 CMakeFiles/w5x00_dhcp_dns.dir/__/__/libraries/ioLibrary_Driver/Ethernet/wizchip_conf.c.obj
                0x100079aa                wizchip_spi_readbyte
 .text.wizchip_spi_writebyte
                0x100079ae        0x2 CMakeFiles/w5x00_dhcp_dns.dir/__/__/libraries/ioLibrary_Driver/Ethernet/wizchip_conf.c.obj
                0x100079ae                wizchip_spi_writebyte
 .text.reg_wizchip_cris_cbfunc
                0x100079b0       0x28 CMakeFiles/w5x00_dhcp_dns.dir/__/__/libraries/ioLibrary_Driver/Ethernet/wizchip_conf.c.obj
                0x100079b0                reg_wizchip_cris_cbfunc
 .text.reg_wizchip_cs_cbfunc
                0x100079d8       0x28 CMakeFiles/w5x00_dhcp_dns.dir/__/__/libraries/ioLibrary_Driver/Ethernet/wizchip_conf.c.obj
                0x100079d8                reg_wizchip_cs_cbfunc
 .text.reg_wizchip_spi_cbfunc
                0x10007a00       0x30 CMakeFiles/w5x00_dhcp_dns.dir/__/__/libraries/ioLibrary_Driver/Ethernet/wizchip_conf.c.obj
                0x10007a00                reg_wizchip_spi_cbfunc
 .text.wizchip_sw_reset
                0x10007a30       0x66 CMakeFiles/w5x00_dhcp_dns.dir/__/__/libraries/ioLibrary_Driver/Ethernet/wizchip_conf.c.obj
                0x10007a30                wizchip_sw_reset
 .text.wizchip_init
                0x10007a96       0xda CMakeFiles/w5x00_dhcp_dns.dir/__/__/libraries/ioLibrary_Driver/Ethernet/wizchip_conf.c.obj
                0x10007a96                wizchip_init
 .text.wizchip_clrinterrupt
                0x10007b70       0x1e CMakeFiles/w5x00_dhcp_dns.dir/__/__/libraries/ioLibrary_Driver/Ethernet/wizchip_conf.c.obj
                0x10007b70                wizchip_clrinterrupt
 .text.wizchip_getinterrupt
                0x10007b8e       0x10 CMakeFiles/w5x00_dhcp_dns.dir/__/__/libraries/ioLibrary_Driver/Ethernet/wizchip_conf.c.obj
                0x10007b8e                wizchip_getinterrupt
 .text.wizchip_setinterruptmask
                0x10007b9e       0x18 CMakeFiles/w5x00_dhcp_dns.dir/__/__/libraries/ioLibrary_Driver/Ethernet/wizchip_conf.c.obj
                0x10007b9e                wizchip_setinterruptmask
 .text.wizchip_getinterruptmask
                0x10007bb6       0x1c CMakeFiles/w5x00_dhcp_dns.dir/__/__/libraries/ioLibrary_Driver/Ethernet/wizchip_conf.c.obj
                0x10007bb6                wizchip_getinterruptmask
 .text.wizphy_getphylink
                0x10007bd2       0x14 CMakeFiles/w5x00_dhcp_dns.dir/__/__/libraries/ioLibrary_Driver/Ethernet/wizchip_conf.c.obj
                0x10007bd2                wizphy_getphylink
 .text.wizphy_getphypmode
                0x10007be6        0x6 CMakeFiles/w5x00_dhcp_dns.dir/__/__/libraries/ioLibrary_Driver/Ethernet/wizchip_conf.c.obj
                0x10007be6                wizphy_getphypmode
 .text.wizphy_reset
                0x10007bec       0x24 CMakeFiles/w5x00_dhcp_dns.dir/__/__/libraries/ioLibrary_Driver/Ethernet/wizchip_conf.c.obj
                0x10007bec                wizphy_reset
 .text.wizphy_setphyconf
                0x10007c10       0x5c CMakeFiles/w5x00_dhcp_dns.dir/__/__/libraries/ioLibrary_Driver/Ethernet/wizchip_conf.c.obj
                0x10007c10                wizphy_setphyconf
 .text.wizphy_getphyconf
                0x10007c6c       0x3a CMakeFiles/w5x00_dhcp_dns.dir/__/__/libraries/ioLibrary_Driver/Ethernet/wizchip_conf.c.obj
                0x10007c6c                wizphy_getphyconf
 *fill*         0x10007ca6        0x2 
 .text.wizphy_setphypmode
                0x10007ca8       0x50 CMakeFiles/w5x00_dhcp_dns.dir/__/__/libraries/ioLibrary_Driver/Ethernet/wizchip_conf.c.obj
                0x10007ca8                wizphy_setphypmode
 .text.ctlwizchip
                0x10007cf8       0xe4 CMakeFiles/w5x00_dhcp_dns.dir/__/__/libraries/ioLibrary_Driver/Ethernet/wizchip_conf.c.obj
                0x10007cf8                ctlwizchip
 .text.wizchip_setnetinfo
                0x10007ddc       0x54 CMakeFiles/w5x00_dhcp_dns.dir/__/__/libraries/ioLibrary_Driver/Ethernet/wizchip_conf.c.obj
                0x10007ddc                wizchip_setnetinfo
 .text.wizchip_getnetinfo
                0x10007e30       0x54 CMakeFiles/w5x00_dhcp_dns.dir/__/__/libraries/ioLibrary_Driver/Ethernet/wizchip_conf.c.obj
                0x10007e30                wizchip_getnetinfo
 .text.wizchip_setnetmode
                0x10007e84       0x26 CMakeFiles/w5x00_dhcp_dns.dir/__/__/libraries/ioLibrary_Driver/Ethernet/wizchip_conf.c.obj
                0x10007e84                wizchip_setnetmode
 .text.wizchip_getnetmode
                0x10007eaa        0xa CMakeFiles/w5x00_dhcp_dns.dir/__/__/libraries/ioLibrary_Driver/Ethernet/wizchip_conf.c.obj
                0x10007eaa                wizchip_getnetmode
 .text.wizchip_settimeout
                0x10007eb4       0x20 CMakeFiles/w5x00_dhcp_dns.dir/__/__/libraries/ioLibrary_Driver/Ethernet/wizchip_conf.c.obj
                0x10007eb4                wizchip_settimeout
 .text.wizchip_gettimeout
                0x10007ed4       0x26 CMakeFiles/w5x00_dhcp_dns.dir/__/__/libraries/ioLibrary_Driver/Ethernet/wizchip_conf.c.obj
                0x10007ed4                wizchip_gettimeout
 *fill*         0x10007efa        0x2 
 .text.ctlnetwork
                0x10007efc       0x54 CMakeFiles/w5x00_dhcp_dns.dir/__/__/libraries/ioLibrary_Driver/Ethernet/wizchip_conf.c.obj
                0x10007efc                ctlnetwork
 .text.WIZCHIP_WRITE
                0x10007f50       0x5c CMakeFiles/w5x00_dhcp_dns.dir/__/__/libraries/ioLibrary_Driver/Ethernet/W5100S/w5100s.c.obj
                0x10007f50                WIZCHIP_WRITE
 .text.WIZCHIP_READ
                0x10007fac       0x60 CMakeFiles/w5x00_dhcp_dns.dir/__/__/libraries/ioLibrary_Driver/Ethernet/W5100S/w5100s.c.obj
                0x10007fac                WIZCHIP_READ
 .text.WIZCHIP_WRITE_BUF
                0x1000800c       0x74 CMakeFiles/w5x00_dhcp_dns.dir/__/__/libraries/ioLibrary_Driver/Ethernet/W5100S/w5100s.c.obj
                0x1000800c                WIZCHIP_WRITE_BUF
 .text.WIZCHIP_READ_BUF
                0x10008080       0x80 CMakeFiles/w5x00_dhcp_dns.dir/__/__/libraries/ioLibrary_Driver/Ethernet/W5100S/w5100s.c.obj
                0x10008080                WIZCHIP_READ_BUF
 .text.getSn_TX_FSR
                0x10008100       0x5e CMakeFiles/w5x00_dhcp_dns.dir/__/__/libraries/ioLibrary_Driver/Ethernet/W5100S/w5100s.c.obj
                0x10008100                getSn_TX_FSR
 .text.getSn_RX_RSR
                0x1000815e       0x5e CMakeFiles/w5x00_dhcp_dns.dir/__/__/libraries/ioLibrary_Driver/Ethernet/W5100S/w5100s.c.obj
                0x1000815e                getSn_RX_RSR
 .text.getSn_RxBASE
                0x100081bc       0x32 CMakeFiles/w5x00_dhcp_dns.dir/__/__/libraries/ioLibrary_Driver/Ethernet/W5100S/w5100s.c.obj
                0x100081bc                getSn_RxBASE
 .text.getSn_TxBASE
                0x100081ee       0x32 CMakeFiles/w5x00_dhcp_dns.dir/__/__/libraries/ioLibrary_Driver/Ethernet/W5100S/w5100s.c.obj
                0x100081ee                getSn_TxBASE
 .text.wiz_send_data
                0x10008220      0x104 CMakeFiles/w5x00_dhcp_dns.dir/__/__/libraries/ioLibrary_Driver/Ethernet/W5100S/w5100s.c.obj
                0x10008220                wiz_send_data
 .text.wiz_recv_data
                0x10008324      0x102 CMakeFiles/w5x00_dhcp_dns.dir/__/__/libraries/ioLibrary_Driver/Ethernet/W5100S/w5100s.c.obj
                0x10008324                wiz_recv_data
 .text.wiz_recv_ignore
                0x10008426       0x44 CMakeFiles/w5x00_dhcp_dns.dir/__/__/libraries/ioLibrary_Driver/Ethernet/W5100S/w5100s.c.obj
                0x10008426                wiz_recv_ignore
 .text.wiz_mdio_write
                0x1000846a       0x30 CMakeFiles/w5x00_dhcp_dns.dir/__/__/libraries/ioLibrary_Driver/Ethernet/W5100S/w5100s.c.obj
                0x1000846a                wiz_mdio_write
 .text.wiz_mdio_read
                0x1000849a       0x32 CMakeFiles/w5x00_dhcp_dns.dir/__/__/libraries/ioLibrary_Driver/Ethernet/W5100S/w5100s.c.obj
                0x1000849a                wiz_mdio_read
 .text.default_ip_assign
                0x100084cc       0x30 CMakeFiles/w5x00_dhcp_dns.dir/__/__/libraries/ioLibrary_Driver/Internet/DHCP/dhcp.c.obj
                0x100084cc                default_ip_assign
 .text.default_ip_update
                0x100084fc       0x24 CMakeFiles/w5x00_dhcp_dns.dir/__/__/libraries/ioLibrary_Driver/Internet/DHCP/dhcp.c.obj
                0x100084fc                default_ip_update
 .text.default_ip_conflict
                0x10008520       0x20 CMakeFiles/w5x00_dhcp_dns.dir/__/__/libraries/ioLibrary_Driver/Internet/DHCP/dhcp.c.obj
                0x10008520                default_ip_conflict
 .text.reg_dhcp_cbfunc
                0x10008540       0x48 CMakeFiles/w5x00_dhcp_dns.dir/__/__/libraries/ioLibrary_Driver/Internet/DHCP/dhcp.c.obj
                0x10008540                reg_dhcp_cbfunc
 .text.makeDHCPMSG
                0x10008588       0xe8 CMakeFiles/w5x00_dhcp_dns.dir/__/__/libraries/ioLibrary_Driver/Internet/DHCP/dhcp.c.obj
                0x10008588                makeDHCPMSG
 .text.send_DHCP_DECLINE
                0x10008670       0xfc CMakeFiles/w5x00_dhcp_dns.dir/__/__/libraries/ioLibrary_Driver/Internet/DHCP/dhcp.c.obj
                0x10008670                send_DHCP_DECLINE
 .text.parseDHCPMSG
                0x1000876c      0x22c CMakeFiles/w5x00_dhcp_dns.dir/__/__/libraries/ioLibrary_Driver/Internet/DHCP/dhcp.c.obj
                0x1000876c                parseDHCPMSG
 .text.DHCP_stop
                0x10008998       0x1c CMakeFiles/w5x00_dhcp_dns.dir/__/__/libraries/ioLibrary_Driver/Internet/DHCP/dhcp.c.obj
                0x10008998                DHCP_stop
 .text.check_DHCP_leasedIP
                0x100089b4       0x64 CMakeFiles/w5x00_dhcp_dns.dir/__/__/libraries/ioLibrary_Driver/Internet/DHCP/dhcp.c.obj
                0x100089b4                check_DHCP_leasedIP
 .text.reset_DHCP_timeout
                0x10008a18       0x20 CMakeFiles/w5x00_dhcp_dns.dir/__/__/libraries/ioLibrary_Driver/Internet/DHCP/dhcp.c.obj
                0x10008a18                reset_DHCP_timeout
 .text.DHCP_init
                0x10008a38       0xb4 CMakeFiles/w5x00_dhcp_dns.dir/__/__/libraries/ioLibrary_Driver/Internet/DHCP/dhcp.c.obj
                0x10008a38                DHCP_init
 .text.DHCP_time_handler
                0x10008aec       0x10 CMakeFiles/w5x00_dhcp_dns.dir/__/__/libraries/ioLibrary_Driver/Internet/DHCP/dhcp.c.obj
                0x10008aec                DHCP_time_handler
 .text.getIPfromDHCP
                0x10008afc       0x18 CMakeFiles/w5x00_dhcp_dns.dir/__/__/libraries/ioLibrary_Driver/Internet/DHCP/dhcp.c.obj
                0x10008afc                getIPfromDHCP
 .text.getGWfromDHCP
                0x10008b14       0x18 CMakeFiles/w5x00_dhcp_dns.dir/__/__/libraries/ioLibrary_Driver/Internet/DHCP/dhcp.c.obj
                0x10008b14                getGWfromDHCP
 .text.getSNfromDHCP
                0x10008b2c       0x18 CMakeFiles/w5x00_dhcp_dns.dir/__/__/libraries/ioLibrary_Driver/Internet/DHCP/dhcp.c.obj
                0x10008b2c                getSNfromDHCP
 .text.getDNSfromDHCP
                0x10008b44       0x18 CMakeFiles/w5x00_dhcp_dns.dir/__/__/libraries/ioLibrary_Driver/Internet/DHCP/dhcp.c.obj
                0x10008b44                getDNSfromDHCP
 .text.getDHCPLeasetime
                0x10008b5c        0xc CMakeFiles/w5x00_dhcp_dns.dir/__/__/libraries/ioLibrary_Driver/Internet/DHCP/dhcp.c.obj
                0x10008b5c                getDHCPLeasetime
 .text.NibbleToHex
                0x10008b68       0x10 CMakeFiles/w5x00_dhcp_dns.dir/__/__/libraries/ioLibrary_Driver/Internet/DHCP/dhcp.c.obj
                0x10008b68                NibbleToHex
 .text.send_DHCP_DISCOVER
                0x10008b78      0x204 CMakeFiles/w5x00_dhcp_dns.dir/__/__/libraries/ioLibrary_Driver/Internet/DHCP/dhcp.c.obj
                0x10008b78                send_DHCP_DISCOVER
 .text.send_DHCP_REQUEST
                0x10008d7c      0x2b0 CMakeFiles/w5x00_dhcp_dns.dir/__/__/libraries/ioLibrary_Driver/Internet/DHCP/dhcp.c.obj
                0x10008d7c                send_DHCP_REQUEST
 .text.check_DHCP_timeout
                0x1000902c       0xa0 CMakeFiles/w5x00_dhcp_dns.dir/__/__/libraries/ioLibrary_Driver/Internet/DHCP/dhcp.c.obj
                0x1000902c                check_DHCP_timeout
 .text.DHCP_run
                0x100090cc      0x1d8 CMakeFiles/w5x00_dhcp_dns.dir/__/__/libraries/ioLibrary_Driver/Internet/DHCP/dhcp.c.obj
                0x100090cc                DHCP_run
 .text.get16    0x100092a4        0xc CMakeFiles/w5x00_dhcp_dns.dir/__/__/libraries/ioLibrary_Driver/Internet/DNS/dns.c.obj
                0x100092a4                get16
 .text.put16    0x100092b0        0xc CMakeFiles/w5x00_dhcp_dns.dir/__/__/libraries/ioLibrary_Driver/Internet/DNS/dns.c.obj
                0x100092b0                put16
 .text.parse_name
                0x100092bc       0xba CMakeFiles/w5x00_dhcp_dns.dir/__/__/libraries/ioLibrary_Driver/Internet/DNS/dns.c.obj
                0x100092bc                parse_name
 .text.dns_question
                0x10009376       0x1e CMakeFiles/w5x00_dhcp_dns.dir/__/__/libraries/ioLibrary_Driver/Internet/DNS/dns.c.obj
                0x10009376                dns_question
 .text.dns_answer
                0x10009394       0xc4 CMakeFiles/w5x00_dhcp_dns.dir/__/__/libraries/ioLibrary_Driver/Internet/DNS/dns.c.obj
                0x10009394                dns_answer
 .text.parseDNSMSG
                0x10009458       0xe6 CMakeFiles/w5x00_dhcp_dns.dir/__/__/libraries/ioLibrary_Driver/Internet/DNS/dns.c.obj
                0x10009458                parseDNSMSG
 *fill*         0x1000953e        0x2 
 .text.dns_makequery
                0x10009540       0xcc CMakeFiles/w5x00_dhcp_dns.dir/__/__/libraries/ioLibrary_Driver/Internet/DNS/dns.c.obj
                0x10009540                dns_makequery
 .text.check_DNS_timeout
                0x1000960c       0x38 CMakeFiles/w5x00_dhcp_dns.dir/__/__/libraries/ioLibrary_Driver/Internet/DNS/dns.c.obj
                0x1000960c                check_DNS_timeout
 .text.DNS_init
                0x10009644       0x20 CMakeFiles/w5x00_dhcp_dns.dir/__/__/libraries/ioLibrary_Driver/Internet/DNS/dns.c.obj
                0x10009644                DNS_init
 .text.DNS_run  0x10009664       0xc4 CMakeFiles/w5x00_dhcp_dns.dir/__/__/libraries/ioLibrary_Driver/Internet/DNS/dns.c.obj
                0x10009664                DNS_run
 .text.DNS_time_handler
                0x10009728       0x10 CMakeFiles/w5x00_dhcp_dns.dir/__/__/libraries/ioLibrary_Driver/Internet/DNS/dns.c.obj
                0x10009728                DNS_time_handler
 .text.wizchip_select
                0x10009738        0xc CMakeFiles/w5x00_dhcp_dns.dir/__/__/port/ioLibrary_Driver/w5x00_spi.c.obj
 .text.wizchip_deselect
                0x10009744        0xc CMakeFiles/w5x00_dhcp_dns.dir/__/__/port/ioLibrary_Driver/w5x00_spi.c.obj
 .text.wizchip_critical_section_unlock
                0x10009750       0x18 CMakeFiles/w5x00_dhcp_dns.dir/__/__/port/ioLibrary_Driver/w5x00_spi.c.obj
 .text.wizchip_critical_section_lock
                0x10009768       0x20 CMakeFiles/w5x00_dhcp_dns.dir/__/__/port/ioLibrary_Driver/w5x00_spi.c.obj
 .text.wizchip_write
                0x10009788       0x1c CMakeFiles/w5x00_dhcp_dns.dir/__/__/port/ioLibrary_Driver/w5x00_spi.c.obj
 .text.wizchip_read
                0x100097a4       0x24 CMakeFiles/w5x00_dhcp_dns.dir/__/__/port/ioLibrary_Driver/w5x00_spi.c.obj
 .text.wizchip_reset
                0x100097c8       0x1e CMakeFiles/w5x00_dhcp_dns.dir/__/__/port/ioLibrary_Driver/w5x00_spi.c.obj
                0x100097c8                wizchip_reset
 *fill*         0x100097e6        0x2 
 .text.wizchip_initialize
                0x100097e8       0x8c CMakeFiles/w5x00_dhcp_dns.dir/__/__/port/ioLibrary_Driver/w5x00_spi.c.obj
                0x100097e8                wizchip_initialize
 .text.wizchip_check
                0x10009874       0x24 CMakeFiles/w5x00_dhcp_dns.dir/__/__/port/ioLibrary_Driver/w5x00_spi.c.obj
                0x10009874                wizchip_check
 .text.network_initialize
                0x10009898       0x1c CMakeFiles/w5x00_dhcp_dns.dir/__/__/port/ioLibrary_Driver/w5x00_spi.c.obj
                0x10009898                network_initialize
 .text.print_network_information
                0x100098b4       0xf0 CMakeFiles/w5x00_dhcp_dns.dir/__/__/port/ioLibrary_Driver/w5x00_spi.c.obj
                0x100098b4                print_network_information
 .text.strchr   0x100099a4       0xc0 c:/progra~2/gnuarm~1/102020~1/bin/../lib/gcc/arm-none-eabi/10.2.1/../../../../arm-none-eabi/lib/thumb/v6-m/nofp\libg.a(lib_a-strchr.o)
                0x100099a4                strchr
 .text.strcpy   0x10009a64       0x10 c:/progra~2/gnuarm~1/102020~1/bin/../lib/gcc/arm-none-eabi/10.2.1/../../../../arm-none-eabi/lib/thumb/v6-m/nofp\libg.a(lib_a-strcpy.o)
                0x10009a64                strcpy
 .text.strlen   0x10009a74       0x5c c:/progra~2/gnuarm~1/102020~1/bin/../lib/gcc/arm-none-eabi/10.2.1/../../../../arm-none-eabi/lib/thumb/v6-m/nofp\libg.a(lib_a-strlen-stub.o)
                0x10009a74                strlen
 .text.strncpy  0x10009ad0       0x6c c:/progra~2/gnuarm~1/102020~1/bin/../lib/gcc/arm-none-eabi/10.2.1/../../../../arm-none-eabi/lib/thumb/v6-m/nofp\libg.a(lib_a-strncpy.o)
                0x10009ad0                strncpy
 *(.fini)
 .fini          0x10009b3c        0x4 c:/progra~2/gnuarm~1/102020~1/bin/../lib/gcc/arm-none-eabi/10.2.1/thumb/v6-m/nofp/crti.o
                0x10009b3c                _fini
 .fini.__stub   0x10009b40       0x90 linker stubs
 *crtbegin.o(.ctors)
 *crtbegin?.o(.ctors)
 *(EXCLUDE_FILE(*crtend.o *crtend?.o) .ctors)
 *(SORT_BY_NAME(.ctors.*))
 *(.ctors)
 *crtbegin.o(.dtors)
 *crtbegin?.o(.dtors)
 *(EXCLUDE_FILE(*crtend.o *crtend?.o) .dtors)
 *(SORT_BY_NAME(.dtors.*))
 *(.dtors)
 *(.eh_frame*)
 .eh_frame      0x10009bd0        0x0 c:/progra~2/gnuarm~1/102020~1/bin/../lib/gcc/arm-none-eabi/10.2.1/thumb/v6-m/nofp/crtbegin.o
                0x10009bd0                . = ALIGN (0x4)

.glue_7         0x10009bd0        0x0
 .glue_7        0x10009bd0        0x0 linker stubs

.glue_7t        0x10009bd0        0x0
 .glue_7t       0x10009bd0        0x0 linker stubs

.vfp11_veneer   0x10009bd0        0x0
 .vfp11_veneer  0x10009bd0        0x0 linker stubs

.v4_bx          0x10009bd0        0x0
 .v4_bx         0x10009bd0        0x0 linker stubs

.iplt           0x10009bd0        0x0
 .iplt          0x10009bd0        0x0 c:/progra~2/gnuarm~1/102020~1/bin/../lib/gcc/arm-none-eabi/10.2.1/thumb/v6-m/nofp/crtbegin.o

.rodata         0x10009bd0     0x1b58
 *(EXCLUDE_FILE(*libm.a: *libc.a:*lib_a-mem*.o *libgcc.a:) .rodata*)
 .rodata.wizchip_dhcp_conflict.str1.4
                0x10009bd0       0x17 CMakeFiles/w5x00_dhcp_dns.dir/w5x00_dhcp_dns.c.obj
 *fill*         0x10009be7        0x1 
 .rodata.wizchip_dhcp_init.str1.4
                0x10009be8       0x15 CMakeFiles/w5x00_dhcp_dns.dir/w5x00_dhcp_dns.c.obj
 *fill*         0x10009bfd        0x3 
 .rodata.wizchip_dhcp_assign.str1.4
                0x10009c00       0x21 CMakeFiles/w5x00_dhcp_dns.dir/w5x00_dhcp_dns.c.obj
 *fill*         0x10009c21        0x3 
 .rodata.main.str1.4
                0x10009c24       0xc4 CMakeFiles/w5x00_dhcp_dns.dir/w5x00_dhcp_dns.c.obj
 .rodata.str1.4
                0x10009ce8       0x12 CMakeFiles/w5x00_dhcp_dns.dir/w5x00_dhcp_dns.c.obj
 *fill*         0x10009cfa        0x2 
 .rodata.__bi_122.0
                0x10009cfc        0x8 CMakeFiles/w5x00_dhcp_dns.dir/w5x00_dhcp_dns.c.obj
 .rodata.__bi_130.1
                0x10009d04        0xc CMakeFiles/w5x00_dhcp_dns.dir/w5x00_dhcp_dns.c.obj
 .rodata.spin_lock_claim_unused.str1.4
                0x10009d10       0x1b CMakeFiles/w5x00_dhcp_dns.dir/D_/Boards/RP2040/pico-sdk/src/rp2_common/hardware_sync/sync.c.obj
 *fill*         0x10009d2b        0x1 
 .rodata.repeating_timer_callback.str1.4
                0x10009d2c       0x4a CMakeFiles/w5x00_dhcp_dns.dir/D_/Boards/RP2040/pico-sdk/src/common/pico_time/time.c.obj
 *fill*         0x10009d76        0x2 
 .rodata.alarm_pool_dump_key.str1.4
                0x10009d78       0x33 CMakeFiles/w5x00_dhcp_dns.dir/D_/Boards/RP2040/pico-sdk/src/common/pico_time/time.c.obj
 *fill*         0x10009dab        0x1 
 .rodata.ph_add_child_node.str1.4
                0x10009dac       0x96 CMakeFiles/w5x00_dhcp_dns.dir/D_/Boards/RP2040/pico-sdk/src/common/pico_time/time.c.obj
 *fill*         0x10009e42        0x2 
 .rodata.add_alarm_under_lock.str1.4
                0x10009e44       0x28 CMakeFiles/w5x00_dhcp_dns.dir/D_/Boards/RP2040/pico-sdk/src/common/pico_time/time.c.obj
                                 0x2b (size before relaxing)
 .rodata.alarm_pool_alarm_callback.str1.4
                0x10009e6c       0xe2 CMakeFiles/w5x00_dhcp_dns.dir/D_/Boards/RP2040/pico-sdk/src/common/pico_time/time.c.obj
 *fill*         0x10009f4e        0x2 
 .rodata.alarm_pool_get_default.str1.4
                0x10009f50       0x21 CMakeFiles/w5x00_dhcp_dns.dir/D_/Boards/RP2040/pico-sdk/src/common/pico_time/time.c.obj
 *fill*         0x10009f71        0x3 
 .rodata.alarm_pool_cancel_alarm.str1.4
                0x10009f74       0x27 CMakeFiles/w5x00_dhcp_dns.dir/D_/Boards/RP2040/pico-sdk/src/common/pico_time/time.c.obj
 *fill*         0x10009f9b        0x1 
 .rodata.sleep_until.str1.4
                0x10009f9c       0x4d CMakeFiles/w5x00_dhcp_dns.dir/D_/Boards/RP2040/pico-sdk/src/common/pico_time/time.c.obj
 *fill*         0x10009fe9        0x3 
 .rodata.__func__.0
                0x10009fec       0x19 CMakeFiles/w5x00_dhcp_dns.dir/D_/Boards/RP2040/pico-sdk/src/common/pico_time/time.c.obj
 *fill*         0x1000a005        0x3 
 .rodata.__func__.1
                0x1000a008       0x18 CMakeFiles/w5x00_dhcp_dns.dir/D_/Boards/RP2040/pico-sdk/src/common/pico_time/time.c.obj
 .rodata.__func__.10
                0x1000a020       0x15 CMakeFiles/w5x00_dhcp_dns.dir/D_/Boards/RP2040/pico-sdk/src/common/pico_time/time.c.obj
 *fill*         0x1000a035        0x3 
 .rodata.__func__.11
                0x1000a038       0x1a CMakeFiles/w5x00_dhcp_dns.dir/D_/Boards/RP2040/pico-sdk/src/common/pico_time/time.c.obj
 *fill*         0x1000a052        0x2 
 .rodata.__func__.12
                0x1000a054        0xa CMakeFiles/w5x00_dhcp_dns.dir/D_/Boards/RP2040/pico-sdk/src/common/pico_time/time.c.obj
 *fill*         0x1000a05e        0x2 
 .rodata.__func__.3
                0x1000a060       0x17 CMakeFiles/w5x00_dhcp_dns.dir/D_/Boards/RP2040/pico-sdk/src/common/pico_time/time.c.obj
 *fill*         0x1000a077        0x1 
 .rodata.__func__.4
                0x1000a078       0x12 CMakeFiles/w5x00_dhcp_dns.dir/D_/Boards/RP2040/pico-sdk/src/common/pico_time/time.c.obj
 *fill*         0x1000a08a        0x2 
 .rodata.__func__.5
                0x1000a08c        0xd CMakeFiles/w5x00_dhcp_dns.dir/D_/Boards/RP2040/pico-sdk/src/common/pico_time/time.c.obj
 *fill*         0x1000a099        0x3 
 .rodata.__func__.6
                0x1000a09c       0x12 CMakeFiles/w5x00_dhcp_dns.dir/D_/Boards/RP2040/pico-sdk/src/common/pico_time/time.c.obj
 *fill*         0x1000a0ae        0x2 
 .rodata.__func__.7
                0x1000a0b0        0xf CMakeFiles/w5x00_dhcp_dns.dir/D_/Boards/RP2040/pico-sdk/src/common/pico_time/time.c.obj
 *fill*         0x1000a0bf        0x1 
 .rodata.__func__.8
                0x1000a0c0        0xc CMakeFiles/w5x00_dhcp_dns.dir/D_/Boards/RP2040/pico-sdk/src/common/pico_time/time.c.obj
 .rodata.__func__.9
                0x1000a0cc       0x15 CMakeFiles/w5x00_dhcp_dns.dir/D_/Boards/RP2040/pico-sdk/src/common/pico_time/time.c.obj
 *fill*         0x1000a0e1        0x3 
 .rodata.hardware_alarm_claim.str1.4
                0x1000a0e4       0x22 CMakeFiles/w5x00_dhcp_dns.dir/D_/Boards/RP2040/pico-sdk/src/rp2_common/hardware_timer/timer.c.obj
 *fill*         0x1000a106        0x2 
 .rodata.hardware_alarm_set_target.str1.4
                0x1000a108       0x64 CMakeFiles/w5x00_dhcp_dns.dir/D_/Boards/RP2040/pico-sdk/src/rp2_common/hardware_timer/timer.c.obj
 .rodata.__func__.0
                0x1000a16c       0x1a CMakeFiles/w5x00_dhcp_dns.dir/D_/Boards/RP2040/pico-sdk/src/rp2_common/hardware_timer/timer.c.obj
 *fill*         0x1000a186        0x2 
 .rodata.str1.4
                0x1000a188       0xb1 CMakeFiles/w5x00_dhcp_dns.dir/D_/Boards/RP2040/pico-sdk/src/common/pico_sync/mutex.c.obj
                                0x111 (size before relaxing)
 *fill*         0x1000a239        0x3 
 .rodata.__func__.0
                0x1000a23c        0xb CMakeFiles/w5x00_dhcp_dns.dir/D_/Boards/RP2040/pico-sdk/src/common/pico_sync/mutex.c.obj
 *fill*         0x1000a247        0x1 
 .rodata.__func__.1
                0x1000a248       0x18 CMakeFiles/w5x00_dhcp_dns.dir/D_/Boards/RP2040/pico-sdk/src/common/pico_sync/mutex.c.obj
 .rodata.__func__.2
                0x1000a260       0x15 CMakeFiles/w5x00_dhcp_dns.dir/D_/Boards/RP2040/pico-sdk/src/common/pico_sync/mutex.c.obj
 *fill*         0x1000a275        0x3 
 .rodata.__func__.3
                0x1000a278       0x15 CMakeFiles/w5x00_dhcp_dns.dir/D_/Boards/RP2040/pico-sdk/src/common/pico_sync/mutex.c.obj
 .rodata.ph_add_child_node.str1.4
                0x1000a28d       0x96 CMakeFiles/w5x00_dhcp_dns.dir/D_/Boards/RP2040/pico-sdk/src/common/pico_util/pheap.c.obj
 *fill*         0x1000a28d        0x3 
 .rodata.ph_remove_any_head.str1.4
                0x1000a290       0x8c CMakeFiles/w5x00_dhcp_dns.dir/D_/Boards/RP2040/pico-sdk/src/common/pico_util/pheap.c.obj
 .rodata.ph_remove_and_free_node.str1.4
                0x1000a31c       0x26 CMakeFiles/w5x00_dhcp_dns.dir/D_/Boards/RP2040/pico-sdk/src/common/pico_util/pheap.c.obj
 *fill*         0x1000a342        0x2 
 .rodata.__func__.0
                0x1000a344       0x18 CMakeFiles/w5x00_dhcp_dns.dir/D_/Boards/RP2040/pico-sdk/src/common/pico_util/pheap.c.obj
 .rodata.__func__.1
                0x1000a35c       0x13 CMakeFiles/w5x00_dhcp_dns.dir/D_/Boards/RP2040/pico-sdk/src/common/pico_util/pheap.c.obj
 *fill*         0x1000a36f        0x1 
 .rodata.__func__.2
                0x1000a370       0x12 CMakeFiles/w5x00_dhcp_dns.dir/D_/Boards/RP2040/pico-sdk/src/common/pico_util/pheap.c.obj
 *fill*         0x1000a382        0x2 
 .rodata.__func__.3
                0x1000a384        0xc CMakeFiles/w5x00_dhcp_dns.dir/D_/Boards/RP2040/pico-sdk/src/common/pico_util/pheap.c.obj
 .rodata.__assert_func.str1.4
                0x1000a390       0x3f CMakeFiles/w5x00_dhcp_dns.dir/D_/Boards/RP2040/pico-sdk/src/rp2_common/pico_runtime/runtime.c.obj
                                 0x43 (size before relaxing)
 *fill*         0x1000a3cf        0x1 
 .rodata.panic.str1.4
                0x1000a3d0       0x10 CMakeFiles/w5x00_dhcp_dns.dir/D_/Boards/RP2040/pico-sdk/src/rp2_common/pico_runtime/runtime.c.obj
                                 0x12 (size before relaxing)
 .rodata.clock_configure.str1.4
                0x1000a3e0       0x56 CMakeFiles/w5x00_dhcp_dns.dir/D_/Boards/RP2040/pico-sdk/src/rp2_common/hardware_clocks/clocks.c.obj
 *fill*         0x1000a436        0x2 
 .rodata.__func__.1
                0x1000a438       0x10 CMakeFiles/w5x00_dhcp_dns.dir/D_/Boards/RP2040/pico-sdk/src/rp2_common/hardware_clocks/clocks.c.obj
 .rodata.make_branch.str1.4
                0x1000a448       0x4c CMakeFiles/w5x00_dhcp_dns.dir/D_/Boards/RP2040/pico-sdk/src/rp2_common/hardware_irq/irq.c.obj
 .rodata.irq_set_exclusive_handler.str1.4
                0x1000a494       0x36 CMakeFiles/w5x00_dhcp_dns.dir/D_/Boards/RP2040/pico-sdk/src/rp2_common/hardware_irq/irq.c.obj
 *fill*         0x1000a4ca        0x2 
 .rodata.irq_add_shared_handler.str1.4
                0x1000a4cc       0xd9 CMakeFiles/w5x00_dhcp_dns.dir/D_/Boards/RP2040/pico-sdk/src/rp2_common/hardware_irq/irq.c.obj
 *fill*         0x1000a5a5        0x3 
 .rodata.irq_remove_handler.str1.4
                0x1000a5a8       0x2a CMakeFiles/w5x00_dhcp_dns.dir/D_/Boards/RP2040/pico-sdk/src/rp2_common/hardware_irq/irq.c.obj
 *fill*         0x1000a5d2        0x2 
 .rodata.irq_add_tail_to_free_list.str1.4
                0x1000a5d4       0x32 CMakeFiles/w5x00_dhcp_dns.dir/D_/Boards/RP2040/pico-sdk/src/rp2_common/hardware_irq/irq.c.obj
                                 0x3a (size before relaxing)
 *fill*         0x1000a606        0x2 
 .rodata.__func__.0
                0x1000a608       0x1a CMakeFiles/w5x00_dhcp_dns.dir/D_/Boards/RP2040/pico-sdk/src/rp2_common/hardware_irq/irq.c.obj
 *fill*         0x1000a622        0x2 
 .rodata.__func__.1
                0x1000a624       0x17 CMakeFiles/w5x00_dhcp_dns.dir/D_/Boards/RP2040/pico-sdk/src/rp2_common/hardware_irq/irq.c.obj
 *fill*         0x1000a63b        0x1 
 .rodata.__func__.2
                0x1000a63c       0x13 CMakeFiles/w5x00_dhcp_dns.dir/D_/Boards/RP2040/pico-sdk/src/rp2_common/hardware_irq/irq.c.obj
 *fill*         0x1000a64f        0x1 
 .rodata.__func__.3
                0x1000a650        0xc CMakeFiles/w5x00_dhcp_dns.dir/D_/Boards/RP2040/pico-sdk/src/rp2_common/hardware_irq/irq.c.obj
 .rodata.__func__.4
                0x1000a65c        0xf CMakeFiles/w5x00_dhcp_dns.dir/D_/Boards/RP2040/pico-sdk/src/rp2_common/hardware_irq/irq.c.obj
 *fill*         0x1000a66b        0x1 
 .rodata.__func__.6
                0x1000a66c       0x1a CMakeFiles/w5x00_dhcp_dns.dir/D_/Boards/RP2040/pico-sdk/src/rp2_common/hardware_irq/irq.c.obj
 *fill*         0x1000a686        0x2 
 .rodata.pll_init.str1.4
                0x1000a688       0xd7 CMakeFiles/w5x00_dhcp_dns.dir/D_/Boards/RP2040/pico-sdk/src/rp2_common/hardware_pll/pll.c.obj
 *fill*         0x1000a75f        0x1 
 .rodata.__func__.0
                0x1000a760        0x9 CMakeFiles/w5x00_dhcp_dns.dir/D_/Boards/RP2040/pico-sdk/src/rp2_common/hardware_pll/pll.c.obj
 *fill*         0x1000a769        0x3 
 .rodata._ftoa.str1.4
                0x1000a76c       0x15 CMakeFiles/w5x00_dhcp_dns.dir/D_/Boards/RP2040/pico-sdk/src/rp2_common/pico_printf/printf.c.obj
 *fill*         0x1000a781        0x3 
 .rodata._vsnprintf
                0x1000a784      0x1e0 CMakeFiles/w5x00_dhcp_dns.dir/D_/Boards/RP2040/pico-sdk/src/rp2_common/pico_printf/printf.c.obj
 *fill*         0x1000a964        0x4 
 .rodata.pow10.0
                0x1000a968       0x50 CMakeFiles/w5x00_dhcp_dns.dir/D_/Boards/RP2040/pico-sdk/src/rp2_common/pico_printf/printf.c.obj
 .rodata.__aeabi_double_init.str1.4
                0x1000a9b8       0xa7 CMakeFiles/w5x00_dhcp_dns.dir/D_/Boards/RP2040/pico-sdk/src/rp2_common/pico_double/double_init_rom.c.obj
 *fill*         0x1000aa5f        0x1 
 .rodata.__func__.0
                0x1000aa60       0x14 CMakeFiles/w5x00_dhcp_dns.dir/D_/Boards/RP2040/pico-sdk/src/rp2_common/pico_double/double_init_rom.c.obj
 .rodata.__aeabi_float_init.str1.4
                0x1000aa74       0x79 CMakeFiles/w5x00_dhcp_dns.dir/D_/Boards/RP2040/pico-sdk/src/rp2_common/pico_float/float_init_rom.c.obj
                                 0x7d (size before relaxing)
 *fill*         0x1000aaed        0x3 
 .rodata.__func__.0
                0x1000aaf0       0x13 CMakeFiles/w5x00_dhcp_dns.dir/D_/Boards/RP2040/pico-sdk/src/rp2_common/pico_float/float_init_rom.c.obj
 *fill*         0x1000ab03        0x1 
 .rodata.str1.4
                0x1000ab04       0x44 CMakeFiles/w5x00_dhcp_dns.dir/D_/Boards/RP2040/pico-sdk/src/rp2_common/pico_standard_link/binary_info.c.obj
 .rodata.__bi_44
                0x1000ab48        0xc CMakeFiles/w5x00_dhcp_dns.dir/D_/Boards/RP2040/pico-sdk/src/rp2_common/pico_standard_link/binary_info.c.obj
 .rodata.__bi_75
                0x1000ab54        0xc CMakeFiles/w5x00_dhcp_dns.dir/D_/Boards/RP2040/pico-sdk/src/rp2_common/pico_standard_link/binary_info.c.obj
 .rodata.__bi_81
                0x1000ab60        0xc CMakeFiles/w5x00_dhcp_dns.dir/D_/Boards/RP2040/pico-sdk/src/rp2_common/pico_standard_link/binary_info.c.obj
 .rodata.crlf_str.3
                0x1000ab6c        0x2 CMakeFiles/w5x00_dhcp_dns.dir/D_/Boards/RP2040/pico-sdk/src/rp2_common/pico_stdio/stdio.c.obj
 *fill*         0x1000ab6e        0x2 
 .rodata._resetd_driver
                0x1000ab70       0x18 CMakeFiles/w5x00_dhcp_dns.dir/D_/Boards/RP2040/pico-sdk/src/rp2_common/pico_stdio_usb/reset_interface.c.obj
 .rodata.stdio_usb_init.str1.4
                0x1000ab88       0x60 CMakeFiles/w5x00_dhcp_dns.dir/D_/Boards/RP2040/pico-sdk/src/rp2_common/pico_stdio_usb/stdio_usb.c.obj
 .rodata.str1.4
                0x1000ab88       0x13 CMakeFiles/w5x00_dhcp_dns.dir/D_/Boards/RP2040/pico-sdk/src/rp2_common/pico_stdio_usb/stdio_usb.c.obj
 *fill*         0x1000ab9b        0x1 
 .rodata.__bi_93.1
                0x1000ab9c        0xc CMakeFiles/w5x00_dhcp_dns.dir/D_/Boards/RP2040/pico-sdk/src/rp2_common/pico_stdio_usb/stdio_usb.c.obj
 .rodata.__func__.0
                0x1000aba8       0x15 CMakeFiles/w5x00_dhcp_dns.dir/D_/Boards/RP2040/pico-sdk/src/rp2_common/pico_stdio_usb/stdio_usb.c.obj
 *fill*         0x1000abbd        0x3 
 .rodata.str1.4
                0x1000abc0       0x2a CMakeFiles/w5x00_dhcp_dns.dir/D_/Boards/RP2040/pico-sdk/src/rp2_common/pico_stdio_usb/stdio_usb_descriptors.c.obj
 *fill*         0x1000abea        0x2 
 .rodata.usbd_desc_cfg
                0x1000abec       0x54 CMakeFiles/w5x00_dhcp_dns.dir/D_/Boards/RP2040/pico-sdk/src/rp2_common/pico_stdio_usb/stdio_usb_descriptors.c.obj
 .rodata.usbd_desc_device
                0x1000ac40       0x12 CMakeFiles/w5x00_dhcp_dns.dir/D_/Boards/RP2040/pico-sdk/src/rp2_common/pico_stdio_usb/stdio_usb_descriptors.c.obj
 *fill*         0x1000ac52        0x2 
 .rodata.usbd_desc_str
                0x1000ac54       0x18 CMakeFiles/w5x00_dhcp_dns.dir/D_/Boards/RP2040/pico-sdk/src/rp2_common/pico_stdio_usb/stdio_usb_descriptors.c.obj
 .rodata._hw_endpoint_alloc.str1.4