Archive member included to satisfy reference by file (symbol)

c:/progra~2/gnuarm~1/102020~1/bin/../lib/gcc/arm-none-eabi/10.2.1/thumb/v6-m/nofp\libgcc.a(_dvmd_tls.o)
                              CMakeFiles/w5x00_mqtt_subscribe.dir/D_/Boards/RP2040/pico-sdk/src/rp2_common/pico_divider/divider.S.obj (__aeabi_idiv0)
c:/progra~2/gnuarm~1/102020~1/bin/../lib/gcc/arm-none-eabi/10.2.1/../../../../arm-none-eabi/lib/thumb/v6-m/nofp\libg.a(lib_a-calloc.o)
                              CMakeFiles/w5x00_mqtt_subscribe.dir/D_/Boards/RP2040/pico-sdk/src/rp2_common/pico_malloc/pico_malloc.c.obj (calloc)
c:/progra~2/gnuarm~1/102020~1/bin/../lib/gcc/arm-none-eabi/10.2.1/../../../../arm-none-eabi/lib/thumb/v6-m/nofp\libg.a(lib_a-callocr.o)
                              c:/progra~2/gnuarm~1/102020~1/bin/../lib/gcc/arm-none-eabi/10.2.1/../../../../arm-none-eabi/lib/thumb/v6-m/nofp\libg.a(lib_a-calloc.o) (_calloc_r)
c:/progra~2/gnuarm~1/102020~1/bin/../lib/gcc/arm-none-eabi/10.2.1/../../../../arm-none-eabi/lib/thumb/v6-m/nofp\libg.a(lib_a-ctype_.o)
                              CMakeFiles/w5x00_mqtt_subscribe.dir/D_/Boards/RP2040/pico-sdk/lib/tinyusb/src/tusb.c.obj (_ctype_)
c:/progra~2/gnuarm~1/102020~1/bin/../lib/gcc/arm-none-eabi/10.2.1/../../../../arm-none-eabi/lib/thumb/v6-m/nofp\libg.a(lib_a-impure.o)
                              c:/progra~2/gnuarm~1/102020~1/bin/../lib/gcc/arm-none-eabi/10.2.1/../../../../arm-none-eabi/lib/thumb/v6-m/nofp\libg.a(lib_a-calloc.o) (_impure_ptr)
c:/progra~2/gnuarm~1/102020~1/bin/../lib/gcc/arm-none-eabi/10.2.1/../../../../arm-none-eabi/lib/thumb/v6-m/nofp\libg.a(lib_a-init.o)
                              c:/progra~2/gnuarm~1/102020~1/bin/../lib/gcc/arm-none-eabi/10.2.1/../../../../arm-none-eabi/lib/thumb/v6-m/nofp/crt0.o (__libc_init_array)
c:/progra~2/gnuarm~1/102020~1/bin/../lib/gcc/arm-none-eabi/10.2.1/../../../../arm-none-eabi/lib/thumb/v6-m/nofp\libg.a(lib_a-malloc.o)
                              CMakeFiles/w5x00_mqtt_subscribe.dir/D_/Boards/RP2040/pico-sdk/src/rp2_common/pico_malloc/pico_malloc.c.obj (malloc)
c:/progra~2/gnuarm~1/102020~1/bin/../lib/gcc/arm-none-eabi/10.2.1/../../../../arm-none-eabi/lib/thumb/v6-m/nofp\libg.a(lib_a-mallocr.o)
                              c:/progra~2/gnuarm~1/102020~1/bin/../lib/gcc/arm-none-eabi/10.2.1/../../../../arm-none-eabi/lib/thumb/v6-m/nofp\libg.a(lib_a-callocr.o) (_malloc_r)
c:/progra~2/gnuarm~1/102020~1/bin/../lib/gcc/arm-none-eabi/10.2.1/../../../../arm-none-eabi/lib/thumb/v6-m/nofp\libg.a(lib_a-memcmp.o)
                              CMakeFiles/w5x00_mqtt_subscribe.dir/__/__/__/libraries/ioLibrary_Driver/Internet/MQTT/MQTTPacket/src/MQTTConnectServer.c.obj (memcmp)
c:/progra~2/gnuarm~1/102020~1/bin/../lib/gcc/arm-none-eabi/10.2.1/../../../../arm-none-eabi/lib/thumb/v6-m/nofp\libg.a(lib_a-mlock.o)
                              c:/progra~2/gnuarm~1/102020~1/bin/../lib/gcc/arm-none-eabi/10.2.1/../../../../arm-none-eabi/lib/thumb/v6-m/nofp\libg.a(lib_a-mallocr.o) (__malloc_lock)
c:/progra~2/gnuarm~1/102020~1/bin/../lib/gcc/arm-none-eabi/10.2.1/../../../../arm-none-eabi/lib/thumb/v6-m/nofp\libg.a(lib_a-sbrkr.o)
                              c:/progra~2/gnuarm~1/102020~1/bin/../lib/gcc/arm-none-eabi/10.2.1/../../../../arm-none-eabi/lib/thumb/v6-m/nofp\libg.a(lib_a-mallocr.o) (_sbrk_r)
c:/progra~2/gnuarm~1/102020~1/bin/../lib/gcc/arm-none-eabi/10.2.1/../../../../arm-none-eabi/lib/thumb/v6-m/nofp\libg.a(lib_a-strlen-stub.o)
                              CMakeFiles/w5x00_mqtt_subscribe.dir/D_/Boards/RP2040/pico-sdk/src/rp2_common/pico_stdio/stdio.c.obj (strlen)
c:/progra~2/gnuarm~1/102020~1/bin/../lib/gcc/arm-none-eabi/10.2.1/../../../../arm-none-eabi/lib/thumb/v6-m/nofp\libg.a(lib_a-strncmp.o)
                              CMakeFiles/w5x00_mqtt_subscribe.dir/__/__/__/libraries/ioLibrary_Driver/Internet/MQTT/MQTTPacket/src/MQTTPacket.c.obj (strncmp)
c:/progra~2/gnuarm~1/102020~1/bin/../lib/gcc/arm-none-eabi/10.2.1/../../../../arm-none-eabi/lib/thumb/v6-m/nofp\libg.a(lib_a-freer.o)
                              c:/progra~2/gnuarm~1/102020~1/bin/../lib/gcc/arm-none-eabi/10.2.1/../../../../arm-none-eabi/lib/thumb/v6-m/nofp\libg.a(lib_a-malloc.o) (_free_r)
c:/progra~2/gnuarm~1/102020~1/bin/../lib/gcc/arm-none-eabi/10.2.1/../../../../arm-none-eabi/lib/thumb/v6-m/nofp\libg.a(lib_a-lock.o)
                              c:/progra~2/gnuarm~1/102020~1/bin/../lib/gcc/arm-none-eabi/10.2.1/../../../../arm-none-eabi/lib/thumb/v6-m/nofp\libg.a(lib_a-mlock.o) (__retarget_lock_acquire_recursive)
c:/progra~2/gnuarm~1/102020~1/bin/../lib/gcc/arm-none-eabi/10.2.1/../../../../arm-none-eabi/lib/thumb/v6-m/nofp\libg.a(lib_a-reent.o)
                              c:/progra~2/gnuarm~1/102020~1/bin/../lib/gcc/arm-none-eabi/10.2.1/../../../../arm-none-eabi/lib/thumb/v6-m/nofp\libg.a(lib_a-sbrkr.o) (errno)

Discarded input sections

 .text          0x00000000        0x0 c:/progra~2/gnuarm~1/102020~1/bin/../lib/gcc/arm-none-eabi/10.2.1/thumb/v6-m/nofp/crti.o
[...]
Memory Configuration

Name             Origin             Length             Attributes
FLASH            0x10000000         0x00200000         xr
RAM              0x20000000         0x00040000         xrw
SCRATCH_X        0x20040000         0x00001000         xrw
SCRATCH_Y        0x20041000         0x00001000         xrw
*default*        0x00000000         0xffffffff

Linker script and memory map

LOAD c:/progra~2/gnuarm~1/102020~1/bin/../lib/gcc/arm-none-eabi/10.2.1/thumb/v6-m/nofp/crti.o
LOAD c:/progra~2/gnuarm~1/102020~1/bin/../lib/gcc/arm-none-eabi/10.2.1/thumb/v6-m/nofp/crtbegin.o
LOAD c:/progra~2/gnuarm~1/102020~1/bin/../lib/gcc/arm-none-eabi/10.2.1/../../../../arm-none-eabi/lib/thumb/v6-m/nofp/crt0.o

.flash_begin    0x10000000        0x0
                0x10000000                __flash_binary_start = .

.boot2          0x10000000      0x100
                0x10000000                __boot2_start__ = .
 *(.boot2)
 .boot2         0x10000000      0x100 C:\Users\David\AppData\Local\Temp\ccKJPTCp.o
                0x10000100                __boot2_end__ = .
                0x00000001                ASSERT (((__boot2_end__ - __boot2_start__) == 0x100), ERROR: Pico second stage bootloader must be 256 bytes in size)

.text           0x10000100     0x92b0
                0x10000100                __logical_binary_start = .
 *(.vectors)
 .vectors       0x10000100       0xd4 CMakeFiles/w5x00_mqtt_subscribe.dir/D_/Boards/RP2040/pico-sdk/src/rp2_common/pico_standard_link/crt0.S.obj
                0x10000100                __VECTOR_TABLE
                0x10000100                __vectors
                0x100001c0                isr_invalid
                0x100001c0                __default_isrs_start
                0x100001c2                isr_nmi
                0x100001c4                isr_hardfault
                0x100001c6                isr_svcall
                0x100001c8                isr_pendsv
                0x100001ca                isr_systick
                0x100001cc                isr_irq23
                0x100001cc                isr_irq18
                0x100001cc                isr_irq11
                0x100001cc                isr_irq28
                0x100001cc                isr_irq19
                0x100001cc                isr_irq0
                0x100001cc                isr_irq6
                0x100001cc                isr_irq5
                0x100001cc                isr_irq12
                0x100001cc                isr_irq22
                0x100001cc                isr_irq31
                0x100001cc                isr_irq17
                0x100001cc                isr_irq27
                0x100001cc                isr_irq30
                0x100001cc                isr_irq2
                0x100001cc                isr_irq10
                0x100001cc                isr_irq8
                0x100001cc                isr_irq24
                0x100001cc                isr_irq1
                0x100001cc                isr_irq7
                0x100001cc                isr_irq21
                0x100001cc                isr_irq20
                0x100001cc                isr_irq15
                0x100001cc                isr_irq25
                0x100001cc                isr_irq13
                0x100001cc                __unhandled_user_irq
                0x100001cc                isr_irq4
                0x100001cc                isr_irq16
                0x100001cc                isr_irq29
                0x100001cc                isr_irq26
                0x100001cc                __default_isrs_end
                0x100001cc                isr_irq3
                0x100001cc                isr_irq14
                0x100001cc                isr_irq9
                0x100001d2                unhandled_user_irq_num_in_r0
 *(.binary_info_header)
 .binary_info_header
                0x100001d4       0x14 CMakeFiles/w5x00_mqtt_subscribe.dir/D_/Boards/RP2040/pico-sdk/src/rp2_common/pico_standard_link/crt0.S.obj
                0x100001e8                __binary_info_header_end = .
 *(.reset)
 .reset         0x100001e8       0xa8 CMakeFiles/w5x00_mqtt_subscribe.dir/D_/Boards/RP2040/pico-sdk/src/rp2_common/pico_standard_link/crt0.S.obj
                0x100001e8                _entry_point
                0x10000266                __get_current_exception
 .reset         0x10000290       0x30 CMakeFiles/w5x00_mqtt_subscribe.dir/D_/Boards/RP2040/pico-sdk/src/rp2_common/pico_standard_link/binary_info.c.obj
 *(.init)
 .init          0x100002c0        0x4 c:/progra~2/gnuarm~1/102020~1/bin/../lib/gcc/arm-none-eabi/10.2.1/thumb/v6-m/nofp/crti.o
                0x100002c0                _init
 *(EXCLUDE_FILE(*libm.a: *libc.a:*lib_a-mem*.o *libgcc.a:) .text*)
 .text          0x100002c4       0x48 c:/progra~2/gnuarm~1/102020~1/bin/../lib/gcc/arm-none-eabi/10.2.1/thumb/v6-m/nofp/crtbegin.o
 .text.message_arrived
                0x1000030c       0x14 CMakeFiles/w5x00_mqtt_subscribe.dir/w5x00_mqtt_subscribe.c.obj
 .text.main     0x10000320      0x184 CMakeFiles/w5x00_mqtt_subscribe.dir/w5x00_mqtt_subscribe.c.obj
                0x10000320                main
 .text.gpio_set_function
                0x100004a4       0x30 CMakeFiles/w5x00_mqtt_subscribe.dir/D_/Boards/RP2040/pico-sdk/src/rp2_common/hardware_gpio/gpio.c.obj
                0x100004a4                gpio_set_function
 .text.gpio_init
                0x100004d4       0x16 CMakeFiles/w5x00_mqtt_subscribe.dir/D_/Boards/RP2040/pico-sdk/src/rp2_common/hardware_gpio/gpio.c.obj
                0x100004d4                gpio_init
 *fill*         0x100004ea        0x2 
 .text.hw_claim_lock
                0x100004ec       0x18 CMakeFiles/w5x00_mqtt_subscribe.dir/D_/Boards/RP2040/pico-sdk/src/rp2_common/hardware_claim/claim.c.obj
                0x100004ec                hw_claim_lock
 .text.hw_claim_unlock
                0x10000504       0x14 CMakeFiles/w5x00_mqtt_subscribe.dir/D_/Boards/RP2040/pico-sdk/src/rp2_common/hardware_claim/claim.c.obj
                0x10000504                hw_claim_unlock
 .text.hw_claim_or_assert
                0x10000518       0x32 CMakeFiles/w5x00_mqtt_subscribe.dir/D_/Boards/RP2040/pico-sdk/src/rp2_common/hardware_claim/claim.c.obj
                0x10000518                hw_claim_or_assert
 .text.hw_claim_unused_from_range
                0x1000054a       0x50 CMakeFiles/w5x00_mqtt_subscribe.dir/D_/Boards/RP2040/pico-sdk/src/rp2_common/hardware_claim/claim.c.obj
                0x1000054a                hw_claim_unused_from_range
 *fill*         0x1000059a        0x2 
 .text.running_on_fpga
                0x1000059c       0x14 CMakeFiles/w5x00_mqtt_subscribe.dir/D_/Boards/RP2040/pico-sdk/src/rp2_common/pico_platform/platform.c.obj
                0x1000059c                running_on_fpga
 .text.spin_locks_reset
                0x100005b0       0x20 CMakeFiles/w5x00_mqtt_subscribe.dir/D_/Boards/RP2040/pico-sdk/src/rp2_common/hardware_sync/sync.c.obj
                0x100005b0                spin_locks_reset
 .text.next_striped_spin_lock_num
                0x100005d0       0x1c CMakeFiles/w5x00_mqtt_subscribe.dir/D_/Boards/RP2040/pico-sdk/src/rp2_common/hardware_sync/sync.c.obj
                0x100005d0                next_striped_spin_lock_num
 .text.spin_lock_claim_unused
                0x100005ec       0x20 CMakeFiles/w5x00_mqtt_subscribe.dir/D_/Boards/RP2040/pico-sdk/src/rp2_common/hardware_sync/sync.c.obj
                0x100005ec                spin_lock_claim_unused
 .text.alarm_pool_post_alloc_init
                0x1000060c       0x40 CMakeFiles/w5x00_mqtt_subscribe.dir/D_/Boards/RP2040/pico-sdk/src/common/pico_time/time.c.obj
 .text.sleep_until_callback
                0x1000064c       0x30 CMakeFiles/w5x00_mqtt_subscribe.dir/D_/Boards/RP2040/pico-sdk/src/common/pico_time/time.c.obj
 .text.timer_pool_entry_comparator
                0x1000067c       0x7c CMakeFiles/w5x00_mqtt_subscribe.dir/D_/Boards/RP2040/pico-sdk/src/common/pico_time/time.c.obj
                0x1000067c                timer_pool_entry_comparator
 .text.ph_add_child_node
                0x100006f8       0xa4 CMakeFiles/w5x00_mqtt_subscribe.dir/D_/Boards/RP2040/pico-sdk/src/common/pico_time/time.c.obj
 .text.ph_merge_nodes
                0x1000079c       0x3e CMakeFiles/w5x00_mqtt_subscribe.dir/D_/Boards/RP2040/pico-sdk/src/common/pico_time/time.c.obj
 *fill*         0x100007da        0x2 
 .text.add_alarm_under_lock
                0x100007dc      0x174 CMakeFiles/w5x00_mqtt_subscribe.dir/D_/Boards/RP2040/pico-sdk/src/common/pico_time/time.c.obj
 .text.alarm_pool_alarm_callback
                0x10000950      0x328 CMakeFiles/w5x00_mqtt_subscribe.dir/D_/Boards/RP2040/pico-sdk/src/common/pico_time/time.c.obj
 .text.alarm_pool_init_default
                0x10000c78       0x38 CMakeFiles/w5x00_mqtt_subscribe.dir/D_/Boards/RP2040/pico-sdk/src/common/pico_time/time.c.obj
                0x10000c78                alarm_pool_init_default
 .text.alarm_pool_get_default
                0x10000cb0       0x2c CMakeFiles/w5x00_mqtt_subscribe.dir/D_/Boards/RP2040/pico-sdk/src/common/pico_time/time.c.obj
                0x10000cb0                alarm_pool_get_default
 .text.alarm_pool_add_alarm_at
                0x10000cdc      0x170 CMakeFiles/w5x00_mqtt_subscribe.dir/D_/Boards/RP2040/pico-sdk/src/common/pico_time/time.c.obj
                0x10000cdc                alarm_pool_add_alarm_at
 .text.alarm_pool_cancel_alarm
                0x10000e4c       0xec CMakeFiles/w5x00_mqtt_subscribe.dir/D_/Boards/RP2040/pico-sdk/src/common/pico_time/time.c.obj
                0x10000e4c                alarm_pool_cancel_alarm
 .text.sleep_until
                0x10000f38       0xfc CMakeFiles/w5x00_mqtt_subscribe.dir/D_/Boards/RP2040/pico-sdk/src/common/pico_time/time.c.obj
                0x10000f38                sleep_until
 .text.sleep_us
                0x10001034       0x58 CMakeFiles/w5x00_mqtt_subscribe.dir/D_/Boards/RP2040/pico-sdk/src/common/pico_time/time.c.obj
                0x10001034                sleep_us
 .text.sleep_ms
                0x1000108c       0x14 CMakeFiles/w5x00_mqtt_subscribe.dir/D_/Boards/RP2040/pico-sdk/src/common/pico_time/time.c.obj
                0x1000108c                sleep_ms
 .text.best_effort_wfe_or_timeout
                0x100010a0       0x80 CMakeFiles/w5x00_mqtt_subscribe.dir/D_/Boards/RP2040/pico-sdk/src/common/pico_time/time.c.obj
                0x100010a0                best_effort_wfe_or_timeout
 .text.hardware_alarm_irq_handler
                0x10001120       0x8c CMakeFiles/w5x00_mqtt_subscribe.dir/D_/Boards/RP2040/pico-sdk/src/rp2_common/hardware_timer/timer.c.obj
 .text.hardware_alarm_claim
                0x100011ac       0x18 CMakeFiles/w5x00_mqtt_subscribe.dir/D_/Boards/RP2040/pico-sdk/src/rp2_common/hardware_timer/timer.c.obj
                0x100011ac                hardware_alarm_claim
 .text.time_us_64
                0x100011c4       0x18 CMakeFiles/w5x00_mqtt_subscribe.dir/D_/Boards/RP2040/pico-sdk/src/rp2_common/hardware_timer/timer.c.obj
                0x100011c4                time_us_64
 .text.busy_wait_until
                0x100011dc       0x28 CMakeFiles/w5x00_mqtt_subscribe.dir/D_/Boards/RP2040/pico-sdk/src/rp2_common/hardware_timer/timer.c.obj
                0x100011dc                busy_wait_until
 .text.hardware_alarm_set_callback
                0x10001204       0x90 CMakeFiles/w5x00_mqtt_subscribe.dir/D_/Boards/RP2040/pico-sdk/src/rp2_common/hardware_timer/timer.c.obj
                0x10001204                hardware_alarm_set_callback
 .text.hardware_alarm_set_target
                0x10001294       0xe8 CMakeFiles/w5x00_mqtt_subscribe.dir/D_/Boards/RP2040/pico-sdk/src/rp2_common/hardware_timer/timer.c.obj
                0x10001294                hardware_alarm_set_target
 .text.hardware_alarm_cancel
                0x1000137c       0x40 CMakeFiles/w5x00_mqtt_subscribe.dir/D_/Boards/RP2040/pico-sdk/src/rp2_common/hardware_timer/timer.c.obj
                0x1000137c                hardware_alarm_cancel
 .text.lock_init
                0x100013bc       0x10 CMakeFiles/w5x00_mqtt_subscribe.dir/D_/Boards/RP2040/pico-sdk/src/common/pico_sync/lock_core.c.obj
                0x100013bc                lock_init
 .text.mutex_init_internal
                0x100013cc       0x1e CMakeFiles/w5x00_mqtt_subscribe.dir/D_/Boards/RP2040/pico-sdk/src/common/pico_sync/mutex.c.obj
 .text.mutex_init
                0x100013ea        0xa CMakeFiles/w5x00_mqtt_subscribe.dir/D_/Boards/RP2040/pico-sdk/src/common/pico_sync/mutex.c.obj
                0x100013ea                mutex_init
 .text.recursive_mutex_init
                0x100013f4        0xa CMakeFiles/w5x00_mqtt_subscribe.dir/D_/Boards/RP2040/pico-sdk/src/common/pico_sync/mutex.c.obj
                0x100013f4                recursive_mutex_init
 *fill*         0x100013fe        0x2 
 .text.critical_section_init_with_lock_num
                0x10001400       0x14 CMakeFiles/w5x00_mqtt_subscribe.dir/D_/Boards/RP2040/pico-sdk/src/common/pico_sync/critical_section.c.obj
                0x10001400                critical_section_init_with_lock_num
 .text.critical_section_init
                0x10001414       0x14 CMakeFiles/w5x00_mqtt_subscribe.dir/D_/Boards/RP2040/pico-sdk/src/common/pico_sync/critical_section.c.obj
                0x10001414                critical_section_init
 .text.ph_add_child_node
                0x10001428       0xa4 CMakeFiles/w5x00_mqtt_subscribe.dir/D_/Boards/RP2040/pico-sdk/src/common/pico_util/pheap.c.obj
 .text.ph_merge_nodes
                0x100014cc       0x3e CMakeFiles/w5x00_mqtt_subscribe.dir/D_/Boards/RP2040/pico-sdk/src/common/pico_util/pheap.c.obj
 *fill*         0x1000150a        0x2 
 .text.ph_clear
                0x1000150c       0x70 CMakeFiles/w5x00_mqtt_subscribe.dir/D_/Boards/RP2040/pico-sdk/src/common/pico_util/pheap.c.obj
                0x1000150c                ph_clear
 .text.ph_post_alloc_init
                0x1000157c        0xe CMakeFiles/w5x00_mqtt_subscribe.dir/D_/Boards/RP2040/pico-sdk/src/common/pico_util/pheap.c.obj
                0x1000157c                ph_post_alloc_init
 *fill*         0x1000158a        0x2 
 .text.ph_merge_two_pass
                0x1000158c       0xa8 CMakeFiles/w5x00_mqtt_subscribe.dir/D_/Boards/RP2040/pico-sdk/src/common/pico_util/pheap.c.obj
                0x1000158c                ph_merge_two_pass
 .text.ph_remove_any_head
                0x10001634      0x108 CMakeFiles/w5x00_mqtt_subscribe.dir/D_/Boards/RP2040/pico-sdk/src/common/pico_util/pheap.c.obj
 .text.ph_remove_head
                0x1000173c       0x14 CMakeFiles/w5x00_mqtt_subscribe.dir/D_/Boards/RP2040/pico-sdk/src/common/pico_util/pheap.c.obj
                0x1000173c                ph_remove_head
 .text.ph_remove_and_free_node
                0x10001750       0xf8 CMakeFiles/w5x00_mqtt_subscribe.dir/D_/Boards/RP2040/pico-sdk/src/common/pico_util/pheap.c.obj
                0x10001750                ph_remove_and_free_node
 .text.runtime_init
                0x10001848       0xd8 CMakeFiles/w5x00_mqtt_subscribe.dir/D_/Boards/RP2040/pico-sdk/src/rp2_common/pico_runtime/runtime.c.obj
                0x10001848                runtime_init
 .text._exit    0x10001920        0x4 CMakeFiles/w5x00_mqtt_subscribe.dir/D_/Boards/RP2040/pico-sdk/src/rp2_common/pico_runtime/runtime.c.obj
                0x10001920                _exit
 .text.exit     0x10001924        0x6 CMakeFiles/w5x00_mqtt_subscribe.dir/D_/Boards/RP2040/pico-sdk/src/rp2_common/pico_runtime/runtime.c.obj
                0x10001924                exit
 *fill*         0x1000192a        0x2 
 .text.__assert_func
                0x1000192c       0x3c CMakeFiles/w5x00_mqtt_subscribe.dir/D_/Boards/RP2040/pico-sdk/src/rp2_common/pico_runtime/runtime.c.obj
                0x1000192c                __assert_func
 .text.panic    0x10001968       0x30 CMakeFiles/w5x00_mqtt_subscribe.dir/D_/Boards/RP2040/pico-sdk/src/rp2_common/pico_runtime/runtime.c.obj
                0x10001968                panic
 .text.clock_configure
                0x10001998      0x104 CMakeFiles/w5x00_mqtt_subscribe.dir/D_/Boards/RP2040/pico-sdk/src/rp2_common/hardware_clocks/clocks.c.obj
                0x10001998                clock_configure
 .text.clocks_init
                0x10001a9c      0x100 CMakeFiles/w5x00_mqtt_subscribe.dir/D_/Boards/RP2040/pico-sdk/src/rp2_common/hardware_clocks/clocks.c.obj
                0x10001a9c                clocks_init
 .text.clock_get_hz
                0x10001b9c        0xc CMakeFiles/w5x00_mqtt_subscribe.dir/D_/Boards/RP2040/pico-sdk/src/rp2_common/hardware_clocks/clocks.c.obj
                0x10001b9c                clock_get_hz
 .text.set_raw_irq_handler_and_unlock
                0x10001ba8       0x28 CMakeFiles/w5x00_mqtt_subscribe.dir/D_/Boards/RP2040/pico-sdk/src/rp2_common/hardware_irq/irq.c.obj
 .text.make_branch
                0x10001bd0       0x34 CMakeFiles/w5x00_mqtt_subscribe.dir/D_/Boards/RP2040/pico-sdk/src/rp2_common/hardware_irq/irq.c.obj
 .text.insert_branch_and_link
                0x10001c04       0x40 CMakeFiles/w5x00_mqtt_subscribe.dir/D_/Boards/RP2040/pico-sdk/src/rp2_common/hardware_irq/irq.c.obj
 .text.irq_is_enabled
                0x10001c44       0x18 CMakeFiles/w5x00_mqtt_subscribe.dir/D_/Boards/RP2040/pico-sdk/src/rp2_common/hardware_irq/irq.c.obj
                0x10001c44                irq_is_enabled
 .text.irq_set_mask_enabled
                0x10001c5c       0x20 CMakeFiles/w5x00_mqtt_subscribe.dir/D_/Boards/RP2040/pico-sdk/src/rp2_common/hardware_irq/irq.c.obj
                0x10001c5c                irq_set_mask_enabled
 .text.irq_set_enabled
                0x10001c7c        0xe CMakeFiles/w5x00_mqtt_subscribe.dir/D_/Boards/RP2040/pico-sdk/src/rp2_common/hardware_irq/irq.c.obj
                0x10001c7c                irq_set_enabled
 *fill*         0x10001c8a        0x2 
 .text.irq_set_pending
                0x10001c8c       0x10 CMakeFiles/w5x00_mqtt_subscribe.dir/D_/Boards/RP2040/pico-sdk/src/rp2_common/hardware_irq/irq.c.obj
                0x10001c8c                irq_set_pending
 .text.irq_get_vtable_handler
                0x10001c9c       0x10 CMakeFiles/w5x00_mqtt_subscribe.dir/D_/Boards/RP2040/pico-sdk/src/rp2_common/hardware_irq/irq.c.obj
                0x10001c9c                irq_get_vtable_handler
 .text.irq_set_exclusive_handler
                0x10001cac       0x54 CMakeFiles/w5x00_mqtt_subscribe.dir/D_/Boards/RP2040/pico-sdk/src/rp2_common/hardware_irq/irq.c.obj
                0x10001cac                irq_set_exclusive_handler
 .text.irq_remove_handler
                0x10001d00      0x1ac CMakeFiles/w5x00_mqtt_subscribe.dir/D_/Boards/RP2040/pico-sdk/src/rp2_common/hardware_irq/irq.c.obj
                0x10001d00                irq_remove_handler
 .text.irq_set_priority
                0x10001eac       0x28 CMakeFiles/w5x00_mqtt_subscribe.dir/D_/Boards/RP2040/pico-sdk/src/rp2_common/hardware_irq/irq.c.obj
                0x10001eac                irq_set_priority
 .text.irq_add_tail_to_free_list
                0x10001ed4       0xf0 CMakeFiles/w5x00_mqtt_subscribe.dir/D_/Boards/RP2040/pico-sdk/src/rp2_common/hardware_irq/irq.c.obj
                0x10001ed4                irq_add_tail_to_free_list
 .text.irq_init_priorities
                0x10001fc4       0x16 CMakeFiles/w5x00_mqtt_subscribe.dir/D_/Boards/RP2040/pico-sdk/src/rp2_common/hardware_irq/irq.c.obj
                0x10001fc4                irq_init_priorities
 *fill*         0x10001fda        0x2 
 .text.pll_init
                0x10001fdc      0x118 CMakeFiles/w5x00_mqtt_subscribe.dir/D_/Boards/RP2040/pico-sdk/src/rp2_common/hardware_pll/pll.c.obj
                0x10001fdc                pll_init
 .text.watchdog_start_tick
                0x100020f4       0x10 CMakeFiles/w5x00_mqtt_subscribe.dir/D_/Boards/RP2040/pico-sdk/src/rp2_common/hardware_watchdog/watchdog.c.obj
                0x100020f4                watchdog_start_tick
 .text.watchdog_update
                0x10002104       0x14 CMakeFiles/w5x00_mqtt_subscribe.dir/D_/Boards/RP2040/pico-sdk/src/rp2_common/hardware_watchdog/watchdog.c.obj
                0x10002104                watchdog_update
 .text._watchdog_enable
                0x10002118       0x70 CMakeFiles/w5x00_mqtt_subscribe.dir/D_/Boards/RP2040/pico-sdk/src/rp2_common/hardware_watchdog/watchdog.c.obj
                0x10002118                _watchdog_enable
 .text.watchdog_reboot
                0x10002188       0x48 CMakeFiles/w5x00_mqtt_subscribe.dir/D_/Boards/RP2040/pico-sdk/src/rp2_common/hardware_watchdog/watchdog.c.obj
                0x10002188                watchdog_reboot
 .text.xosc_init
                0x100021d0       0x28 CMakeFiles/w5x00_mqtt_subscribe.dir/D_/Boards/RP2040/pico-sdk/src/rp2_common/hardware_xosc/xosc.c.obj
                0x100021d0                xosc_init
 .text._out_null
                0x100021f8        0x2 CMakeFiles/w5x00_mqtt_subscribe.dir/D_/Boards/RP2040/pico-sdk/src/rp2_common/pico_printf/printf.c.obj
 .text._out_fct
                0x100021fa        0xe CMakeFiles/w5x00_mqtt_subscribe.dir/D_/Boards/RP2040/pico-sdk/src/rp2_common/pico_printf/printf.c.obj
 .text._atoi    0x10002208       0x24 CMakeFiles/w5x00_mqtt_subscribe.dir/D_/Boards/RP2040/pico-sdk/src/rp2_common/pico_printf/printf.c.obj
 .text._out_rev
                0x1000222c       0xae CMakeFiles/w5x00_mqtt_subscribe.dir/D_/Boards/RP2040/pico-sdk/src/rp2_common/pico_printf/printf.c.obj
 .text._ntoa_format
                0x100022da      0x112 CMakeFiles/w5x00_mqtt_subscribe.dir/D_/Boards/RP2040/pico-sdk/src/rp2_common/pico_printf/printf.c.obj
 .text._ntoa_long
                0x100023ec       0xbc CMakeFiles/w5x00_mqtt_subscribe.dir/D_/Boards/RP2040/pico-sdk/src/rp2_common/pico_printf/printf.c.obj
 .text._ntoa_long_long
                0x100024a8       0xe2 CMakeFiles/w5x00_mqtt_subscribe.dir/D_/Boards/RP2040/pico-sdk/src/rp2_common/pico_printf/printf.c.obj
 *fill*         0x1000258a        0x2 
 .text._etoa    0x1000258c      0x414 CMakeFiles/w5x00_mqtt_subscribe.dir/D_/Boards/RP2040/pico-sdk/src/rp2_common/pico_printf/printf.c.obj
 .text._ftoa    0x100029a0      0x354 CMakeFiles/w5x00_mqtt_subscribe.dir/D_/Boards/RP2040/pico-sdk/src/rp2_common/pico_printf/printf.c.obj
 .text._vsnprintf
                0x10002cf4      0x624 CMakeFiles/w5x00_mqtt_subscribe.dir/D_/Boards/RP2040/pico-sdk/src/rp2_common/pico_printf/printf.c.obj
 .text.vfctprintf
                0x10003318       0x20 CMakeFiles/w5x00_mqtt_subscribe.dir/D_/Boards/RP2040/pico-sdk/src/rp2_common/pico_printf/printf.c.obj
                0x10003318                vfctprintf
 .text          0x10003338       0x10 CMakeFiles/w5x00_mqtt_subscribe.dir/D_/Boards/RP2040/pico-sdk/src/rp2_common/pico_bit_ops/bit_ops_aeabi.S.obj
 .text.rom_func_lookup
                0x10003348       0x10 CMakeFiles/w5x00_mqtt_subscribe.dir/D_/Boards/RP2040/pico-sdk/src/rp2_common/pico_bootrom/bootrom.c.obj
                0x10003348                rom_func_lookup
 .text.rom_data_lookup
                0x10003358       0x10 CMakeFiles/w5x00_mqtt_subscribe.dir/D_/Boards/RP2040/pico-sdk/src/rp2_common/pico_bootrom/bootrom.c.obj
                0x10003358                rom_data_lookup
 .text.rom_funcs_lookup
                0x10003368       0x36 CMakeFiles/w5x00_mqtt_subscribe.dir/D_/Boards/RP2040/pico-sdk/src/rp2_common/pico_bootrom/bootrom.c.obj
                0x10003368                rom_funcs_lookup
 *fill*         0x1000339e        0x2 
 .text.__wrap___aeabi_idiv
                0x100033a0       0x50 CMakeFiles/w5x00_mqtt_subscribe.dir/D_/Boards/RP2040/pico-sdk/src/rp2_common/pico_divider/divider.S.obj
                0x100033a0                __wrap___aeabi_idivmod
                0x100033a0                divmod_s32s32
                0x100033a0                div_s32s32
                0x100033a0                __wrap___aeabi_idiv
                0x100033a8                divmod_s32s32_unsafe
                0x100033d4                divmod_s32s32_savestate
 .text.__wrap___aeabi_uidiv
                0x100033f0       0x4c CMakeFiles/w5x00_mqtt_subscribe.dir/D_/Boards/RP2040/pico-sdk/src/rp2_common/pico_divider/divider.S.obj
                0x100033f0                __wrap___aeabi_uidiv
                0x100033f0                __wrap___aeabi_uidivmod
                0x100033f0                div_u32u32
                0x100033f0                divmod_u32u32
                0x100033f8                divmod_u32u32_unsafe
                0x10003420                divmod_u32u32_savestate
 .text.__wrap___aeabi_ldiv
                0x1000343c      0x430 CMakeFiles/w5x00_mqtt_subscribe.dir/D_/Boards/RP2040/pico-sdk/src/rp2_common/pico_divider/divider.S.obj
                0x1000343c                div_s64s64
                0x1000343c                divmod_s64s64
                0x1000343c                __wrap___aeabi_ldivmod
                0x10003474                divmod_u64u64
                0x10003474                div_u64u64
                0x10003474                __wrap___aeabi_uldivmod
                0x10003484                divmod_u64u64_savestate
                0x100034ac                divmod_s64s64_unsafe
                0x10003534                divmod_u64u64_unsafe
 .text.__wrap___aeabi_darithmetic
                0x1000386c       0x80 CMakeFiles/w5x00_mqtt_subscribe.dir/D_/Boards/RP2040/pico-sdk/src/rp2_common/pico_double/double_aeabi.S.obj
                0x1000386c                __wrap___aeabi_drsub
                0x10003872                __wrap___aeabi_dsub
                0x10003884                __wrap___aeabi_dadd
                0x10003896                __wrap___aeabi_ddiv
                0x100038d2                __wrap___aeabi_dmul
 .text.__wrap___aeabi_cdcmple
                0x100038ec       0x6c CMakeFiles/w5x00_mqtt_subscribe.dir/D_/Boards/RP2040/pico-sdk/src/rp2_common/pico_double/double_aeabi.S.obj
                0x100038ec                __wrap___aeabi_cdrcmple
                0x100038fc                __wrap___aeabi_cdcmpeq
                0x100038fc                __wrap___aeabi_cdcmple
 .text.__wrap___aeabi_dcmplt
                0x10003958        0xc CMakeFiles/w5x00_mqtt_subscribe.dir/D_/Boards/RP2040/pico-sdk/src/rp2_common/pico_double/double_aeabi.S.obj
                0x10003958                __wrap___aeabi_dcmplt
 .text.__wrap___aeabi_dcmple
                0x10003964       0x10 CMakeFiles/w5x00_mqtt_subscribe.dir/D_/Boards/RP2040/pico-sdk/src/rp2_common/pico_double/double_aeabi.S.obj
                0x10003964                __wrap___aeabi_dcmple
 .text.__wrap___aeabi_dcmpge
                0x10003974       0x10 CMakeFiles/w5x00_mqtt_subscribe.dir/D_/Boards/RP2040/pico-sdk/src/rp2_common/pico_double/double_aeabi.S.obj
                0x10003974                __wrap___aeabi_dcmpge
 .text.__wrap___aeabi_dcmpgt
                0x10003984        0xa CMakeFiles/w5x00_mqtt_subscribe.dir/D_/Boards/RP2040/pico-sdk/src/rp2_common/pico_double/double_aeabi.S.obj
                0x10003984                __wrap___aeabi_dcmpgt
 .text.__wrap___aeabi_dcmpun
                0x1000398e       0x1c CMakeFiles/w5x00_mqtt_subscribe.dir/D_/Boards/RP2040/pico-sdk/src/rp2_common/pico_double/double_aeabi.S.obj
                0x1000398e                __wrap___aeabi_dcmpun
 *fill*         0x100039aa        0x2 
 .text.__wrap___aeabi_i2d
                0x100039ac       0x38 CMakeFiles/w5x00_mqtt_subscribe.dir/D_/Boards/RP2040/pico-sdk/src/rp2_common/pico_double/double_aeabi.S.obj
                0x100039ac                __wrap___aeabi_ui2d
                0x100039b4                __wrap___aeabi_i2d
 .text.__wrap___aeabi_d2iz
                0x100039e4       0x48 CMakeFiles/w5x00_mqtt_subscribe.dir/D_/Boards/RP2040/pico-sdk/src/rp2_common/pico_double/double_aeabi.S.obj
                0x100039e4                double2int_z
                0x100039e4                __wrap___aeabi_d2iz
 .text.__wrap___aeabi_d2uiz
                0x10003a2c       0x18 CMakeFiles/w5x00_mqtt_subscribe.dir/D_/Boards/RP2040/pico-sdk/src/rp2_common/pico_double/double_aeabi.S.obj
                0x10003a2c                __wrap___aeabi_d2uiz
                0x10003a2c                double2uint
 .text.__aeabi_double_init
                0x10003a44       0xb8 CMakeFiles/w5x00_mqtt_subscribe.dir/D_/Boards/RP2040/pico-sdk/src/rp2_common/pico_double/double_init_rom.c.obj
                0x10003a44                __aeabi_double_init
 .text.double_table_shim_on_use_helper
                0x10003afc       0x34 CMakeFiles/w5x00_mqtt_subscribe.dir/D_/Boards/RP2040/pico-sdk/src/rp2_common/pico_double/double_v1_rom_shim.S.obj
                0x10003afc                double_table_shim_on_use_helper
 .text.__wrap___aeabi_dsub
                0x10003b30       0x10 CMakeFiles/w5x00_mqtt_subscribe.dir/D_/Boards/RP2040/pico-sdk/src/rp2_common/pico_double/double_v1_rom_shim.S.obj
                0x10003b30                drsub_shim
                0x10003b36                dsub_shim
 .text.dadd_shim
                0x10003b40      0x15c CMakeFiles/w5x00_mqtt_subscribe.dir/D_/Boards/RP2040/pico-sdk/src/rp2_common/pico_double/double_v1_rom_shim.S.obj
                0x10003b40                dadd_shim
 .text.dmul_shim
                0x10003c9c      0x15c CMakeFiles/w5x00_mqtt_subscribe.dir/D_/Boards/RP2040/pico-sdk/src/rp2_common/pico_double/double_v1_rom_shim.S.obj
                0x10003c9c                dmul_shim
 .text.ddiv_shim
                0x10003df8      0x1b0 CMakeFiles/w5x00_mqtt_subscribe.dir/D_/Boards/RP2040/pico-sdk/src/rp2_common/pico_double/double_v1_rom_shim.S.obj
                0x10003df8                ddiv_shim
 .text.dcordic_rot_step
                0x10003fa8       0x7c CMakeFiles/w5x00_mqtt_subscribe.dir/D_/Boards/RP2040/pico-sdk/src/rp2_common/pico_double/double_v1_rom_shim.S.obj
                0x10003fa8                dcordic_rot_step
 .text.double2uint_shim
                0x10004024        0xe CMakeFiles/w5x00_mqtt_subscribe.dir/D_/Boards/RP2040/pico-sdk/src/rp2_common/pico_double/double_v1_rom_shim.S.obj
                0x10004024                double2uint_shim
                0x10004026                double2ufix_shim
 *fill*         0x10004032        0x2 
 .text.double2uint64_shim
                0x10004034       0x6c CMakeFiles/w5x00_mqtt_subscribe.dir/D_/Boards/RP2040/pico-sdk/src/rp2_common/pico_double/double_v1_rom_shim.S.obj
                0x10004034                double2uint64_shim
                0x10004036                double2ufix64_shim
                0x10004050                d2fix_a
 .text.dunpacks
                0x100040a0       0x3c CMakeFiles/w5x00_mqtt_subscribe.dir/D_/Boards/RP2040/pico-sdk/src/rp2_common/pico_double/double_v1_rom_shim.S.obj
                0x100040a0                dunpacks
 .text.__aeabi_lmul
                0x100040dc       0x32 CMakeFiles/w5x00_mqtt_subscribe.dir/D_/Boards/RP2040/pico-sdk/src/rp2_common/pico_int64_ops/pico_int64_ops_aeabi.S.obj
                0x100040dc                __wrap___aeabi_lmul
 *fill*         0x1000410e        0x2 
 .text.__aeabi_float_init
                0x10004110       0xfc CMakeFiles/w5x00_mqtt_subscribe.dir/D_/Boards/RP2040/pico-sdk/src/rp2_common/pico_float/float_init_rom.c.obj
                0x10004110                __aeabi_float_init
 .text.float_table_shim_on_use_helper
                0x1000420c       0x34 CMakeFiles/w5x00_mqtt_subscribe.dir/D_/Boards/RP2040/pico-sdk/src/rp2_common/pico_float/float_v1_rom_shim.S.obj
                0x1000420c                float_table_shim_on_use_helper
 .text          0x10004240       0x10 CMakeFiles/w5x00_mqtt_subscribe.dir/D_/Boards/RP2040/pico-sdk/src/rp2_common/pico_mem_ops/mem_ops_aeabi.S.obj
                0x10004240                __aeabi_mem_init
 .text.memset   0x10004250        0xc CMakeFiles/w5x00_mqtt_subscribe.dir/D_/Boards/RP2040/pico-sdk/src/rp2_common/pico_mem_ops/mem_ops_aeabi.S.obj
                0x10004250                __wrap_memset
 .text.memcpy   0x1000425c        0xc CMakeFiles/w5x00_mqtt_subscribe.dir/D_/Boards/RP2040/pico-sdk/src/rp2_common/pico_mem_ops/mem_ops_aeabi.S.obj
                0x1000425c                __wrap_memcpy
                0x1000425c                __wrap___aeabi_memcpy
 .text.stdio_out_chars_crlf
                0x10004268       0x80 CMakeFiles/w5x00_mqtt_subscribe.dir/D_/Boards/RP2040/pico-sdk/src/rp2_common/pico_stdio/stdio.c.obj
 .text.stdio_stack_buffer_flush
                0x100042e8       0x44 CMakeFiles/w5x00_mqtt_subscribe.dir/D_/Boards/RP2040/pico-sdk/src/rp2_common/pico_stdio/stdio.c.obj
 .text.stdio_buffered_printer
                0x1000432c       0x20 CMakeFiles/w5x00_mqtt_subscribe.dir/D_/Boards/RP2040/pico-sdk/src/rp2_common/pico_stdio/stdio.c.obj
 .text.stdout_serialize_begin
                0x1000434c       0x30 CMakeFiles/w5x00_mqtt_subscribe.dir/D_/Boards/RP2040/pico-sdk/src/rp2_common/pico_stdio/stdio.c.obj
                0x1000434c                stdout_serialize_begin
 .text.stdout_serialize_end
                0x1000437c       0x10 CMakeFiles/w5x00_mqtt_subscribe.dir/D_/Boards/RP2040/pico-sdk/src/rp2_common/pico_stdio/stdio.c.obj
                0x1000437c                stdout_serialize_end
 .text.stdio_put_string
                0x1000438c       0x84 CMakeFiles/w5x00_mqtt_subscribe.dir/D_/Boards/RP2040/pico-sdk/src/rp2_common/pico_stdio/stdio.c.obj
 .text.stdio_set_driver_enabled
                0x10004410       0x38 CMakeFiles/w5x00_mqtt_subscribe.dir/D_/Boards/RP2040/pico-sdk/src/rp2_common/pico_stdio/stdio.c.obj
                0x10004410                stdio_set_driver_enabled
 .text.stdio_flush
                0x10004448       0x20 CMakeFiles/w5x00_mqtt_subscribe.dir/D_/Boards/RP2040/pico-sdk/src/rp2_common/pico_stdio/stdio.c.obj
                0x10004448                stdio_flush
 .text.__wrap_puts
                0x10004468       0x1c CMakeFiles/w5x00_mqtt_subscribe.dir/D_/Boards/RP2040/pico-sdk/src/rp2_common/pico_stdio/stdio.c.obj
                0x10004468                __wrap_puts
 .text.__wrap_vprintf
                0x10004484       0x44 CMakeFiles/w5x00_mqtt_subscribe.dir/D_/Boards/RP2040/pico-sdk/src/rp2_common/pico_stdio/stdio.c.obj
                0x10004484                __wrap_vprintf
 .text.__wrap_printf
                0x100044c8       0x18 CMakeFiles/w5x00_mqtt_subscribe.dir/D_/Boards/RP2040/pico-sdk/src/rp2_common/pico_stdio/stdio.c.obj
                0x100044c8                __wrap_printf
 .text.stdio_init_all
                0x100044e0        0x8 CMakeFiles/w5x00_mqtt_subscribe.dir/D_/Boards/RP2040/pico-sdk/src/rp2_common/pico_stdio/stdio.c.obj
                0x100044e0                stdio_init_all
 .text.resetd_init
                0x100044e8        0x2 CMakeFiles/w5x00_mqtt_subscribe.dir/D_/Boards/RP2040/pico-sdk/src/rp2_common/pico_stdio_usb/reset_interface.c.obj
 *fill*         0x100044ea        0x2 
 .text.resetd_reset
                0x100044ec        0xc CMakeFiles/w5x00_mqtt_subscribe.dir/D_/Boards/RP2040/pico-sdk/src/rp2_common/pico_stdio_usb/reset_interface.c.obj
 .text.resetd_open
                0x100044f8       0x34 CMakeFiles/w5x00_mqtt_subscribe.dir/D_/Boards/RP2040/pico-sdk/src/rp2_common/pico_stdio_usb/reset_interface.c.obj
 .text.resetd_xfer_cb
                0x1000452c        0x4 CMakeFiles/w5x00_mqtt_subscribe.dir/D_/Boards/RP2040/pico-sdk/src/rp2_common/pico_stdio_usb/reset_interface.c.obj
 .text.reset_usb_boot
                0x10004530       0x18 CMakeFiles/w5x00_mqtt_subscribe.dir/D_/Boards/RP2040/pico-sdk/src/rp2_common/pico_stdio_usb/reset_interface.c.obj
 .text.resetd_control_xfer_cb
                0x10004548       0x5c CMakeFiles/w5x00_mqtt_subscribe.dir/D_/Boards/RP2040/pico-sdk/src/rp2_common/pico_stdio_usb/reset_interface.c.obj
 .text.usbd_app_driver_get_cb
                0x100045a4        0xc CMakeFiles/w5x00_mqtt_subscribe.dir/D_/Boards/RP2040/pico-sdk/src/rp2_common/pico_stdio_usb/reset_interface.c.obj
                0x100045a4                usbd_app_driver_get_cb
 .text.tud_cdc_line_coding_cb
                0x100045b0       0x28 CMakeFiles/w5x00_mqtt_subscribe.dir/D_/Boards/RP2040/pico-sdk/src/rp2_common/pico_stdio_usb/reset_interface.c.obj
                0x100045b0                tud_cdc_line_coding_cb
 .text.stdio_usb_in_chars
                0x100045d8       0x70 CMakeFiles/w5x00_mqtt_subscribe.dir/D_/Boards/RP2040/pico-sdk/src/rp2_common/pico_stdio_usb/stdio_usb.c.obj
                0x100045d8                stdio_usb_in_chars
 .text.low_priority_worker_irq
                0x10004648       0x20 CMakeFiles/w5x00_mqtt_subscribe.dir/D_/Boards/RP2040/pico-sdk/src/rp2_common/pico_stdio_usb/stdio_usb.c.obj
 .text.stdio_usb_out_chars
                0x10004668       0xd4 CMakeFiles/w5x00_mqtt_subscribe.dir/D_/Boards/RP2040/pico-sdk/src/rp2_common/pico_stdio_usb/stdio_usb.c.obj
 .text.timer_task
                0x1000473c       0x10 CMakeFiles/w5x00_mqtt_subscribe.dir/D_/Boards/RP2040/pico-sdk/src/rp2_common/pico_stdio_usb/stdio_usb.c.obj
 .text.stdio_usb_init
                0x1000474c       0xb8 CMakeFiles/w5x00_mqtt_subscribe.dir/D_/Boards/RP2040/pico-sdk/src/rp2_common/pico_stdio_usb/stdio_usb.c.obj
                0x1000474c                stdio_usb_init
 .text.tud_descriptor_device_cb
                0x10004804        0x8 CMakeFiles/w5x00_mqtt_subscribe.dir/D_/Boards/RP2040/pico-sdk/src/rp2_common/pico_stdio_usb/stdio_usb_descriptors.c.obj
                0x10004804                tud_descriptor_device_cb
 .text.tud_descriptor_configuration_cb
                0x1000480c        0x8 CMakeFiles/w5x00_mqtt_subscribe.dir/D_/Boards/RP2040/pico-sdk/src/rp2_common/pico_stdio_usb/stdio_usb_descriptors.c.obj
                0x1000480c                tud_descriptor_configuration_cb
 .text.tud_descriptor_string_cb
                0x10004814       0x68 CMakeFiles/w5x00_mqtt_subscribe.dir/D_/Boards/RP2040/pico-sdk/src/rp2_common/pico_stdio_usb/stdio_usb_descriptors.c.obj
                0x10004814                tud_descriptor_string_cb
 .text.hw_endpoint_get_by_addr
                0x1000487c       0x18 CMakeFiles/w5x00_mqtt_subscribe.dir/D_/Boards/RP2040/pico-sdk/lib/tinyusb/src/portable/raspberrypi/rp2040/dcd_rp2040.c.obj
 .text.reset_ep0
                0x10004894       0x2c CMakeFiles/w5x00_mqtt_subscribe.dir/D_/Boards/RP2040/pico-sdk/lib/tinyusb/src/portable/raspberrypi/rp2040/dcd_rp2040.c.obj
 .text._hw_endpoint_alloc
                0x100048c0       0x80 CMakeFiles/w5x00_mqtt_subscribe.dir/D_/Boards/RP2040/pico-sdk/lib/tinyusb/src/portable/raspberrypi/rp2040/dcd_rp2040.c.obj
 .text._hw_endpoint_init
                0x10004940       0xbc CMakeFiles/w5x00_mqtt_subscribe.dir/D_/Boards/RP2040/pico-sdk/lib/tinyusb/src/portable/raspberrypi/rp2040/dcd_rp2040.c.obj
 .text.hw_endpoint_init
                0x100049fc       0x18 CMakeFiles/w5x00_mqtt_subscribe.dir/D_/Boards/RP2040/pico-sdk/lib/tinyusb/src/portable/raspberrypi/rp2040/dcd_rp2040.c.obj
 .text.hw_handle_buff_status
                0x10004a14       0xb4 CMakeFiles/w5x00_mqtt_subscribe.dir/D_/Boards/RP2040/pico-sdk/lib/tinyusb/src/portable/raspberrypi/rp2040/dcd_rp2040.c.obj
 .text.dcd_rp2040_irq
                0x10004ac8       0xa8 CMakeFiles/w5x00_mqtt_subscribe.dir/D_/Boards/RP2040/pico-sdk/lib/tinyusb/src/portable/raspberrypi/rp2040/dcd_rp2040.c.obj
 .text.hw_endpoint_xfer
                0x10004b70       0x18 CMakeFiles/w5x00_mqtt_subscribe.dir/D_/Boards/RP2040/pico-sdk/lib/tinyusb/src/portable/raspberrypi/rp2040/dcd_rp2040.c.obj
 .text.ep0_0len_status
                0x10004b88       0x14 CMakeFiles/w5x00_mqtt_subscribe.dir/D_/Boards/RP2040/pico-sdk/lib/tinyusb/src/portable/raspberrypi/rp2040/dcd_rp2040.c.obj
 .text._hw_endpoint_stall
                0x10004b9c       0x54 CMakeFiles/w5x00_mqtt_subscribe.dir/D_/Boards/RP2040/pico-sdk/lib/tinyusb/src/portable/raspberrypi/rp2040/dcd_rp2040.c.obj
 .text.hw_endpoint_stall
                0x10004bf0        0xc CMakeFiles/w5x00_mqtt_subscribe.dir/D_/Boards/RP2040/pico-sdk/lib/tinyusb/src/portable/raspberrypi/rp2040/dcd_rp2040.c.obj
 .text._hw_endpoint_clear_stall
                0x10004bfc       0x34 CMakeFiles/w5x00_mqtt_subscribe.dir/D_/Boards/RP2040/pico-sdk/lib/tinyusb/src/portable/raspberrypi/rp2040/dcd_rp2040.c.obj
 .text.hw_endpoint_clear_stall
                0x10004c30        0xc CMakeFiles/w5x00_mqtt_subscribe.dir/D_/Boards/RP2040/pico-sdk/lib/tinyusb/src/portable/raspberrypi/rp2040/dcd_rp2040.c.obj
 .text.dcd_int_enable
                0x10004c3c       0x2c CMakeFiles/w5x00_mqtt_subscribe.dir/D_/Boards/RP2040/pico-sdk/lib/tinyusb/src/portable/raspberrypi/rp2040/dcd_rp2040.c.obj
                0x10004c3c                dcd_int_enable
 .text.dcd_set_address
                0x10004c68       0x28 CMakeFiles/w5x00_mqtt_subscribe.dir/D_/Boards/RP2040/pico-sdk/lib/tinyusb/src/portable/raspberrypi/rp2040/dcd_rp2040.c.obj
                0x10004c68                dcd_set_address
 .text.dcd_connect
                0x10004c90       0x30 CMakeFiles/w5x00_mqtt_subscribe.dir/D_/Boards/RP2040/pico-sdk/lib/tinyusb/src/portable/raspberrypi/rp2040/dcd_rp2040.c.obj
                0x10004c90                dcd_connect
 .text.dcd_init
                0x10004cc0       0x84 CMakeFiles/w5x00_mqtt_subscribe.dir/D_/Boards/RP2040/pico-sdk/lib/tinyusb/src/portable/raspberrypi/rp2040/dcd_rp2040.c.obj
                0x10004cc0                dcd_init
 .text.dcd_edpt0_status_complete
                0x10004d44       0x40 CMakeFiles/w5x00_mqtt_subscribe.dir/D_/Boards/RP2040/pico-sdk/lib/tinyusb/src/portable/raspberrypi/rp2040/dcd_rp2040.c.obj
                0x10004d44                dcd_edpt0_status_complete
 .text.dcd_edpt_open
                0x10004d84       0x40 CMakeFiles/w5x00_mqtt_subscribe.dir/D_/Boards/RP2040/pico-sdk/lib/tinyusb/src/portable/raspberrypi/rp2040/dcd_rp2040.c.obj
                0x10004d84                dcd_edpt_open
 .text.dcd_edpt_xfer
                0x10004dc4       0x34 CMakeFiles/w5x00_mqtt_subscribe.dir/D_/Boards/RP2040/pico-sdk/lib/tinyusb/src/portable/raspberrypi/rp2040/dcd_rp2040.c.obj
                0x10004dc4                dcd_edpt_xfer
 .text.dcd_edpt_stall
                0x10004df8       0x28 CMakeFiles/w5x00_mqtt_subscribe.dir/D_/Boards/RP2040/pico-sdk/lib/tinyusb/src/portable/raspberrypi/rp2040/dcd_rp2040.c.obj
                0x10004df8                dcd_edpt_stall
 .text.dcd_edpt_clear_stall
                0x10004e20       0x2c CMakeFiles/w5x00_mqtt_subscribe.dir/D_/Boards/RP2040/pico-sdk/lib/tinyusb/src/portable/raspberrypi/rp2040/dcd_rp2040.c.obj
                0x10004e20                dcd_edpt_clear_stall
 .text.rp2040_usb_init
                0x10004e4c       0x50 CMakeFiles/w5x00_mqtt_subscribe.dir/D_/Boards/RP2040/pico-sdk/lib/tinyusb/src/portable/raspberrypi/rp2040/rp2040_usb.c.obj
                0x10004e4c                rp2040_usb_init
 .text.hw_endpoint_reset_transfer
                0x10004e9c       0x10 CMakeFiles/w5x00_mqtt_subscribe.dir/D_/Boards/RP2040/pico-sdk/lib/tinyusb/src/portable/raspberrypi/rp2040/rp2040_usb.c.obj
                0x10004e9c                hw_endpoint_reset_transfer
 .text._hw_endpoint_buffer_control_update32
                0x10004eac       0x58 CMakeFiles/w5x00_mqtt_subscribe.dir/D_/Boards/RP2040/pico-sdk/lib/tinyusb/src/portable/raspberrypi/rp2040/rp2040_usb.c.obj
                0x10004eac                _hw_endpoint_buffer_control_update32
 .text._hw_endpoint_start_next_buffer
                0x10004f04       0x50 CMakeFiles/w5x00_mqtt_subscribe.dir/D_/Boards/RP2040/pico-sdk/lib/tinyusb/src/portable/raspberrypi/rp2040/rp2040_usb.c.obj
                0x10004f04                _hw_endpoint_start_next_buffer
 .text._hw_endpoint_xfer_start
                0x10004f54       0x3e CMakeFiles/w5x00_mqtt_subscribe.dir/D_/Boards/RP2040/pico-sdk/lib/tinyusb/src/portable/raspberrypi/rp2040/rp2040_usb.c.obj
                0x10004f54                _hw_endpoint_xfer_start
 *fill*         0x10004f92        0x2 
 .text._hw_endpoint_xfer_sync
                0x10004f94       0x74 CMakeFiles/w5x00_mqtt_subscribe.dir/D_/Boards/RP2040/pico-sdk/lib/tinyusb/src/portable/raspberrypi/rp2040/rp2040_usb.c.obj
                0x10004f94                _hw_endpoint_xfer_sync
 .text._hw_endpoint_xfer_continue
                0x10005008       0x60 CMakeFiles/w5x00_mqtt_subscribe.dir/D_/Boards/RP2040/pico-sdk/lib/tinyusb/src/portable/raspberrypi/rp2040/rp2040_usb.c.obj
                0x10005008                _hw_endpoint_xfer_continue
 .text._hw_endpoint_xfer
                0x10005068       0x34 CMakeFiles/w5x00_mqtt_subscribe.dir/D_/Boards/RP2040/pico-sdk/lib/tinyusb/src/portable/raspberrypi/rp2040/rp2040_usb.c.obj
                0x10005068                _hw_endpoint_xfer
 .text.mark_interface_endpoint
                0x1000509c       0x2a CMakeFiles/w5x00_mqtt_subscribe.dir/D_/Boards/RP2040/pico-sdk/lib/tinyusb/src/device/usbd.c.obj
 *fill*         0x100050c6        0x2 
 .text.usbd_reset
                0x100050c8       0x88 CMakeFiles/w5x00_mqtt_subscribe.dir/D_/Boards/RP2040/pico-sdk/lib/tinyusb/src/device/usbd.c.obj
 .text.invoke_class_control
                0x10005150       0x1a CMakeFiles/w5x00_mqtt_subscribe.dir/D_/Boards/RP2040/pico-sdk/lib/tinyusb/src/device/usbd.c.obj
 *fill*         0x1000516a        0x2 
 .text.process_set_config
                0x1000516c      0x1d4 CMakeFiles/w5x00_mqtt_subscribe.dir/D_/Boards/RP2040/pico-sdk/lib/tinyusb/src/device/usbd.c.obj
 .text.process_get_descriptor
                0x10005340       0xf8 CMakeFiles/w5x00_mqtt_subscribe.dir/D_/Boards/RP2040/pico-sdk/lib/tinyusb/src/device/usbd.c.obj
 .text.tud_mounted
                0x10005438       0x10 CMakeFiles/w5x00_mqtt_subscribe.dir/D_/Boards/RP2040/pico-sdk/lib/tinyusb/src/device/usbd.c.obj
                0x10005438                tud_mounted
 .text.tud_suspended
                0x10005448       0x10 CMakeFiles/w5x00_mqtt_subscribe.dir/D_/Boards/RP2040/pico-sdk/lib/tinyusb/src/device/usbd.c.obj
                0x10005448                tud_suspended
 .text.tud_inited
                0x10005458        0xc CMakeFiles/w5x00_mqtt_subscribe.dir/D_/Boards/RP2040/pico-sdk/lib/tinyusb/src/device/usbd.c.obj
                0x10005458                tud_inited
 .text.tud_init
                0x10005464       0xcc CMakeFiles/w5x00_mqtt_subscribe.dir/D_/Boards/RP2040/pico-sdk/lib/tinyusb/src/device/usbd.c.obj
                0x10005464                tud_init
 .text.dcd_event_handler
                0x10005530      0x174 CMakeFiles/w5x00_mqtt_subscribe.dir/D_/Boards/RP2040/pico-sdk/lib/tinyusb/src/device/usbd.c.obj
                0x10005530                dcd_event_handler
 .text.dcd_event_bus_signal
                0x100056a4       0x26 CMakeFiles/w5x00_mqtt_subscribe.dir/D_/Boards/RP2040/pico-sdk/lib/tinyusb/src/device/usbd.c.obj
                0x100056a4                dcd_event_bus_signal
 .text.dcd_event_bus_reset
                0x100056ca       0x2a CMakeFiles/w5x00_mqtt_subscribe.dir/D_/Boards/RP2040/pico-sdk/lib/tinyusb/src/device/usbd.c.obj
                0x100056ca                dcd_event_bus_reset
 .text.dcd_event_setup_received
                0x100056f4       0x34 CMakeFiles/w5x00_mqtt_subscribe.dir/D_/Boards/RP2040/pico-sdk/lib/tinyusb/src/device/usbd.c.obj
                0x100056f4                dcd_event_setup_received
 .text.dcd_event_xfer_complete
                0x10005728       0x44 CMakeFiles/w5x00_mqtt_subscribe.dir/D_/Boards/RP2040/pico-sdk/lib/tinyusb/src/device/usbd.c.obj
                0x10005728                dcd_event_xfer_complete
 .text.usbd_edpt_open
                0x1000576c       0xe0 CMakeFiles/w5x00_mqtt_subscribe.dir/D_/Boards/RP2040/pico-sdk/lib/tinyusb/src/device/usbd.c.obj
                0x1000576c                usbd_edpt_open
 .text.usbd_open_edpt_pair
                0x1000584c       0x8c CMakeFiles/w5x00_mqtt_subscribe.dir/D_/Boards/RP2040/pico-sdk/lib/tinyusb/src/device/usbd.c.obj
                0x1000584c                usbd_open_edpt_pair
 .text.usbd_edpt_claim
                0x100058d8       0x8c CMakeFiles/w5x00_mqtt_subscribe.dir/D_/Boards/RP2040/pico-sdk/lib/tinyusb/src/device/usbd.c.obj
                0x100058d8                usbd_edpt_claim
 .text.usbd_edpt_release
                0x10005964       0x68 CMakeFiles/w5x00_mqtt_subscribe.dir/D_/Boards/RP2040/pico-sdk/lib/tinyusb/src/device/usbd.c.obj
                0x10005964                usbd_edpt_release
 .text.usbd_edpt_xfer
                0x100059cc       0x80 CMakeFiles/w5x00_mqtt_subscribe.dir/D_/Boards/RP2040/pico-sdk/lib/tinyusb/src/device/usbd.c.obj
                0x100059cc                usbd_edpt_xfer
 .text.usbd_edpt_stall
                0x10005a4c       0x2c CMakeFiles/w5x00_mqtt_subscribe.dir/D_/Boards/RP2040/pico-sdk/lib/tinyusb/src/device/usbd.c.obj
                0x10005a4c                usbd_edpt_stall
 .text.usbd_edpt_clear_stall
                0x10005a78       0x2c CMakeFiles/w5x00_mqtt_subscribe.dir/D_/Boards/RP2040/pico-sdk/lib/tinyusb/src/device/usbd.c.obj
                0x10005a78                usbd_edpt_clear_stall
 .text.usbd_edpt_stalled
                0x10005aa4       0x1c CMakeFiles/w5x00_mqtt_subscribe.dir/D_/Boards/RP2040/pico-sdk/lib/tinyusb/src/device/usbd.c.obj
                0x10005aa4                usbd_edpt_stalled
 .text.process_control_request
                0x10005ac0      0x380 CMakeFiles/w5x00_mqtt_subscribe.dir/D_/Boards/RP2040/pico-sdk/lib/tinyusb/src/device/usbd.c.obj
 .text.tud_task
                0x10005e40      0x204 CMakeFiles/w5x00_mqtt_subscribe.dir/D_/Boards/RP2040/pico-sdk/lib/tinyusb/src/device/usbd.c.obj
                0x10005e40                tud_task
 .text._data_stage_xact
                0x10006044       0x58 CMakeFiles/w5x00_mqtt_subscribe.dir/D_/Boards/RP2040/pico-sdk/lib/tinyusb/src/device/usbd_control.c.obj
 .text.tud_control_status
                0x1000609c       0x38 CMakeFiles/w5x00_mqtt_subscribe.dir/D_/Boards/RP2040/pico-sdk/lib/tinyusb/src/device/usbd_control.c.obj
                0x1000609c                tud_control_status
 .text.tud_control_xfer
                0x100060d4       0xa8 CMakeFiles/w5x00_mqtt_subscribe.dir/D_/Boards/RP2040/pico-sdk/lib/tinyusb/src/device/usbd_control.c.obj
                0x100060d4                tud_control_xfer
 .text.usbd_control_reset
                0x1000617c       0x14 CMakeFiles/w5x00_mqtt_subscribe.dir/D_/Boards/RP2040/pico-sdk/lib/tinyusb/src/device/usbd_control.c.obj
                0x1000617c                usbd_control_reset
 .text.usbd_control_set_complete_callback
                0x10006190        0xc CMakeFiles/w5x00_mqtt_subscribe.dir/D_/Boards/RP2040/pico-sdk/lib/tinyusb/src/device/usbd_control.c.obj
                0x10006190                usbd_control_set_complete_callback
 .text.usbd_control_set_request
                0x1000619c       0x1c CMakeFiles/w5x00_mqtt_subscribe.dir/D_/Boards/RP2040/pico-sdk/lib/tinyusb/src/device/usbd_control.c.obj
                0x1000619c                usbd_control_set_request
 .text.usbd_control_xfer_cb
                0x100061b8       0xfc CMakeFiles/w5x00_mqtt_subscribe.dir/D_/Boards/RP2040/pico-sdk/lib/tinyusb/src/device/usbd_control.c.obj
                0x100061b8                usbd_control_xfer_cb
 .text._prep_out_transaction
                0x100062b4       0x46 CMakeFiles/w5x00_mqtt_subscribe.dir/D_/Boards/RP2040/pico-sdk/lib/tinyusb/src/class/cdc/cdc_device.c.obj
 *fill*         0x100062fa        0x2 
 .text.tud_cdc_n_connected
                0x100062fc       0x44 CMakeFiles/w5x00_mqtt_subscribe.dir/D_/Boards/RP2040/pico-sdk/lib/tinyusb/src/class/cdc/cdc_device.c.obj
                0x100062fc                tud_cdc_n_connected
 .text.tud_cdc_n_available
                0x10006340       0x18 CMakeFiles/w5x00_mqtt_subscribe.dir/D_/Boards/RP2040/pico-sdk/lib/tinyusb/src/class/cdc/cdc_device.c.obj
                0x10006340                tud_cdc_n_available
 .text.tud_cdc_n_read
                0x10006358       0x28 CMakeFiles/w5x00_mqtt_subscribe.dir/D_/Boards/RP2040/pico-sdk/lib/tinyusb/src/class/cdc/cdc_device.c.obj
                0x10006358                tud_cdc_n_read
 .text.tud_cdc_n_write_flush
                0x10006380       0xcc CMakeFiles/w5x00_mqtt_subscribe.dir/D_/Boards/RP2040/pico-sdk/lib/tinyusb/src/class/cdc/cdc_device.c.obj
                0x10006380                tud_cdc_n_write_flush
 .text.tud_cdc_n_write
                0x1000644c       0x38 CMakeFiles/w5x00_mqtt_subscribe.dir/D_/Boards/RP2040/pico-sdk/lib/tinyusb/src/class/cdc/cdc_device.c.obj
                0x1000644c                tud_cdc_n_write
 .text.tud_cdc_n_write_available
                0x10006484       0x1c CMakeFiles/w5x00_mqtt_subscribe.dir/D_/Boards/RP2040/pico-sdk/lib/tinyusb/src/class/cdc/cdc_device.c.obj
                0x10006484                tud_cdc_n_write_available
 .text.cdcd_init
                0x100064a0       0xbc CMakeFiles/w5x00_mqtt_subscribe.dir/D_/Boards/RP2040/pico-sdk/lib/tinyusb/src/class/cdc/cdc_device.c.obj
                0x100064a0                cdcd_init
 .text.cdcd_reset
                0x1000655c       0x44 CMakeFiles/w5x00_mqtt_subscribe.dir/D_/Boards/RP2040/pico-sdk/lib/tinyusb/src/class/cdc/cdc_device.c.obj
                0x1000655c                cdcd_reset
 .text.cdcd_open
                0x100065a0      0x10c CMakeFiles/w5x00_mqtt_subscribe.dir/D_/Boards/RP2040/pico-sdk/lib/tinyusb/src/class/cdc/cdc_device.c.obj
                0x100065a0                cdcd_open
 .text.cdcd_control_xfer_cb
                0x100066ac      0x134 CMakeFiles/w5x00_mqtt_subscribe.dir/D_/Boards/RP2040/pico-sdk/lib/tinyusb/src/class/cdc/cdc_device.c.obj
                0x100066ac                cdcd_control_xfer_cb
 .text.cdcd_xfer_cb
                0x100067e0      0x144 CMakeFiles/w5x00_mqtt_subscribe.dir/D_/Boards/RP2040/pico-sdk/lib/tinyusb/src/class/cdc/cdc_device.c.obj
                0x100067e0                cdcd_xfer_cb
 .text.tusb_init
                0x10006924       0x24 CMakeFiles/w5x00_mqtt_subscribe.dir/D_/Boards/RP2040/pico-sdk/lib/tinyusb/src/tusb.c.obj
                0x10006924                tusb_init
 .text.tusb_inited
                0x10006948        0xe CMakeFiles/w5x00_mqtt_subscribe.dir/D_/Boards/RP2040/pico-sdk/lib/tinyusb/src/tusb.c.obj
                0x10006948                tusb_inited
 .text.advance_pointer
                0x10006956       0x1e CMakeFiles/w5x00_mqtt_subscribe.dir/D_/Boards/RP2040/pico-sdk/lib/tinyusb/src/common/tusb_fifo.c.obj
 .text.backward_pointer
                0x10006974       0x1a CMakeFiles/w5x00_mqtt_subscribe.dir/D_/Boards/RP2040/pico-sdk/lib/tinyusb/src/common/tusb_fifo.c.obj
 .text.get_relative_pointer
                0x1000698e       0x10 CMakeFiles/w5x00_mqtt_subscribe.dir/D_/Boards/RP2040/pico-sdk/lib/tinyusb/src/common/tusb_fifo.c.obj
 .text._tu_fifo_peek
                0x1000699e       0x50 CMakeFiles/w5x00_mqtt_subscribe.dir/D_/Boards/RP2040/pico-sdk/lib/tinyusb/src/common/tusb_fifo.c.obj
 .text._ff_pull_const_addr
                0x100069ee       0x4c CMakeFiles/w5x00_mqtt_subscribe.dir/D_/Boards/RP2040/pico-sdk/lib/tinyusb/src/common/tusb_fifo.c.obj
 .text._ff_pull_n
                0x10006a3a      0x10c CMakeFiles/w5x00_mqtt_subscribe.dir/D_/Boards/RP2040/pico-sdk/lib/tinyusb/src/common/tusb_fifo.c.obj
 .text._tu_fifo_peek_n
                0x10006b46       0x5e CMakeFiles/w5x00_mqtt_subscribe.dir/D_/Boards/RP2040/pico-sdk/lib/tinyusb/src/common/tusb_fifo.c.obj
 .text._tu_fifo_read_n
                0x10006ba4       0x4e CMakeFiles/w5x00_mqtt_subscribe.dir/D_/Boards/RP2040/pico-sdk/lib/tinyusb/src/common/tusb_fifo.c.obj
 .text._ff_push_const_addr
                0x10006bf2       0x40 CMakeFiles/w5x00_mqtt_subscribe.dir/D_/Boards/RP2040/pico-sdk/lib/tinyusb/src/common/tusb_fifo.c.obj
 .text._ff_push_n
                0x10006c32      0x108 CMakeFiles/w5x00_mqtt_subscribe.dir/D_/Boards/RP2040/pico-sdk/lib/tinyusb/src/common/tusb_fifo.c.obj
 .text._tu_fifo_write_n
                0x10006d3a       0x9e CMakeFiles/w5x00_mqtt_subscribe.dir/D_/Boards/RP2040/pico-sdk/lib/tinyusb/src/common/tusb_fifo.c.obj
 .text.tu_fifo_config
                0x10006dd8       0x72 CMakeFiles/w5x00_mqtt_subscribe.dir/D_/Boards/RP2040/pico-sdk/lib/tinyusb/src/common/tusb_fifo.c.obj
                0x10006dd8                tu_fifo_config
 .text.tu_fifo_count
                0x10006e4a       0x26 CMakeFiles/w5x00_mqtt_subscribe.dir/D_/Boards/RP2040/pico-sdk/lib/tinyusb/src/common/tusb_fifo.c.obj
                0x10006e4a                tu_fifo_count
 .text.tu_fifo_empty
                0x10006e70       0x10 CMakeFiles/w5x00_mqtt_subscribe.dir/D_/Boards/RP2040/pico-sdk/lib/tinyusb/src/common/tusb_fifo.c.obj
                0x10006e70                tu_fifo_empty
 .text.tu_fifo_remaining
                0x10006e80       0x20 CMakeFiles/w5x00_mqtt_subscribe.dir/D_/Boards/RP2040/pico-sdk/lib/tinyusb/src/common/tusb_fifo.c.obj
                0x10006e80                tu_fifo_remaining
 .text.tu_fifo_read
                0x10006ea0       0x42 CMakeFiles/w5x00_mqtt_subscribe.dir/D_/Boards/RP2040/pico-sdk/lib/tinyusb/src/common/tusb_fifo.c.obj
                0x10006ea0                tu_fifo_read
 .text.tu_fifo_read_n
                0x10006ee2        0xa CMakeFiles/w5x00_mqtt_subscribe.dir/D_/Boards/RP2040/pico-sdk/lib/tinyusb/src/common/tusb_fifo.c.obj
                0x10006ee2                tu_fifo_read_n
 .text.tu_fifo_write
                0x10006eec       0x6c CMakeFiles/w5x00_mqtt_subscribe.dir/D_/Boards/RP2040/pico-sdk/lib/tinyusb/src/common/tusb_fifo.c.obj
                0x10006eec                tu_fifo_write
 .text.tu_fifo_write_n
                0x10006f58        0xa CMakeFiles/w5x00_mqtt_subscribe.dir/D_/Boards/RP2040/pico-sdk/lib/tinyusb/src/common/tusb_fifo.c.obj
                0x10006f58                tu_fifo_write_n
 .text.tu_fifo_clear
                0x10006f62       0x4c CMakeFiles/w5x00_mqtt_subscribe.dir/D_/Boards/RP2040/pico-sdk/lib/tinyusb/src/common/tusb_fifo.c.obj
                0x10006f62                tu_fifo_clear
 .text.tu_fifo_set_overwritable
                0x10006fae       0x3c CMakeFiles/w5x00_mqtt_subscribe.dir/D_/Boards/RP2040/pico-sdk/lib/tinyusb/src/common/tusb_fifo.c.obj
                0x10006fae                tu_fifo_set_overwritable
 *fill*         0x10006fea        0x2 
 .text._retrieve_unique_id_on_boot
                0x10006fec       0x10 CMakeFiles/w5x00_mqtt_subscribe.dir/D_/Boards/RP2040/pico-sdk/src/rp2_common/pico_unique_id/unique_id.c.obj
 .text.pico_get_unique_board_id_string
                0x10006ffc       0x60 CMakeFiles/w5x00_mqtt_subscribe.dir/D_/Boards/RP2040/pico-sdk/src/rp2_common/pico_unique_id/unique_id.c.obj
                0x10006ffc                pico_get_unique_board_id_string
 .text.flash_get_unique_id
                0x1000705c       0x46 CMakeFiles/w5x00_mqtt_subscribe.dir/D_/Boards/RP2040/pico-sdk/src/rp2_common/hardware_flash/flash.c.obj
                0x1000705c                flash_get_unique_id
 .text.spi_set_baudrate
                0x100070a2       0x92 CMakeFiles/w5x00_mqtt_subscribe.dir/D_/Boards/RP2040/pico-sdk/src/rp2_common/hardware_spi/spi.c.obj
                0x100070a2                spi_set_baudrate
 .text.spi_init
                0x10007134       0x68 CMakeFiles/w5x00_mqtt_subscribe.dir/D_/Boards/RP2040/pico-sdk/src/rp2_common/hardware_spi/spi.c.obj
                0x10007134                spi_init
 .text.close    0x1000719c       0x74 CMakeFiles/w5x00_mqtt_subscribe.dir/__/__/__/libraries/ioLibrary_Driver/Ethernet/socket.c.obj
                0x1000719c                close
 .text.socket   0x10007210      0x150 CMakeFiles/w5x00_mqtt_subscribe.dir/__/__/__/libraries/ioLibrary_Driver/Ethernet/socket.c.obj
                0x10007210                socket
 .text.connect  0x10007360       0xf4 CMakeFiles/w5x00_mqtt_subscribe.dir/__/__/__/libraries/ioLibrary_Driver/Ethernet/socket.c.obj
                0x10007360                connect
 .text.disconnect
                0x10007454       0x84 CMakeFiles/w5x00_mqtt_subscribe.dir/__/__/__/libraries/ioLibrary_Driver/Ethernet/socket.c.obj
                0x10007454                disconnect
 .text.send     0x100074d8      0x130 CMakeFiles/w5x00_mqtt_subscribe.dir/__/__/__/libraries/ioLibrary_Driver/Ethernet/socket.c.obj
                0x100074d8                send
 .text.recv     0x10007608      0x108 CMakeFiles/w5x00_mqtt_subscribe.dir/__/__/__/libraries/ioLibrary_Driver/Ethernet/socket.c.obj
                0x10007608                recv
 .text.wizchip_cris_enter
                0x10007710        0x2 CMakeFiles/w5x00_mqtt_subscribe.dir/__/__/__/libraries/ioLibrary_Driver/Ethernet/wizchip_conf.c.obj
                0x10007710                wizchip_cris_enter
 .text.wizchip_cris_exit
                0x10007712        0x2 CMakeFiles/w5x00_mqtt_subscribe.dir/__/__/__/libraries/ioLibrary_Driver/Ethernet/wizchip_conf.c.obj
                0x10007712                wizchip_cris_exit
 .text.wizchip_cs_select
                0x10007714        0x2 CMakeFiles/w5x00_mqtt_subscribe.dir/__/__/__/libraries/ioLibrary_Driver/Ethernet/wizchip_conf.c.obj
                0x10007714                wizchip_cs_select
 .text.wizchip_cs_deselect
                0x10007716        0x2 CMakeFiles/w5x00_mqtt_subscribe.dir/__/__/__/libraries/ioLibrary_Driver/Ethernet/wizchip_conf.c.obj
                0x10007716                wizchip_cs_deselect
 .text.wizchip_bus_readdata
                0x10007718        0x6 CMakeFiles/w5x00_mqtt_subscribe.dir/__/__/__/libraries/ioLibrary_Driver/Ethernet/wizchip_conf.c.obj
                0x10007718                wizchip_bus_readdata
 .text.wizchip_bus_writedata
                0x1000771e        0x4 CMakeFiles/w5x00_mqtt_subscribe.dir/__/__/__/libraries/ioLibrary_Driver/Ethernet/wizchip_conf.c.obj
                0x1000771e                wizchip_bus_writedata
 .text.wizchip_spi_readbyte
                0x10007722        0x4 CMakeFiles/w5x00_mqtt_subscribe.dir/__/__/__/libraries/ioLibrary_Driver/Ethernet/wizchip_conf.c.obj
                0x10007722                wizchip_spi_readbyte
 .text.wizchip_spi_writebyte
                0x10007726        0x2 CMakeFiles/w5x00_mqtt_subscribe.dir/__/__/__/libraries/ioLibrary_Driver/Ethernet/wizchip_conf.c.obj
                0x10007726                wizchip_spi_writebyte
 .text.reg_wizchip_cris_cbfunc
                0x10007728       0x28 CMakeFiles/w5x00_mqtt_subscribe.dir/__/__/__/libraries/ioLibrary_Driver/Ethernet/wizchip_conf.c.obj
                0x10007728                reg_wizchip_cris_cbfunc
 .text.reg_wizchip_cs_cbfunc
                0x10007750       0x28 CMakeFiles/w5x00_mqtt_subscribe.dir/__/__/__/libraries/ioLibrary_Driver/Ethernet/wizchip_conf.c.obj
                0x10007750                reg_wizchip_cs_cbfunc
 .text.reg_wizchip_spi_cbfunc
                0x10007778       0x30 CMakeFiles/w5x00_mqtt_subscribe.dir/__/__/__/libraries/ioLibrary_Driver/Ethernet/wizchip_conf.c.obj
                0x10007778                reg_wizchip_spi_cbfunc
 .text.wizchip_sw_reset
                0x100077a8       0x66 CMakeFiles/w5x00_mqtt_subscribe.dir/__/__/__/libraries/ioLibrary_Driver/Ethernet/wizchip_conf.c.obj
                0x100077a8                wizchip_sw_reset
 .text.wizchip_init
                0x1000780e       0xda CMakeFiles/w5x00_mqtt_subscribe.dir/__/__/__/libraries/ioLibrary_Driver/Ethernet/wizchip_conf.c.obj
                0x1000780e                wizchip_init
 .text.wizchip_clrinterrupt
                0x100078e8       0x1e CMakeFiles/w5x00_mqtt_subscribe.dir/__/__/__/libraries/ioLibrary_Driver/Ethernet/wizchip_conf.c.obj
                0x100078e8                wizchip_clrinterrupt
 .text.wizchip_getinterrupt
                0x10007906       0x10 CMakeFiles/w5x00_mqtt_subscribe.dir/__/__/__/libraries/ioLibrary_Driver/Ethernet/wizchip_conf.c.obj
                0x10007906                wizchip_getinterrupt
 .text.wizchip_setinterruptmask
                0x10007916       0x18 CMakeFiles/w5x00_mqtt_subscribe.dir/__/__/__/libraries/ioLibrary_Driver/Ethernet/wizchip_conf.c.obj
                0x10007916                wizchip_setinterruptmask
 .text.wizchip_getinterruptmask
                0x1000792e       0x1c CMakeFiles/w5x00_mqtt_subscribe.dir/__/__/__/libraries/ioLibrary_Driver/Ethernet/wizchip_conf.c.obj
                0x1000792e                wizchip_getinterruptmask
 .text.wizphy_getphylink
                0x1000794a       0x14 CMakeFiles/w5x00_mqtt_subscribe.dir/__/__/__/libraries/ioLibrary_Driver/Ethernet/wizchip_conf.c.obj
                0x1000794a                wizphy_getphylink
 .text.wizphy_getphypmode
                0x1000795e        0x6 CMakeFiles/w5x00_mqtt_subscribe.dir/__/__/__/libraries/ioLibrary_Driver/Ethernet/wizchip_conf.c.obj
                0x1000795e                wizphy_getphypmode
 .text.wizphy_reset
                0x10007964       0x24 CMakeFiles/w5x00_mqtt_subscribe.dir/__/__/__/libraries/ioLibrary_Driver/Ethernet/wizchip_conf.c.obj
                0x10007964                wizphy_reset
 .text.wizphy_setphyconf
                0x10007988       0x5c CMakeFiles/w5x00_mqtt_subscribe.dir/__/__/__/libraries/ioLibrary_Driver/Ethernet/wizchip_conf.c.obj
                0x10007988                wizphy_setphyconf
 .text.wizphy_getphyconf
                0x100079e4       0x3a CMakeFiles/w5x00_mqtt_subscribe.dir/__/__/__/libraries/ioLibrary_Driver/Ethernet/wizchip_conf.c.obj
                0x100079e4                wizphy_getphyconf
 *fill*         0x10007a1e        0x2 
 .text.wizphy_setphypmode
                0x10007a20       0x50 CMakeFiles/w5x00_mqtt_subscribe.dir/__/__/__/libraries/ioLibrary_Driver/Ethernet/wizchip_conf.c.obj
                0x10007a20                wizphy_setphypmode
 .text.ctlwizchip
                0x10007a70       0xe4 CMakeFiles/w5x00_mqtt_subscribe.dir/__/__/__/libraries/ioLibrary_Driver/Ethernet/wizchip_conf.c.obj
                0x10007a70                ctlwizchip
 .text.wizchip_setnetinfo
                0x10007b54       0x54 CMakeFiles/w5x00_mqtt_subscribe.dir/__/__/__/libraries/ioLibrary_Driver/Ethernet/wizchip_conf.c.obj
                0x10007b54                wizchip_setnetinfo
 .text.wizchip_getnetinfo
                0x10007ba8       0x54 CMakeFiles/w5x00_mqtt_subscribe.dir/__/__/__/libraries/ioLibrary_Driver/Ethernet/wizchip_conf.c.obj
                0x10007ba8                wizchip_getnetinfo
 .text.wizchip_setnetmode
                0x10007bfc       0x26 CMakeFiles/w5x00_mqtt_subscribe.dir/__/__/__/libraries/ioLibrary_Driver/Ethernet/wizchip_conf.c.obj
                0x10007bfc                wizchip_setnetmode
 .text.wizchip_getnetmode
                0x10007c22        0xa CMakeFiles/w5x00_mqtt_subscribe.dir/__/__/__/libraries/ioLibrary_Driver/Ethernet/wizchip_conf.c.obj
                0x10007c22                wizchip_getnetmode
 .text.wizchip_settimeout
                0x10007c2c       0x20 CMakeFiles/w5x00_mqtt_subscribe.dir/__/__/__/libraries/ioLibrary_Driver/Ethernet/wizchip_conf.c.obj
                0x10007c2c                wizchip_settimeout
 .text.wizchip_gettimeout
                0x10007c4c       0x26 CMakeFiles/w5x00_mqtt_subscribe.dir/__/__/__/libraries/ioLibrary_Driver/Ethernet/wizchip_conf.c.obj
                0x10007c4c                wizchip_gettimeout
 *fill*         0x10007c72        0x2 
 .text.ctlnetwork
                0x10007c74       0x54 CMakeFiles/w5x00_mqtt_subscribe.dir/__/__/__/libraries/ioLibrary_Driver/Ethernet/wizchip_conf.c.obj
                0x10007c74                ctlnetwork
 .text.WIZCHIP_WRITE
                0x10007cc8       0x5c CMakeFiles/w5x00_mqtt_subscribe.dir/__/__/__/libraries/ioLibrary_Driver/Ethernet/W5100S/w5100s.c.obj
                0x10007cc8                WIZCHIP_WRITE
 .text.WIZCHIP_READ
                0x10007d24       0x60 CMakeFiles/w5x00_mqtt_subscribe.dir/__/__/__/libraries/ioLibrary_Driver/Ethernet/W5100S/w5100s.c.obj
                0x10007d24                WIZCHIP_READ
 .text.WIZCHIP_WRITE_BUF
                0x10007d84       0x74 CMakeFiles/w5x00_mqtt_subscribe.dir/__/__/__/libraries/ioLibrary_Driver/Ethernet/W5100S/w5100s.c.obj
                0x10007d84                WIZCHIP_WRITE_BUF
 .text.WIZCHIP_READ_BUF
                0x10007df8       0x80 CMakeFiles/w5x00_mqtt_subscribe.dir/__/__/__/libraries/ioLibrary_Driver/Ethernet/W5100S/w5100s.c.obj
                0x10007df8                WIZCHIP_READ_BUF
 .text.getSn_TX_FSR
                0x10007e78       0x5e CMakeFiles/w5x00_mqtt_subscribe.dir/__/__/__/libraries/ioLibrary_Driver/Ethernet/W5100S/w5100s.c.obj
                0x10007e78                getSn_TX_FSR
 .text.getSn_RX_RSR
                0x10007ed6       0x5e CMakeFiles/w5x00_mqtt_subscribe.dir/__/__/__/libraries/ioLibrary_Driver/Ethernet/W5100S/w5100s.c.obj
                0x10007ed6                getSn_RX_RSR
 .text.getSn_RxBASE
                0x10007f34       0x32 CMakeFiles/w5x00_mqtt_subscribe.dir/__/__/__/libraries/ioLibrary_Driver/Ethernet/W5100S/w5100s.c.obj
                0x10007f34                getSn_RxBASE
 .text.getSn_TxBASE
                0x10007f66       0x32 CMakeFiles/w5x00_mqtt_subscribe.dir/__/__/__/libraries/ioLibrary_Driver/Ethernet/W5100S/w5100s.c.obj
                0x10007f66                getSn_TxBASE
 .text.wiz_send_data
                0x10007f98      0x104 CMakeFiles/w5x00_mqtt_subscribe.dir/__/__/__/libraries/ioLibrary_Driver/Ethernet/W5100S/w5100s.c.obj
                0x10007f98                wiz_send_data
 .text.wiz_recv_data
                0x1000809c      0x102 CMakeFiles/w5x00_mqtt_subscribe.dir/__/__/__/libraries/ioLibrary_Driver/Ethernet/W5100S/w5100s.c.obj
                0x1000809c                wiz_recv_data
 .text.wiz_mdio_write
                0x1000819e       0x30 CMakeFiles/w5x00_mqtt_subscribe.dir/__/__/__/libraries/ioLibrary_Driver/Ethernet/W5100S/w5100s.c.obj
                0x1000819e                wiz_mdio_write
 .text.wiz_mdio_read
                0x100081ce       0x32 CMakeFiles/w5x00_mqtt_subscribe.dir/__/__/__/libraries/ioLibrary_Driver/Ethernet/W5100S/w5100s.c.obj
                0x100081ce                wiz_mdio_read
 .text.w5x00_read
                0x10008200       0x36 CMakeFiles/w5x00_mqtt_subscribe.dir/__/__/__/libraries/ioLibrary_Driver/Internet/MQTT/mqtt_interface.c.obj
                0x10008200                w5x00_read
 .text.w5x00_write
                0x10008236       0x28 CMakeFiles/w5x00_mqtt_subscribe.dir/__/__/__/libraries/ioLibrary_Driver/Internet/MQTT/mqtt_interface.c.obj
                0x10008236                w5x00_write
 .text.w5x00_disconnect
                0x1000825e        0xa CMakeFiles/w5x00_mqtt_subscribe.dir/__/__/__/libraries/ioLibrary_Driver/Internet/MQTT/mqtt_interface.c.obj
                0x1000825e                w5x00_disconnect
 .text.TimerInit
                0x10008268        0x6 CMakeFiles/w5x00_mqtt_subscribe.dir/__/__/__/libraries/ioLibrary_Driver/Internet/MQTT/mqtt_interface.c.obj
                0x10008268                TimerInit
 *fill*         0x1000826e        0x2 
 .text.TimerIsExpired
                0x10008270       0x10 CMakeFiles/w5x00_mqtt_subscribe.dir/__/__/__/libraries/ioLibrary_Driver/Internet/MQTT/mqtt_interface.c.obj
                0x10008270                TimerIsExpired
 .text.TimerCountdownMS
                0x10008280       0x10 CMakeFiles/w5x00_mqtt_subscribe.dir/__/__/__/libraries/ioLibrary_Driver/Internet/MQTT/mqtt_interface.c.obj
                0x10008280                TimerCountdownMS
 .text.TimerCountdown
                0x10008290       0x1c CMakeFiles/w5x00_mqtt_subscribe.dir/__/__/__/libraries/ioLibrary_Driver/Internet/MQTT/mqtt_interface.c.obj
                0x10008290                TimerCountdown
 .text.TimerLeftMS
                0x100082ac       0x14 CMakeFiles/w5x00_mqtt_subscribe.dir/__/__/__/libraries/ioLibrary_Driver/Internet/MQTT/mqtt_interface.c.obj
                0x100082ac                TimerLeftMS
 .text.NewNetwork
                0x100082c0       0x1c CMakeFiles/w5x00_mqtt_subscribe.dir/__/__/__/libraries/ioLibrary_Driver/Internet/MQTT/mqtt_interface.c.obj
                0x100082c0                NewNetwork
 .text.ConnectNetwork
                0x100082dc       0x34 CMakeFiles/w5x00_mqtt_subscribe.dir/__/__/__/libraries/ioLibrary_Driver/Internet/MQTT/mqtt_interface.c.obj
                0x100082dc                ConnectNetwork
 .text.NewMessageData
                0x10008310        0x6 CMakeFiles/w5x00_mqtt_subscribe.dir/__/__/__/libraries/ioLibrary_Driver/Internet/MQTT/MQTTClient.c.obj
 *fill*         0x10008316        0x2 
 .text.getNextPacketId
                0x10008318       0x18 CMakeFiles/w5x00_mqtt_subscribe.dir/__/__/__/libraries/ioLibrary_Driver/Internet/MQTT/MQTTClient.c.obj
 .text.decodePacket
                0x10008330       0x5c CMakeFiles/w5x00_mqtt_subscribe.dir/__/__/__/libraries/ioLibrary_Driver/Internet/MQTT/MQTTClient.c.obj
 .text.isTopicMatched
                0x1000838c       0x66 CMakeFiles/w5x00_mqtt_subscribe.dir/__/__/__/libraries/ioLibrary_Driver/Internet/MQTT/MQTTClient.c.obj
 .text.sendPacket
                0x100083f2       0x64 CMakeFiles/w5x00_mqtt_subscribe.dir/__/__/__/libraries/ioLibrary_Driver/Internet/MQTT/MQTTClient.c.obj
 .text.readPacket
                0x10008456       0x8e CMakeFiles/w5x00_mqtt_subscribe.dir/__/__/__/libraries/ioLibrary_Driver/Internet/MQTT/MQTTClient.c.obj
 .text.MQTTClientInit
                0x100084e4       0x3c CMakeFiles/w5x00_mqtt_subscribe.dir/__/__/__/libraries/ioLibrary_Driver/Internet/MQTT/MQTTClient.c.obj
                0x100084e4                MQTTClientInit
 .text.deliverMessage
                0x10008520       0x92 CMakeFiles/w5x00_mqtt_subscribe.dir/__/__/__/libraries/ioLibrary_Driver/Internet/MQTT/MQTTClient.c.obj
                0x10008520                deliverMessage
 .text.keepalive
                0x100085b2       0x62 CMakeFiles/w5x00_mqtt_subscribe.dir/__/__/__/libraries/ioLibrary_Driver/Internet/MQTT/MQTTClient.c.obj
                0x100085b2                keepalive
 .text.cycle    0x10008614      0x124 CMakeFiles/w5x00_mqtt_subscribe.dir/__/__/__/libraries/ioLibrary_Driver/Internet/MQTT/MQTTClient.c.obj
                0x10008614                cycle
 .text.MQTTYield
                0x10008738       0x28 CMakeFiles/w5x00_mqtt_subscribe.dir/__/__/__/libraries/ioLibrary_Driver/Internet/MQTT/MQTTClient.c.obj
                0x10008738                MQTTYield
 .text.waitfor  0x10008760       0x28 CMakeFiles/w5x00_mqtt_subscribe.dir/__/__/__/libraries/ioLibrary_Driver/Internet/MQTT/MQTTClient.c.obj
                0x10008760                waitfor
 .text.MQTTConnect
                0x10008788       0xac CMakeFiles/w5x00_mqtt_subscribe.dir/__/__/__/libraries/ioLibrary_Driver/Internet/MQTT/MQTTClient.c.obj
                0x10008788                MQTTConnect
 .text.MQTTSubscribe
                0x10008834       0xe8 CMakeFiles/w5x00_mqtt_subscribe.dir/__/__/__/libraries/ioLibrary_Driver/Internet/MQTT/MQTTClient.c.obj
                0x10008834                MQTTSubscribe
 .text.MQTTSerialize_connectLength
                0x1000891c       0x86 CMakeFiles/w5x00_mqtt_subscribe.dir/__/__/__/libraries/ioLibrary_Driver/Internet/MQTT/MQTTPacket/src/MQTTConnectClient.c.obj
                0x1000891c                MQTTSerialize_connectLength
 *fill*         0x100089a2        0x2 
 .text.MQTTSerialize_connect
                0x100089a4      0x12c CMakeFiles/w5x00_mqtt_subscribe.dir/__/__/__/libraries/ioLibrary_Driver/Internet/MQTT/MQTTPacket/src/MQTTConnectClient.c.obj
                0x100089a4                MQTTSerialize_connect
 .text.MQTTDeserialize_connack
                0x10008ad0       0x4c CMakeFiles/w5x00_mqtt_subscribe.dir/__/__/__/libraries/ioLibrary_Driver/Internet/MQTT/MQTTPacket/src/MQTTConnectClient.c.obj
                0x10008ad0                MQTTDeserialize_connack
 .text.MQTTSerialize_zero
                0x10008b1c       0x34 CMakeFiles/w5x00_mqtt_subscribe.dir/__/__/__/libraries/ioLibrary_Driver/Internet/MQTT/MQTTPacket/src/MQTTConnectClient.c.obj
                0x10008b1c                MQTTSerialize_zero
 .text.MQTTSerialize_pingreq
                0x10008b50        0xa CMakeFiles/w5x00_mqtt_subscribe.dir/__/__/__/libraries/ioLibrary_Driver/Internet/MQTT/MQTTPacket/src/MQTTConnectClient.c.obj
                0x10008b50                MQTTSerialize_pingreq
 .text.MQTTDeserialize_publish
                0x10008b5a       0x8a CMakeFiles/w5x00_mqtt_subscribe.dir/__/__/__/libraries/ioLibrary_Driver/Internet/MQTT/MQTTPacket/src/MQTTDeserializePublish.c.obj
                0x10008b5a                MQTTDeserialize_publish
 .text.MQTTDeserialize_ack
                0x10008be4       0x40 CMakeFiles/w5x00_mqtt_subscribe.dir/__/__/__/libraries/ioLibrary_Driver/Internet/MQTT/MQTTPacket/src/MQTTDeserializePublish.c.obj
                0x10008be4                MQTTDeserialize_ack
 .text.bufchar  0x10008c24       0x24 CMakeFiles/w5x00_mqtt_subscribe.dir/__/__/__/libraries/ioLibrary_Driver/Internet/MQTT/MQTTPacket/src/MQTTPacket.c.obj
                0x10008c24                bufchar
 .text.MQTTPacket_encode
                0x10008c48       0x38 CMakeFiles/w5x00_mqtt_subscribe.dir/__/__/__/libraries/ioLibrary_Driver/Internet/MQTT/MQTTPacket/src/MQTTPacket.c.obj
                0x10008c48                MQTTPacket_encode
 .text.MQTTPacket_decode
                0x10008c80       0x46 CMakeFiles/w5x00_mqtt_subscribe.dir/__/__/__/libraries/ioLibrary_Driver/Internet/MQTT/MQTTPacket/src/MQTTPacket.c.obj
                0x10008c80                MQTTPacket_decode
 *fill*         0x10008cc6        0x2 
 .text.MQTTPacket_len
                0x10008cc8       0x28 CMakeFiles/w5x00_mqtt_subscribe.dir/__/__/__/libraries/ioLibrary_Driver/Internet/MQTT/MQTTPacket/src/MQTTPacket.c.obj
                0x10008cc8                MQTTPacket_len
 .text.MQTTPacket_decodeBuf
                0x10008cf0       0x18 CMakeFiles/w5x00_mqtt_subscribe.dir/__/__/__/libraries/ioLibrary_Driver/Internet/MQTT/MQTTPacket/src/MQTTPacket.c.obj
                0x10008cf0                MQTTPacket_decodeBuf
 .text.readInt  0x10008d08       0x12 CMakeFiles/w5x00_mqtt_subscribe.dir/__/__/__/libraries/ioLibrary_Driver/Internet/MQTT/MQTTPacket/src/MQTTPacket.c.obj
                0x10008d08                readInt
 .text.readChar
                0x10008d1a        0xc CMakeFiles/w5x00_mqtt_subscribe.dir/__/__/__/libraries/ioLibrary_Driver/Internet/MQTT/MQTTPacket/src/MQTTPacket.c.obj
                0x10008d1a                readChar
 .text.writeChar
                0x10008d26        0xc CMakeFiles/w5x00_mqtt_subscribe.dir/__/__/__/libraries/ioLibrary_Driver/Internet/MQTT/MQTTPacket/src/MQTTPacket.c.obj
                0x10008d26                writeChar
 .text.writeInt
                0x10008d32       0x2a CMakeFiles/w5x00_mqtt_subscribe.dir/__/__/__/libraries/ioLibrary_Driver/Internet/MQTT/MQTTPacket/src/MQTTPacket.c.obj
                0x10008d32                writeInt
 .text.writeCString
                0x10008d5c       0x2a CMakeFiles/w5x00_mqtt_subscribe.dir/__/__/__/libraries/ioLibrary_Driver/Internet/MQTT/MQTTPacket/src/MQTTPacket.c.obj
                0x10008d5c                writeCString
 .text.writeMQTTString
                0x10008d86       0x40 CMakeFiles/w5x00_mqtt_subscribe.dir/__/__/__/libraries/ioLibrary_Driver/Internet/MQTT/MQTTPacket/src/MQTTPacket.c.obj
                0x10008d86                writeMQTTString
 .text.readMQTTLenString
                0x10008dc6       0x34 CMakeFiles/w5x00_mqtt_subscribe.dir/__/__/__/libraries/ioLibrary_Driver/Internet/MQTT/MQTTPacket/src/MQTTPacket.c.obj
                0x10008dc6                readMQTTLenString
 .text.MQTTstrlen
                0x10008dfa       0x1a CMakeFiles/w5x00_mqtt_subscribe.dir/__/__/__/libraries/ioLibrary_Driver/Internet/MQTT/MQTTPacket/src/MQTTPacket.c.obj
                0x10008dfa                MQTTstrlen
 .text.MQTTPacket_equals
                0x10008e14       0x3c CMakeFiles/w5x00_mqtt_subscribe.dir/__/__/__/libraries/ioLibrary_Driver/Internet/MQTT/MQTTPacket/src/MQTTPacket.c.obj
                0x10008e14                MQTTPacket_equals
 .text.MQTTSerialize_ack
                0x10008e50       0x54 CMakeFiles/w5x00_mqtt_subscribe.dir/__/__/__/libraries/ioLibrary_Driver/Internet/MQTT/MQTTPacket/src/MQTTSerializePublish.c.obj
                0x10008e50                MQTTSerialize_ack
 .text.MQTTSerialize_subscribeLength
                0x10008ea4       0x2c CMakeFiles/w5x00_mqtt_subscribe.dir/__/__/__/libraries/ioLibrary_Driver/Internet/MQTT/MQTTPacket/src/MQTTSubscribeClient.c.obj
                0x10008ea4                MQTTSerialize_subscribeLength
 .text.MQTTSerialize_subscribe
                0x10008ed0       0x9e CMakeFiles/w5x00_mqtt_subscribe.dir/__/__/__/libraries/ioLibrary_Driver/Internet/MQTT/MQTTPacket/src/MQTTSubscribeClient.c.obj
                0x10008ed0                MQTTSerialize_subscribe
 .text.MQTTDeserialize_suback
                0x10008f6e       0x72 CMakeFiles/w5x00_mqtt_subscribe.dir/__/__/__/libraries/ioLibrary_Driver/Internet/MQTT/MQTTPacket/src/MQTTSubscribeClient.c.obj
                0x10008f6e                MQTTDeserialize_suback
 .text.wizchip_select
                0x10008fe0        0xc CMakeFiles/w5x00_mqtt_subscribe.dir/__/__/__/port/ioLibrary_Driver/w5x00_spi.c.obj
 .text.wizchip_deselect
                0x10008fec        0xc CMakeFiles/w5x00_mqtt_subscribe.dir/__/__/__/port/ioLibrary_Driver/w5x00_spi.c.obj
 .text.wizchip_critical_section_unlock
                0x10008ff8       0x18 CMakeFiles/w5x00_mqtt_subscribe.dir/__/__/__/port/ioLibrary_Driver/w5x00_spi.c.obj
 .text.wizchip_critical_section_lock
                0x10009010       0x20 CMakeFiles/w5x00_mqtt_subscribe.dir/__/__/__/port/ioLibrary_Driver/w5x00_spi.c.obj
 .text.wizchip_write
                0x10009030       0x1c CMakeFiles/w5x00_mqtt_subscribe.dir/__/__/__/port/ioLibrary_Driver/w5x00_spi.c.obj
 .text.wizchip_read
                0x1000904c       0x24 CMakeFiles/w5x00_mqtt_subscribe.dir/__/__/__/port/ioLibrary_Driver/w5x00_spi.c.obj
 .text.wizchip_reset
                0x10009070       0x1e CMakeFiles/w5x00_mqtt_subscribe.dir/__/__/__/port/ioLibrary_Driver/w5x00_spi.c.obj
                0x10009070                wizchip_reset
 *fill*         0x1000908e        0x2 
 .text.wizchip_initialize
                0x10009090       0x8c CMakeFiles/w5x00_mqtt_subscribe.dir/__/__/__/port/ioLibrary_Driver/w5x00_spi.c.obj
                0x10009090                wizchip_initialize
 .text.wizchip_check
                0x1000911c       0x24 CMakeFiles/w5x00_mqtt_subscribe.dir/__/__/__/port/ioLibrary_Driver/w5x00_spi.c.obj
                0x1000911c                wizchip_check
 .text.network_initialize
                0x10009140       0x1c CMakeFiles/w5x00_mqtt_subscribe.dir/__/__/__/port/ioLibrary_Driver/w5x00_spi.c.obj
                0x10009140                network_initialize
 .text.print_network_information
                0x1000915c       0xf0 CMakeFiles/w5x00_mqtt_subscribe.dir/__/__/__/port/ioLibrary_Driver/w5x00_spi.c.obj
                0x1000915c                print_network_information
 .text.strlen   0x1000924c       0x5c c:/progra~2/gnuarm~1/102020~1/bin/../lib/gcc/arm-none-eabi/10.2.1/../../../../arm-none-eabi/lib/thumb/v6-m/nofp\libg.a(lib_a-strlen-stub.o)
                0x1000924c                strlen
 .text.strncmp  0x100092a8       0x74 c:/progra~2/gnuarm~1/102020~1/bin/../lib/gcc/arm-none-eabi/10.2.1/../../../../arm-none-eabi/lib/thumb/v6-m/nofp\libg.a(lib_a-strncmp.o)
                0x100092a8                strncmp
 *(.fini)
 .fini          0x1000931c        0x4 c:/progra~2/gnuarm~1/102020~1/bin/../lib/gcc/arm-none-eabi/10.2.1/thumb/v6-m/nofp/crti.o
                0x1000931c                _fini
 .fini.__stub   0x10009320       0x90 linker stubs
 *crtbegin.o(.ctors)
 *crtbegin?.o(.ctors)
 *(EXCLUDE_FILE(*crtend.o *crtend?.o) .ctors)
 *(SORT_BY_NAME(.ctors.*))
 *(.ctors)
 *crtbegin.o(.dtors)
 *crtbegin?.o(.dtors)
 *(EXCLUDE_FILE(*crtend.o *crtend?.o) .dtors)
 *(SORT_BY_NAME(.dtors.*))
 *(.dtors)
 *(.eh_frame*)
 .eh_frame      0x100093b0        0x0 c:/progra~2/gnuarm~1/102020~1/bin/../lib/gcc/arm-none-eabi/10.2.1/thumb/v6-m/nofp/crtbegin.o
                0x100093b0                . = ALIGN (0x4)

.glue_7         0x100093b0        0x0
 .glue_7        0x100093b0        0x0 linker stubs

.glue_7t        0x100093b0        0x0
 .glue_7t       0x100093b0        0x0 linker stubs

.vfp11_veneer   0x100093b0        0x0
 .vfp11_veneer  0x100093b0        0x0 linker stubs

.v4_bx          0x100093b0        0x0
 .v4_bx         0x100093b0        0x0 linker stubs

.iplt           0x100093b0        0x0
 .iplt          0x100093b0        0x0 c:/progra~2/gnuarm~1/102020~1/bin/../lib/gcc/arm-none-eabi/10.2.1/thumb/v6-m/nofp/crtbegin.o

.rodata         0x100093b0     0x1a0c
 *(EXCLUDE_FILE(*libm.a: *libc.a:*lib_a-mem*.o *libgcc.a:) .rodata*)
 .rodata.message_arrived.str1.4
                0x100093b0        0x5 CMakeFiles/w5x00_mqtt_subscribe.dir/w5x00_mqtt_subscribe.c.obj
 *fill*         0x100093b5        0x3 
 .rodata.main.str1.4
                0x100093b8       0xab CMakeFiles/w5x00_mqtt_subscribe.dir/w5x00_mqtt_subscribe.c.obj
 *fill*         0x10009463        0x1 
 .rodata.str1.4
                0x10009464       0x12 CMakeFiles/w5x00_mqtt_subscribe.dir/w5x00_mqtt_subscribe.c.obj
 *fill*         0x10009476        0x2 
 .rodata.__bi_120.0
                0x10009478        0x8 CMakeFiles/w5x00_mqtt_subscribe.dir/w5x00_mqtt_subscribe.c.obj
 .rodata.__bi_128.1
                0x10009480        0xc CMakeFiles/w5x00_mqtt_subscribe.dir/w5x00_mqtt_subscribe.c.obj
 .rodata.g_net_info
                0x1000948c       0x17 CMakeFiles/w5x00_mqtt_subscribe.dir/w5x00_mqtt_subscribe.c.obj
 *fill*         0x100094a3        0x1 
 .rodata.spin_lock_claim_unused.str1.4
                0x100094a4       0x1b CMakeFiles/w5x00_mqtt_subscribe.dir/D_/Boards/RP2040/pico-sdk/src/rp2_common/hardware_sync/sync.c.obj
 *fill*         0x100094bf        0x1 
 .rodata.repeating_timer_callback.str1.4
                0x100094c0       0x4a CMakeFiles/w5x00_mqtt_subscribe.dir/D_/Boards/RP2040/pico-sdk/src/common/pico_time/time.c.obj
 *fill*         0x1000950a        0x2 
 .rodata.alarm_pool_dump_key.str1.4
                0x1000950c       0x33 CMakeFiles/w5x00_mqtt_subscribe.dir/D_/Boards/RP2040/pico-sdk/src/common/pico_time/time.c.obj
 *fill*         0x1000953f        0x1 
 .rodata.ph_add_child_node.str1.4
                0x10009540       0x96 CMakeFiles/w5x00_mqtt_subscribe.dir/D_/Boards/RP2040/pico-sdk/src/common/pico_time/time.c.obj
 *fill*         0x100095d6        0x2 
 .rodata.add_alarm_under_lock.str1.4
                0x100095d8       0x28 CMakeFiles/w5x00_mqtt_subscribe.dir/D_/Boards/RP2040/pico-sdk/src/common/pico_time/time.c.obj
                                 0x2b (size before relaxing)
 .rodata.alarm_pool_alarm_callback.str1.4
                0x10009600       0xe2 CMakeFiles/w5x00_mqtt_subscribe.dir/D_/Boards/RP2040/pico-sdk/src/common/pico_time/time.c.obj
 *fill*         0x100096e2        0x2 
 .rodata.alarm_pool_get_default.str1.4
                0x100096e4       0x21 CMakeFiles/w5x00_mqtt_subscribe.dir/D_/Boards/RP2040/pico-sdk/src/common/pico_time/time.c.obj
 *fill*         0x10009705        0x3 
 .rodata.alarm_pool_cancel_alarm.str1.4
                0x10009708       0x27 CMakeFiles/w5x00_mqtt_subscribe.dir/D_/Boards/RP2040/pico-sdk/src/common/pico_time/time.c.obj
 *fill*         0x1000972f        0x1 
 .rodata.sleep_until.str1.4
                0x10009730       0x4d CMakeFiles/w5x00_mqtt_subscribe.dir/D_/Boards/RP2040/pico-sdk/src/common/pico_time/time.c.obj
 *fill*         0x1000977d        0x3 
 .rodata.__func__.1
                0x10009780       0x18 CMakeFiles/w5x00_mqtt_subscribe.dir/D_/Boards/RP2040/pico-sdk/src/common/pico_time/time.c.obj
 .rodata.__func__.10
                0x10009798       0x15 CMakeFiles/w5x00_mqtt_subscribe.dir/D_/Boards/RP2040/pico-sdk/src/common/pico_time/time.c.obj
 *fill*         0x100097ad        0x3 
 .rodata.__func__.11
                0x100097b0       0x1a CMakeFiles/w5x00_mqtt_subscribe.dir/D_/Boards/RP2040/pico-sdk/src/common/pico_time/time.c.obj
 *fill*         0x100097ca        0x2 
 .rodata.__func__.12
                0x100097cc        0xa CMakeFiles/w5x00_mqtt_subscribe.dir/D_/Boards/RP2040/pico-sdk/src/common/pico_time/time.c.obj
 *fill*         0x100097d6        0x2 
 .rodata.__func__.3
                0x100097d8       0x17 CMakeFiles/w5x00_mqtt_subscribe.dir/D_/Boards/RP2040/pico-sdk/src/common/pico_time/time.c.obj
 *fill*         0x100097ef        0x1 
 .rodata.__func__.4
                0x100097f0       0x12 CMakeFiles/w5x00_mqtt_subscribe.dir/D_/Boards/RP2040/pico-sdk/src/common/pico_time/time.c.obj
 *fill*         0x10009802        0x2 
 .rodata.__func__.5
                0x10009804        0xd CMakeFiles/w5x00_mqtt_subscribe.dir/D_/Boards/RP2040/pico-sdk/src/common/pico_time/time.c.obj
 *fill*         0x10009811        0x3 
 .rodata.__func__.6
                0x10009814       0x12 CMakeFiles/w5x00_mqtt_subscribe.dir/D_/Boards/RP2040/pico-sdk/src/common/pico_time/time.c.obj
 *fill*         0x10009826        0x2 
 .rodata.__func__.7
                0x10009828        0xf CMakeFiles/w5x00_mqtt_subscribe.dir/D_/Boards/RP2040/pico-sdk/src/common/pico_time/time.c.obj
 *fill*         0x10009837        0x1 
 .rodata.__func__.8
                0x10009838        0xc CMakeFiles/w5x00_mqtt_subscribe.dir/D_/Boards/RP2040/pico-sdk/src/common/pico_time/time.c.obj
 .rodata.__func__.9
                0x10009844       0x15 CMakeFiles/w5x00_mqtt_subscribe.dir/D_/Boards/RP2040/pico-sdk/src/common/pico_time/time.c.obj
 *fill*         0x10009859        0x3 
 .rodata.hardware_alarm_claim.str1.4
                0x1000985c       0x22 CMakeFiles/w5x00_mqtt_subscribe.dir/D_/Boards/RP2040/pico-sdk/src/rp2_common/hardware_timer/timer.c.obj
 *fill*         0x1000987e        0x2 
 .rodata.hardware_alarm_set_target.str1.4
                0x10009880       0x64 CMakeFiles/w5x00_mqtt_subscribe.dir/D_/Boards/RP2040/pico-sdk/src/rp2_common/hardware_timer/timer.c.obj
 .rodata.__func__.0
                0x100098e4       0x1a CMakeFiles/w5x00_mqtt_subscribe.dir/D_/Boards/RP2040/pico-sdk/src/rp2_common/hardware_timer/timer.c.obj
 *fill*         0x100098fe        0x2 
 .rodata.str1.4
                0x10009900       0xb1 CMakeFiles/w5x00_mqtt_subscribe.dir/D_/Boards/RP2040/pico-sdk/src/common/pico_sync/mutex.c.obj
                                0x111 (size before relaxing)
 *fill*         0x100099b1        0x3 
 .rodata.__func__.0
                0x100099b4        0xb CMakeFiles/w5x00_mqtt_subscribe.dir/D_/Boards/RP2040/pico-sdk/src/common/pico_sync/mutex.c.obj
 *fill*         0x100099bf        0x1 
 .rodata.__func__.1
                0x100099c0       0x18 CMakeFiles/w5x00_mqtt_subscribe.dir/D_/Boards/RP2040/pico-sdk/src/common/pico_sync/mutex.c.obj
 .rodata.__func__.2
                0x100099d8       0x15 CMakeFiles/w5x00_mqtt_subscribe.dir/D_/Boards/RP2040/pico-sdk/src/common/pico_sync/mutex.c.obj
 *fill*         0x100099ed        0x3 
 .rodata.__func__.3
                0x100099f0       0x15 CMakeFiles/w5x00_mqtt_subscribe.dir/D_/Boards/RP2040/pico-sdk/src/common/pico_sync/mutex.c.obj
 .rodata.ph_add_child_node.str1.4
                0x10009a05       0x96 CMakeFiles/w5x00_mqtt_subscribe.dir/D_/Boards/RP2040/pico-sdk/src/common/pico_util/pheap.c.obj
 *fill*         0x10009a05        0x3 
 .rodata.ph_remove_any_head.str1.4
                0x10009a08       0x8c CMakeFiles/w5x00_mqtt_subscribe.dir/D_/Boards/RP2040/pico-sdk/src/common/pico_util/pheap.c.obj
 .rodata.ph_remove_and_free_node.str1.4
                0x10009a94       0x26 CMakeFiles/w5x00_mqtt_subscribe.dir/D_/Boards/RP2040/pico-sdk/src/common/pico_util/pheap.c.obj
 *fill*         0x10009aba        0x2 
 .rodata.__func__.0
                0x10009abc       0x18 CMakeFiles/w5x00_mqtt_subscribe.dir/D_/Boards/RP2040/pico-sdk/src/common/pico_util/pheap.c.obj
 .rodata.__func__.1
                0x10009ad4       0x13 CMakeFiles/w5x00_mqtt_subscribe.dir/D_/Boards/RP2040/pico-sdk/src/common/pico_util/pheap.c.obj
 *fill*         0x10009ae7        0x1 
 .rodata.__func__.2
                0x10009ae8       0x12 CMakeFiles/w5x00_mqtt_subscribe.dir/D_/Boards/RP2040/pico-sdk/src/common/pico_util/pheap.c.obj
 *fill*         0x10009afa        0x2 
 .rodata.__func__.3
                0x10009afc        0xc CMakeFiles/w5x00_mqtt_subscribe.dir/D_/Boards/RP2040/pico-sdk/src/common/pico_util/pheap.c.obj
 .rodata.__assert_func.str1.4
                0x10009b08       0x3f CMakeFiles/w5x00_mqtt_subscribe.dir/D_/Boards/RP2040/pico-sdk/src/rp2_common/pico_runtime/runtime.c.obj
                                 0x43 (size before relaxing)
 *fill*         0x10009b47        0x1 
 .rodata.panic.str1.4
                0x10009b48       0x10 CMakeFiles/w5x00_mqtt_subscribe.dir/D_/Boards/RP2040/pico-sdk/src/rp2_common/pico_runtime/runtime.c.obj
                                 0x12 (size before relaxing)
 .rodata.clock_configure.str1.4
                0x10009b58       0x56 CMakeFiles/w5x00_mqtt_subscribe.dir/D_/Boards/RP2040/pico-sdk/src/rp2_common/hardware_clocks/clocks.c.obj
 *fill*         0x10009bae        0x2 
 .rodata.__func__.1
                0x10009bb0       0x10 CMakeFiles/w5x00_mqtt_subscribe.dir/D_/Boards/RP2040/pico-sdk/src/rp2_common/hardware_clocks/clocks.c.obj
 .rodata.make_branch.str1.4
                0x10009bc0       0x4c CMakeFiles/w5x00_mqtt_subscribe.dir/D_/Boards/RP2040/pico-sdk/src/rp2_common/hardware_irq/irq.c.obj
 .rodata.irq_set_exclusive_handler.str1.4
                0x10009c0c       0x36 CMakeFiles/w5x00_mqtt_subscribe.dir/D_/Boards/RP2040/pico-sdk/src/rp2_common/hardware_irq/irq.c.obj
 *fill*         0x10009c42        0x2 
 .rodata.irq_add_shared_handler.str1.4
                0x10009c44       0xd9 CMakeFiles/w5x00_mqtt_subscribe.dir/D_/Boards/RP2040/pico-sdk/src/rp2_common/hardware_irq/irq.c.obj
 *fill*         0x10009d1d        0x3 
 .rodata.irq_remove_handler.str1.4
                0x10009d20       0x2a CMakeFiles/w5x00_mqtt_subscribe.dir/D_/Boards/RP2040/pico-sdk/src/rp2_common/hardware_irq/irq.c.obj
 *fill*         0x10009d4a        0x2 
 .rodata.irq_add_tail_to_free_list.str1.4
                0x10009d4c       0x32 CMakeFiles/w5x00_mqtt_subscribe.dir/D_/Boards/RP2040/pico-sdk/src/rp2_common/hardware_irq/irq.c.obj
                                 0x3a (size before relaxing)
 *fill*         0x10009d7e        0x2 
 .rodata.__func__.0
                0x10009d80       0x1a CMakeFiles/w5x00_mqtt_subscribe.dir/D_/Boards/RP2040/pico-sdk/src/rp2_common/hardware_irq/irq.c.obj