Archive member included to satisfy reference by file (symbol)

c:/progra~2/gnuarm~1/102020~1/bin/../lib/gcc/arm-none-eabi/10.2.1/thumb/v6-m/nofp\libgcc.a(_dvmd_tls.o)
                              CMakeFiles/w5x00_loopback.dir/D_/Boards/RP2040/pico-sdk/src/rp2_common/pico_divider/divider.S.obj (__aeabi_idiv0)
c:/progra~2/gnuarm~1/102020~1/bin/../lib/gcc/arm-none-eabi/10.2.1/../../../../arm-none-eabi/lib/thumb/v6-m/nofp\libg.a(lib_a-calloc.o)
                              CMakeFiles/w5x00_loopback.dir/D_/Boards/RP2040/pico-sdk/src/rp2_common/pico_malloc/pico_malloc.c.obj (calloc)
c:/progra~2/gnuarm~1/102020~1/bin/../lib/gcc/arm-none-eabi/10.2.1/../../../../arm-none-eabi/lib/thumb/v6-m/nofp\libg.a(lib_a-callocr.o)
                              c:/progra~2/gnuarm~1/102020~1/bin/../lib/gcc/arm-none-eabi/10.2.1/../../../../arm-none-eabi/lib/thumb/v6-m/nofp\libg.a(lib_a-calloc.o) (_calloc_r)
c:/progra~2/gnuarm~1/102020~1/bin/../lib/gcc/arm-none-eabi/10.2.1/../../../../arm-none-eabi/lib/thumb/v6-m/nofp\libg.a(lib_a-ctype_.o)
                              CMakeFiles/w5x00_loopback.dir/D_/Boards/RP2040/pico-sdk/lib/tinyusb/src/tusb.c.obj (_ctype_)
c:/progra~2/gnuarm~1/102020~1/bin/../lib/gcc/arm-none-eabi/10.2.1/../../../../arm-none-eabi/lib/thumb/v6-m/nofp\libg.a(lib_a-impure.o)
                              c:/progra~2/gnuarm~1/102020~1/bin/../lib/gcc/arm-none-eabi/10.2.1/../../../../arm-none-eabi/lib/thumb/v6-m/nofp\libg.a(lib_a-calloc.o) (_impure_ptr)
c:/progra~2/gnuarm~1/102020~1/bin/../lib/gcc/arm-none-eabi/10.2.1/../../../../arm-none-eabi/lib/thumb/v6-m/nofp\libg.a(lib_a-init.o)
                              c:/progra~2/gnuarm~1/102020~1/bin/../lib/gcc/arm-none-eabi/10.2.1/../../../../arm-none-eabi/lib/thumb/v6-m/nofp/crt0.o (__libc_init_array)
c:/progra~2/gnuarm~1/102020~1/bin/../lib/gcc/arm-none-eabi/10.2.1/../../../../arm-none-eabi/lib/thumb/v6-m/nofp\libg.a(lib_a-malloc.o)
                              CMakeFiles/w5x00_loopback.dir/D_/Boards/RP2040/pico-sdk/src/rp2_common/pico_malloc/pico_malloc.c.obj (malloc)
c:/progra~2/gnuarm~1/102020~1/bin/../lib/gcc/arm-none-eabi/10.2.1/../../../../arm-none-eabi/lib/thumb/v6-m/nofp\libg.a(lib_a-mallocr.o)
                              c:/progra~2/gnuarm~1/102020~1/bin/../lib/gcc/arm-none-eabi/10.2.1/../../../../arm-none-eabi/lib/thumb/v6-m/nofp\libg.a(lib_a-callocr.o) (_malloc_r)
c:/progra~2/gnuarm~1/102020~1/bin/../lib/gcc/arm-none-eabi/10.2.1/../../../../arm-none-eabi/lib/thumb/v6-m/nofp\libg.a(lib_a-mlock.o)
                              c:/progra~2/gnuarm~1/102020~1/bin/../lib/gcc/arm-none-eabi/10.2.1/../../../../arm-none-eabi/lib/thumb/v6-m/nofp\libg.a(lib_a-mallocr.o) (__malloc_lock)
c:/progra~2/gnuarm~1/102020~1/bin/../lib/gcc/arm-none-eabi/10.2.1/../../../../arm-none-eabi/lib/thumb/v6-m/nofp\libg.a(lib_a-sbrkr.o)
                              c:/progra~2/gnuarm~1/102020~1/bin/../lib/gcc/arm-none-eabi/10.2.1/../../../../arm-none-eabi/lib/thumb/v6-m/nofp\libg.a(lib_a-mallocr.o) (_sbrk_r)
c:/progra~2/gnuarm~1/102020~1/bin/../lib/gcc/arm-none-eabi/10.2.1/../../../../arm-none-eabi/lib/thumb/v6-m/nofp\libg.a(lib_a-strlen-stub.o)
                              CMakeFiles/w5x00_loopback.dir/D_/Boards/RP2040/pico-sdk/src/rp2_common/pico_stdio/stdio.c.obj (strlen)
c:/progra~2/gnuarm~1/102020~1/bin/../lib/gcc/arm-none-eabi/10.2.1/../../../../arm-none-eabi/lib/thumb/v6-m/nofp\libg.a(lib_a-freer.o)
                              c:/progra~2/gnuarm~1/102020~1/bin/../lib/gcc/arm-none-eabi/10.2.1/../../../../arm-none-eabi/lib/thumb/v6-m/nofp\libg.a(lib_a-malloc.o) (_free_r)
c:/progra~2/gnuarm~1/102020~1/bin/../lib/gcc/arm-none-eabi/10.2.1/../../../../arm-none-eabi/lib/thumb/v6-m/nofp\libg.a(lib_a-lock.o)
                              c:/progra~2/gnuarm~1/102020~1/bin/../lib/gcc/arm-none-eabi/10.2.1/../../../../arm-none-eabi/lib/thumb/v6-m/nofp\libg.a(lib_a-mlock.o) (__retarget_lock_acquire_recursive)
c:/progra~2/gnuarm~1/102020~1/bin/../lib/gcc/arm-none-eabi/10.2.1/../../../../arm-none-eabi/lib/thumb/v6-m/nofp\libg.a(lib_a-reent.o)
                              c:/progra~2/gnuarm~1/102020~1/bin/../lib/gcc/arm-none-eabi/10.2.1/../../../../arm-none-eabi/lib/thumb/v6-m/nofp\libg.a(lib_a-sbrkr.o) (errno)

Discarded input sections

 .text          0x00000000        0x0 c:/progra~2/gnuarm~1/102020~1/bin/../lib/gcc/arm-none-eabi/10.2.1/thumb/v6-m/nofp/crti.o
 .data          0x00000000        0x0 c:/progra~2/gnuarm~1/102020~1/bin/../lib/gcc/arm-none-eabi/10.2.1/thumb/v6-m/nofp/crti.o
 .bss           0x00000000        0x0 c:/progra~2/gnuarm~1/102020~1/bin/../lib/gcc/arm-none-eabi/10.2.1/thumb/v6-m/nofp/crti.o
 .data          0x00000000        0x4 c:/progra~2/gnuarm~1/102020~1/bin/../lib/gcc/arm-none-eabi/10.2.1/thumb/v6-m/nofp/crtbegin.o
 .rodata        0x00000000       0x24 c:/progra~2/gnuarm~1/102020~1/bin/../lib/gcc/arm-none-eabi/10.2.1/thumb/v6-m/nofp/crtbegin.o
[...]
Memory Configuration

Name             Origin             Length             Attributes
FLASH            0x10000000         0x00200000         xr
RAM              0x20000000         0x00040000         xrw
SCRATCH_X        0x20040000         0x00001000         xrw
SCRATCH_Y        0x20041000         0x00001000         xrw
*default*        0x00000000         0xffffffff

Linker script and memory map

LOAD c:/progra~2/gnuarm~1/102020~1/bin/../lib/gcc/arm-none-eabi/10.2.1/thumb/v6-m/nofp/crti.o
LOAD c:/progra~2/gnuarm~1/102020~1/bin/../lib/gcc/arm-none-eabi/10.2.1/thumb/v6-m/nofp/crtbegin.o
LOAD c:/progra~2/gnuarm~1/102020~1/bin/../lib/gcc/arm-none-eabi/10.2.1/../../../../arm-none-eabi/lib/thumb/v6-m/nofp/crt0.o

.flash_begin    0x10000000        0x0
                0x10000000                __flash_binary_start = .

.boot2          0x10000000      0x100
                0x10000000                __boot2_start__ = .
 *(.boot2)
 .boot2         0x10000000      0x100 C:\Users\David\AppData\Local\Temp\ccOM8dqs.o
                0x10000100                __boot2_end__ = .
                0x00000001                ASSERT (((__boot2_end__ - __boot2_start__) == 0x100), ERROR: Pico second stage bootloader must be 256 bytes in size)

.text           0x10000100     0x8430
                0x10000100                __logical_binary_start = .
 *(.vectors)
 .vectors       0x10000100       0xd4 CMakeFiles/w5x00_loopback.dir/D_/Boards/RP2040/pico-sdk/src/rp2_common/pico_standard_link/crt0.S.obj
                0x10000100                __VECTOR_TABLE
                0x10000100                __vectors
                0x100001c0                isr_invalid
                0x100001c0                __default_isrs_start
                0x100001c2                isr_nmi
                0x100001c4                isr_hardfault
                0x100001c6                isr_svcall
                0x100001c8                isr_pendsv
                0x100001ca                isr_systick
                0x100001cc                isr_irq23
                0x100001cc                isr_irq18
                0x100001cc                isr_irq11
                0x100001cc                isr_irq28
                0x100001cc                isr_irq19
                0x100001cc                isr_irq0
                0x100001cc                isr_irq6
                0x100001cc                isr_irq5
                0x100001cc                isr_irq12
                0x100001cc                isr_irq22
                0x100001cc                isr_irq31
                0x100001cc                isr_irq17
                0x100001cc                isr_irq27
                0x100001cc                isr_irq30
                0x100001cc                isr_irq2
                0x100001cc                isr_irq10
                0x100001cc                isr_irq8
                0x100001cc                isr_irq24
                0x100001cc                isr_irq1
                0x100001cc                isr_irq7
                0x100001cc                isr_irq21
                0x100001cc                isr_irq20
                0x100001cc                isr_irq15
                0x100001cc                isr_irq25
                0x100001cc                isr_irq13
                0x100001cc                __unhandled_user_irq
                0x100001cc                isr_irq4
                0x100001cc                isr_irq16
                0x100001cc                isr_irq29
                0x100001cc                isr_irq26
                0x100001cc                __default_isrs_end
                0x100001cc                isr_irq3
                0x100001cc                isr_irq14
                0x100001cc                isr_irq9
                0x100001d2                unhandled_user_irq_num_in_r0
 *(.binary_info_header)
 .binary_info_header
                0x100001d4       0x14 CMakeFiles/w5x00_loopback.dir/D_/Boards/RP2040/pico-sdk/src/rp2_common/pico_standard_link/crt0.S.obj
                0x100001e8                __binary_info_header_end = .
 *(.reset)
 .reset         0x100001e8       0xa8 CMakeFiles/w5x00_loopback.dir/D_/Boards/RP2040/pico-sdk/src/rp2_common/pico_standard_link/crt0.S.obj
                0x100001e8                _entry_point
                0x10000266                __get_current_exception
 .reset         0x10000290       0x30 CMakeFiles/w5x00_loopback.dir/D_/Boards/RP2040/pico-sdk/src/rp2_common/pico_standard_link/binary_info.c.obj
 *(.init)
 .init          0x100002c0        0x4 c:/progra~2/gnuarm~1/102020~1/bin/../lib/gcc/arm-none-eabi/10.2.1/thumb/v6-m/nofp/crti.o
                0x100002c0                _init
 *(EXCLUDE_FILE(*libm.a: *libc.a:*lib_a-mem*.o *libgcc.a:) .text*)
 .text          0x100002c4       0x48 c:/progra~2/gnuarm~1/102020~1/bin/../lib/gcc/arm-none-eabi/10.2.1/thumb/v6-m/nofp/crtbegin.o
 .text.main     0x1000030c       0xb8 CMakeFiles/w5x00_loopback.dir/w5x00_loopback.c.obj
                0x1000030c                main
 .text.gpio_set_function
                0x100003c4       0x30 CMakeFiles/w5x00_loopback.dir/D_/Boards/RP2040/pico-sdk/src/rp2_common/hardware_gpio/gpio.c.obj
                0x100003c4                gpio_set_function
 .text.gpio_init
                0x100003f4       0x16 CMakeFiles/w5x00_loopback.dir/D_/Boards/RP2040/pico-sdk/src/rp2_common/hardware_gpio/gpio.c.obj
                0x100003f4                gpio_init
 *fill*         0x1000040a        0x2 
 .text.hw_claim_lock
                0x1000040c       0x18 CMakeFiles/w5x00_loopback.dir/D_/Boards/RP2040/pico-sdk/src/rp2_common/hardware_claim/claim.c.obj
                0x1000040c                hw_claim_lock
 .text.hw_claim_unlock
                0x10000424       0x14 CMakeFiles/w5x00_loopback.dir/D_/Boards/RP2040/pico-sdk/src/rp2_common/hardware_claim/claim.c.obj
                0x10000424                hw_claim_unlock
 .text.hw_claim_or_assert
                0x10000438       0x32 CMakeFiles/w5x00_loopback.dir/D_/Boards/RP2040/pico-sdk/src/rp2_common/hardware_claim/claim.c.obj
                0x10000438                hw_claim_or_assert
 .text.hw_claim_unused_from_range
                0x1000046a       0x50 CMakeFiles/w5x00_loopback.dir/D_/Boards/RP2040/pico-sdk/src/rp2_common/hardware_claim/claim.c.obj
                0x1000046a                hw_claim_unused_from_range
 *fill*         0x100004ba        0x2 
 .text.running_on_fpga
                0x100004bc       0x14 CMakeFiles/w5x00_loopback.dir/D_/Boards/RP2040/pico-sdk/src/rp2_common/pico_platform/platform.c.obj
                0x100004bc                running_on_fpga
 .text.spin_locks_reset
                0x100004d0       0x20 CMakeFiles/w5x00_loopback.dir/D_/Boards/RP2040/pico-sdk/src/rp2_common/hardware_sync/sync.c.obj
                0x100004d0                spin_locks_reset
 .text.next_striped_spin_lock_num
                0x100004f0       0x1c CMakeFiles/w5x00_loopback.dir/D_/Boards/RP2040/pico-sdk/src/rp2_common/hardware_sync/sync.c.obj
                0x100004f0                next_striped_spin_lock_num
 .text.spin_lock_claim_unused
                0x1000050c       0x20 CMakeFiles/w5x00_loopback.dir/D_/Boards/RP2040/pico-sdk/src/rp2_common/hardware_sync/sync.c.obj
                0x1000050c                spin_lock_claim_unused
 .text.alarm_pool_post_alloc_init
                0x1000052c       0x40 CMakeFiles/w5x00_loopback.dir/D_/Boards/RP2040/pico-sdk/src/common/pico_time/time.c.obj
 .text.sleep_until_callback
                0x1000056c       0x30 CMakeFiles/w5x00_loopback.dir/D_/Boards/RP2040/pico-sdk/src/common/pico_time/time.c.obj
 .text.timer_pool_entry_comparator
                0x1000059c       0x7c CMakeFiles/w5x00_loopback.dir/D_/Boards/RP2040/pico-sdk/src/common/pico_time/time.c.obj
                0x1000059c                timer_pool_entry_comparator
 .text.ph_add_child_node
                0x10000618       0xa4 CMakeFiles/w5x00_loopback.dir/D_/Boards/RP2040/pico-sdk/src/common/pico_time/time.c.obj
 .text.ph_merge_nodes
                0x100006bc       0x3e CMakeFiles/w5x00_loopback.dir/D_/Boards/RP2040/pico-sdk/src/common/pico_time/time.c.obj
 *fill*         0x100006fa        0x2 
 .text.add_alarm_under_lock
                0x100006fc      0x174 CMakeFiles/w5x00_loopback.dir/D_/Boards/RP2040/pico-sdk/src/common/pico_time/time.c.obj
 .text.alarm_pool_alarm_callback
                0x10000870      0x328 CMakeFiles/w5x00_loopback.dir/D_/Boards/RP2040/pico-sdk/src/common/pico_time/time.c.obj
 .text.alarm_pool_init_default
                0x10000b98       0x38 CMakeFiles/w5x00_loopback.dir/D_/Boards/RP2040/pico-sdk/src/common/pico_time/time.c.obj
                0x10000b98                alarm_pool_init_default
 .text.alarm_pool_get_default
                0x10000bd0       0x2c CMakeFiles/w5x00_loopback.dir/D_/Boards/RP2040/pico-sdk/src/common/pico_time/time.c.obj
                0x10000bd0                alarm_pool_get_default
 .text.alarm_pool_add_alarm_at
                0x10000bfc      0x170 CMakeFiles/w5x00_loopback.dir/D_/Boards/RP2040/pico-sdk/src/common/pico_time/time.c.obj
                0x10000bfc                alarm_pool_add_alarm_at
 .text.alarm_pool_cancel_alarm
                0x10000d6c       0xec CMakeFiles/w5x00_loopback.dir/D_/Boards/RP2040/pico-sdk/src/common/pico_time/time.c.obj
                0x10000d6c                alarm_pool_cancel_alarm
 .text.sleep_until
                0x10000e58       0xfc CMakeFiles/w5x00_loopback.dir/D_/Boards/RP2040/pico-sdk/src/common/pico_time/time.c.obj
                0x10000e58                sleep_until
 .text.sleep_us
                0x10000f54       0x58 CMakeFiles/w5x00_loopback.dir/D_/Boards/RP2040/pico-sdk/src/common/pico_time/time.c.obj
                0x10000f54                sleep_us
 .text.sleep_ms
                0x10000fac       0x14 CMakeFiles/w5x00_loopback.dir/D_/Boards/RP2040/pico-sdk/src/common/pico_time/time.c.obj
                0x10000fac                sleep_ms
 .text.best_effort_wfe_or_timeout
                0x10000fc0       0x80 CMakeFiles/w5x00_loopback.dir/D_/Boards/RP2040/pico-sdk/src/common/pico_time/time.c.obj
                0x10000fc0                best_effort_wfe_or_timeout
 .text.hardware_alarm_irq_handler
                0x10001040       0x8c CMakeFiles/w5x00_loopback.dir/D_/Boards/RP2040/pico-sdk/src/rp2_common/hardware_timer/timer.c.obj
 .text.hardware_alarm_claim
                0x100010cc       0x18 CMakeFiles/w5x00_loopback.dir/D_/Boards/RP2040/pico-sdk/src/rp2_common/hardware_timer/timer.c.obj
                0x100010cc                hardware_alarm_claim
 .text.time_us_64
                0x100010e4       0x18 CMakeFiles/w5x00_loopback.dir/D_/Boards/RP2040/pico-sdk/src/rp2_common/hardware_timer/timer.c.obj
                0x100010e4                time_us_64
 .text.busy_wait_until
                0x100010fc       0x28 CMakeFiles/w5x00_loopback.dir/D_/Boards/RP2040/pico-sdk/src/rp2_common/hardware_timer/timer.c.obj
                0x100010fc                busy_wait_until
 .text.hardware_alarm_set_callback
                0x10001124       0x90 CMakeFiles/w5x00_loopback.dir/D_/Boards/RP2040/pico-sdk/src/rp2_common/hardware_timer/timer.c.obj
                0x10001124                hardware_alarm_set_callback
 .text.hardware_alarm_set_target
                0x100011b4       0xe8 CMakeFiles/w5x00_loopback.dir/D_/Boards/RP2040/pico-sdk/src/rp2_common/hardware_timer/timer.c.obj
                0x100011b4                hardware_alarm_set_target
 .text.hardware_alarm_cancel
                0x1000129c       0x40 CMakeFiles/w5x00_loopback.dir/D_/Boards/RP2040/pico-sdk/src/rp2_common/hardware_timer/timer.c.obj
                0x1000129c                hardware_alarm_cancel
 .text.lock_init
                0x100012dc       0x10 CMakeFiles/w5x00_loopback.dir/D_/Boards/RP2040/pico-sdk/src/common/pico_sync/lock_core.c.obj
                0x100012dc                lock_init
 .text.mutex_init_internal
                0x100012ec       0x1e CMakeFiles/w5x00_loopback.dir/D_/Boards/RP2040/pico-sdk/src/common/pico_sync/mutex.c.obj
 .text.mutex_init
                0x1000130a        0xa CMakeFiles/w5x00_loopback.dir/D_/Boards/RP2040/pico-sdk/src/common/pico_sync/mutex.c.obj
                0x1000130a                mutex_init
 .text.recursive_mutex_init
                0x10001314        0xa CMakeFiles/w5x00_loopback.dir/D_/Boards/RP2040/pico-sdk/src/common/pico_sync/mutex.c.obj
                0x10001314                recursive_mutex_init
 *fill*         0x1000131e        0x2 
 .text.critical_section_init_with_lock_num
                0x10001320       0x14 CMakeFiles/w5x00_loopback.dir/D_/Boards/RP2040/pico-sdk/src/common/pico_sync/critical_section.c.obj
                0x10001320                critical_section_init_with_lock_num
 .text.critical_section_init
                0x10001334       0x14 CMakeFiles/w5x00_loopback.dir/D_/Boards/RP2040/pico-sdk/src/common/pico_sync/critical_section.c.obj
                0x10001334                critical_section_init
 .text.ph_add_child_node
                0x10001348       0xa4 CMakeFiles/w5x00_loopback.dir/D_/Boards/RP2040/pico-sdk/src/common/pico_util/pheap.c.obj
 .text.ph_merge_nodes
                0x100013ec       0x3e CMakeFiles/w5x00_loopback.dir/D_/Boards/RP2040/pico-sdk/src/common/pico_util/pheap.c.obj
 *fill*         0x1000142a        0x2 
 .text.ph_clear
                0x1000142c       0x70 CMakeFiles/w5x00_loopback.dir/D_/Boards/RP2040/pico-sdk/src/common/pico_util/pheap.c.obj
                0x1000142c                ph_clear
 .text.ph_post_alloc_init
                0x1000149c        0xe CMakeFiles/w5x00_loopback.dir/D_/Boards/RP2040/pico-sdk/src/common/pico_util/pheap.c.obj
                0x1000149c                ph_post_alloc_init
 *fill*         0x100014aa        0x2 
 .text.ph_merge_two_pass
                0x100014ac       0xa8 CMakeFiles/w5x00_loopback.dir/D_/Boards/RP2040/pico-sdk/src/common/pico_util/pheap.c.obj
                0x100014ac                ph_merge_two_pass
 .text.ph_remove_any_head
                0x10001554      0x108 CMakeFiles/w5x00_loopback.dir/D_/Boards/RP2040/pico-sdk/src/common/pico_util/pheap.c.obj
 .text.ph_remove_head
                0x1000165c       0x14 CMakeFiles/w5x00_loopback.dir/D_/Boards/RP2040/pico-sdk/src/common/pico_util/pheap.c.obj
                0x1000165c                ph_remove_head
 .text.ph_remove_and_free_node
                0x10001670       0xf8 CMakeFiles/w5x00_loopback.dir/D_/Boards/RP2040/pico-sdk/src/common/pico_util/pheap.c.obj
                0x10001670                ph_remove_and_free_node
 .text.runtime_init
                0x10001768       0xd8 CMakeFiles/w5x00_loopback.dir/D_/Boards/RP2040/pico-sdk/src/rp2_common/pico_runtime/runtime.c.obj
                0x10001768                runtime_init
 .text._exit    0x10001840        0x4 CMakeFiles/w5x00_loopback.dir/D_/Boards/RP2040/pico-sdk/src/rp2_common/pico_runtime/runtime.c.obj
                0x10001840                _exit
 .text.exit     0x10001844        0x6 CMakeFiles/w5x00_loopback.dir/D_/Boards/RP2040/pico-sdk/src/rp2_common/pico_runtime/runtime.c.obj
                0x10001844                exit
 *fill*         0x1000184a        0x2 
 .text.__assert_func
                0x1000184c       0x3c CMakeFiles/w5x00_loopback.dir/D_/Boards/RP2040/pico-sdk/src/rp2_common/pico_runtime/runtime.c.obj
                0x1000184c                __assert_func
 .text.panic    0x10001888       0x30 CMakeFiles/w5x00_loopback.dir/D_/Boards/RP2040/pico-sdk/src/rp2_common/pico_runtime/runtime.c.obj
                0x10001888                panic
 .text.clock_configure
                0x100018b8      0x104 CMakeFiles/w5x00_loopback.dir/D_/Boards/RP2040/pico-sdk/src/rp2_common/hardware_clocks/clocks.c.obj
                0x100018b8                clock_configure
 .text.clocks_init
                0x100019bc      0x100 CMakeFiles/w5x00_loopback.dir/D_/Boards/RP2040/pico-sdk/src/rp2_common/hardware_clocks/clocks.c.obj
                0x100019bc                clocks_init
 .text.clock_get_hz
                0x10001abc        0xc CMakeFiles/w5x00_loopback.dir/D_/Boards/RP2040/pico-sdk/src/rp2_common/hardware_clocks/clocks.c.obj
                0x10001abc                clock_get_hz
 .text.set_raw_irq_handler_and_unlock
                0x10001ac8       0x28 CMakeFiles/w5x00_loopback.dir/D_/Boards/RP2040/pico-sdk/src/rp2_common/hardware_irq/irq.c.obj
 .text.make_branch
                0x10001af0       0x34 CMakeFiles/w5x00_loopback.dir/D_/Boards/RP2040/pico-sdk/src/rp2_common/hardware_irq/irq.c.obj
 .text.insert_branch_and_link
                0x10001b24       0x40 CMakeFiles/w5x00_loopback.dir/D_/Boards/RP2040/pico-sdk/src/rp2_common/hardware_irq/irq.c.obj
 .text.irq_is_enabled
                0x10001b64       0x18 CMakeFiles/w5x00_loopback.dir/D_/Boards/RP2040/pico-sdk/src/rp2_common/hardware_irq/irq.c.obj
                0x10001b64                irq_is_enabled
 .text.irq_set_mask_enabled
                0x10001b7c       0x20 CMakeFiles/w5x00_loopback.dir/D_/Boards/RP2040/pico-sdk/src/rp2_common/hardware_irq/irq.c.obj
                0x10001b7c                irq_set_mask_enabled
 .text.irq_set_enabled
                0x10001b9c        0xe CMakeFiles/w5x00_loopback.dir/D_/Boards/RP2040/pico-sdk/src/rp2_common/hardware_irq/irq.c.obj
                0x10001b9c                irq_set_enabled
 *fill*         0x10001baa        0x2 
 .text.irq_set_pending
                0x10001bac       0x10 CMakeFiles/w5x00_loopback.dir/D_/Boards/RP2040/pico-sdk/src/rp2_common/hardware_irq/irq.c.obj
                0x10001bac                irq_set_pending
 .text.irq_get_vtable_handler
                0x10001bbc       0x10 CMakeFiles/w5x00_loopback.dir/D_/Boards/RP2040/pico-sdk/src/rp2_common/hardware_irq/irq.c.obj
                0x10001bbc                irq_get_vtable_handler
 .text.irq_set_exclusive_handler
                0x10001bcc       0x54 CMakeFiles/w5x00_loopback.dir/D_/Boards/RP2040/pico-sdk/src/rp2_common/hardware_irq/irq.c.obj
                0x10001bcc                irq_set_exclusive_handler
 .text.irq_remove_handler
                0x10001c20      0x1ac CMakeFiles/w5x00_loopback.dir/D_/Boards/RP2040/pico-sdk/src/rp2_common/hardware_irq/irq.c.obj
                0x10001c20                irq_remove_handler
 .text.irq_set_priority
                0x10001dcc       0x28 CMakeFiles/w5x00_loopback.dir/D_/Boards/RP2040/pico-sdk/src/rp2_common/hardware_irq/irq.c.obj
                0x10001dcc                irq_set_priority
 .text.irq_add_tail_to_free_list
                0x10001df4       0xf0 CMakeFiles/w5x00_loopback.dir/D_/Boards/RP2040/pico-sdk/src/rp2_common/hardware_irq/irq.c.obj
                0x10001df4                irq_add_tail_to_free_list
 .text.irq_init_priorities
                0x10001ee4       0x16 CMakeFiles/w5x00_loopback.dir/D_/Boards/RP2040/pico-sdk/src/rp2_common/hardware_irq/irq.c.obj
                0x10001ee4                irq_init_priorities
 *fill*         0x10001efa        0x2 
 .text.pll_init
                0x10001efc      0x118 CMakeFiles/w5x00_loopback.dir/D_/Boards/RP2040/pico-sdk/src/rp2_common/hardware_pll/pll.c.obj
                0x10001efc                pll_init
 .text.watchdog_start_tick
                0x10002014       0x10 CMakeFiles/w5x00_loopback.dir/D_/Boards/RP2040/pico-sdk/src/rp2_common/hardware_watchdog/watchdog.c.obj
                0x10002014                watchdog_start_tick
 .text.watchdog_update
                0x10002024       0x14 CMakeFiles/w5x00_loopback.dir/D_/Boards/RP2040/pico-sdk/src/rp2_common/hardware_watchdog/watchdog.c.obj
                0x10002024                watchdog_update
 .text._watchdog_enable
                0x10002038       0x70 CMakeFiles/w5x00_loopback.dir/D_/Boards/RP2040/pico-sdk/src/rp2_common/hardware_watchdog/watchdog.c.obj
                0x10002038                _watchdog_enable
 .text.watchdog_reboot
                0x100020a8       0x48 CMakeFiles/w5x00_loopback.dir/D_/Boards/RP2040/pico-sdk/src/rp2_common/hardware_watchdog/watchdog.c.obj
                0x100020a8                watchdog_reboot
 .text.xosc_init
                0x100020f0       0x28 CMakeFiles/w5x00_loopback.dir/D_/Boards/RP2040/pico-sdk/src/rp2_common/hardware_xosc/xosc.c.obj
                0x100020f0                xosc_init
 .text._out_null
                0x10002118        0x2 CMakeFiles/w5x00_loopback.dir/D_/Boards/RP2040/pico-sdk/src/rp2_common/pico_printf/printf.c.obj
 .text._out_fct
                0x1000211a        0xe CMakeFiles/w5x00_loopback.dir/D_/Boards/RP2040/pico-sdk/src/rp2_common/pico_printf/printf.c.obj
 .text._atoi    0x10002128       0x24 CMakeFiles/w5x00_loopback.dir/D_/Boards/RP2040/pico-sdk/src/rp2_common/pico_printf/printf.c.obj
 .text._out_rev
                0x1000214c       0xae CMakeFiles/w5x00_loopback.dir/D_/Boards/RP2040/pico-sdk/src/rp2_common/pico_printf/printf.c.obj
 .text._ntoa_format
                0x100021fa      0x112 CMakeFiles/w5x00_loopback.dir/D_/Boards/RP2040/pico-sdk/src/rp2_common/pico_printf/printf.c.obj
 .text._ntoa_long
                0x1000230c       0xbc CMakeFiles/w5x00_loopback.dir/D_/Boards/RP2040/pico-sdk/src/rp2_common/pico_printf/printf.c.obj
 .text._ntoa_long_long
                0x100023c8       0xe2 CMakeFiles/w5x00_loopback.dir/D_/Boards/RP2040/pico-sdk/src/rp2_common/pico_printf/printf.c.obj
 *fill*         0x100024aa        0x2 
 .text._etoa    0x100024ac      0x414 CMakeFiles/w5x00_loopback.dir/D_/Boards/RP2040/pico-sdk/src/rp2_common/pico_printf/printf.c.obj
 .text._ftoa    0x100028c0      0x354 CMakeFiles/w5x00_loopback.dir/D_/Boards/RP2040/pico-sdk/src/rp2_common/pico_printf/printf.c.obj
 .text._vsnprintf
                0x10002c14      0x624 CMakeFiles/w5x00_loopback.dir/D_/Boards/RP2040/pico-sdk/src/rp2_common/pico_printf/printf.c.obj
 .text.vfctprintf
                0x10003238       0x20 CMakeFiles/w5x00_loopback.dir/D_/Boards/RP2040/pico-sdk/src/rp2_common/pico_printf/printf.c.obj
                0x10003238                vfctprintf
 .text          0x10003258       0x10 CMakeFiles/w5x00_loopback.dir/D_/Boards/RP2040/pico-sdk/src/rp2_common/pico_bit_ops/bit_ops_aeabi.S.obj
 .text.rom_func_lookup
                0x10003268       0x10 CMakeFiles/w5x00_loopback.dir/D_/Boards/RP2040/pico-sdk/src/rp2_common/pico_bootrom/bootrom.c.obj
                0x10003268                rom_func_lookup
 .text.rom_data_lookup
                0x10003278       0x10 CMakeFiles/w5x00_loopback.dir/D_/Boards/RP2040/pico-sdk/src/rp2_common/pico_bootrom/bootrom.c.obj
                0x10003278                rom_data_lookup
 .text.rom_funcs_lookup
                0x10003288       0x36 CMakeFiles/w5x00_loopback.dir/D_/Boards/RP2040/pico-sdk/src/rp2_common/pico_bootrom/bootrom.c.obj
                0x10003288                rom_funcs_lookup
 *fill*         0x100032be        0x2 
 .text.__wrap___aeabi_idiv
                0x100032c0       0x50 CMakeFiles/w5x00_loopback.dir/D_/Boards/RP2040/pico-sdk/src/rp2_common/pico_divider/divider.S.obj
                0x100032c0                __wrap___aeabi_idivmod
                0x100032c0                divmod_s32s32
                0x100032c0                div_s32s32
                0x100032c0                __wrap___aeabi_idiv
                0x100032c8                divmod_s32s32_unsafe
                0x100032f4                divmod_s32s32_savestate
 .text.__wrap___aeabi_uidiv
                0x10003310       0x4c CMakeFiles/w5x00_loopback.dir/D_/Boards/RP2040/pico-sdk/src/rp2_common/pico_divider/divider.S.obj
                0x10003310                __wrap___aeabi_uidiv
                0x10003310                __wrap___aeabi_uidivmod
                0x10003310                div_u32u32
                0x10003310                divmod_u32u32
                0x10003318                divmod_u32u32_unsafe
                0x10003340                divmod_u32u32_savestate
 .text.__wrap___aeabi_ldiv
                0x1000335c      0x430 CMakeFiles/w5x00_loopback.dir/D_/Boards/RP2040/pico-sdk/src/rp2_common/pico_divider/divider.S.obj
                0x1000335c                div_s64s64
                0x1000335c                divmod_s64s64
                0x1000335c                __wrap___aeabi_ldivmod
                0x10003394                divmod_u64u64
                0x10003394                div_u64u64
                0x10003394                __wrap___aeabi_uldivmod
                0x100033a4                divmod_u64u64_savestate
                0x100033cc                divmod_s64s64_unsafe
                0x10003454                divmod_u64u64_unsafe
 .text.__wrap___aeabi_darithmetic
                0x1000378c       0x80 CMakeFiles/w5x00_loopback.dir/D_/Boards/RP2040/pico-sdk/src/rp2_common/pico_double/double_aeabi.S.obj
                0x1000378c                __wrap___aeabi_drsub
                0x10003792                __wrap___aeabi_dsub
                0x100037a4                __wrap___aeabi_dadd
                0x100037b6                __wrap___aeabi_ddiv
                0x100037f2                __wrap___aeabi_dmul
 .text.__wrap___aeabi_cdcmple
                0x1000380c       0x6c CMakeFiles/w5x00_loopback.dir/D_/Boards/RP2040/pico-sdk/src/rp2_common/pico_double/double_aeabi.S.obj
                0x1000380c                __wrap___aeabi_cdrcmple
                0x1000381c                __wrap___aeabi_cdcmpeq
                0x1000381c                __wrap___aeabi_cdcmple
 .text.__wrap___aeabi_dcmplt
                0x10003878        0xc CMakeFiles/w5x00_loopback.dir/D_/Boards/RP2040/pico-sdk/src/rp2_common/pico_double/double_aeabi.S.obj
                0x10003878                __wrap___aeabi_dcmplt
 .text.__wrap___aeabi_dcmple
                0x10003884       0x10 CMakeFiles/w5x00_loopback.dir/D_/Boards/RP2040/pico-sdk/src/rp2_common/pico_double/double_aeabi.S.obj
                0x10003884                __wrap___aeabi_dcmple
 .text.__wrap___aeabi_dcmpge
                0x10003894       0x10 CMakeFiles/w5x00_loopback.dir/D_/Boards/RP2040/pico-sdk/src/rp2_common/pico_double/double_aeabi.S.obj
                0x10003894                __wrap___aeabi_dcmpge
 .text.__wrap___aeabi_dcmpgt
                0x100038a4        0xa CMakeFiles/w5x00_loopback.dir/D_/Boards/RP2040/pico-sdk/src/rp2_common/pico_double/double_aeabi.S.obj
                0x100038a4                __wrap___aeabi_dcmpgt
 .text.__wrap___aeabi_dcmpun
                0x100038ae       0x1c CMakeFiles/w5x00_loopback.dir/D_/Boards/RP2040/pico-sdk/src/rp2_common/pico_double/double_aeabi.S.obj
                0x100038ae                __wrap___aeabi_dcmpun
 *fill*         0x100038ca        0x2 
 .text.__wrap___aeabi_i2d
                0x100038cc       0x38 CMakeFiles/w5x00_loopback.dir/D_/Boards/RP2040/pico-sdk/src/rp2_common/pico_double/double_aeabi.S.obj
                0x100038cc                __wrap___aeabi_ui2d
                0x100038d4                __wrap___aeabi_i2d
 .text.__wrap___aeabi_d2iz
                0x10003904       0x48 CMakeFiles/w5x00_loopback.dir/D_/Boards/RP2040/pico-sdk/src/rp2_common/pico_double/double_aeabi.S.obj
                0x10003904                double2int_z
                0x10003904                __wrap___aeabi_d2iz
 .text.__wrap___aeabi_d2uiz
                0x1000394c       0x18 CMakeFiles/w5x00_loopback.dir/D_/Boards/RP2040/pico-sdk/src/rp2_common/pico_double/double_aeabi.S.obj
                0x1000394c                __wrap___aeabi_d2uiz
                0x1000394c                double2uint
 .text.__aeabi_double_init
                0x10003964       0xb8 CMakeFiles/w5x00_loopback.dir/D_/Boards/RP2040/pico-sdk/src/rp2_common/pico_double/double_init_rom.c.obj
                0x10003964                __aeabi_double_init
 .text.double_table_shim_on_use_helper
                0x10003a1c       0x34 CMakeFiles/w5x00_loopback.dir/D_/Boards/RP2040/pico-sdk/src/rp2_common/pico_double/double_v1_rom_shim.S.obj
                0x10003a1c                double_table_shim_on_use_helper
 .text.__wrap___aeabi_dsub
                0x10003a50       0x10 CMakeFiles/w5x00_loopback.dir/D_/Boards/RP2040/pico-sdk/src/rp2_common/pico_double/double_v1_rom_shim.S.obj
                0x10003a50                drsub_shim
                0x10003a56                dsub_shim
 .text.dadd_shim
                0x10003a60      0x15c CMakeFiles/w5x00_loopback.dir/D_/Boards/RP2040/pico-sdk/src/rp2_common/pico_double/double_v1_rom_shim.S.obj
                0x10003a60                dadd_shim
 .text.dmul_shim
                0x10003bbc      0x15c CMakeFiles/w5x00_loopback.dir/D_/Boards/RP2040/pico-sdk/src/rp2_common/pico_double/double_v1_rom_shim.S.obj
                0x10003bbc                dmul_shim
 .text.ddiv_shim
                0x10003d18      0x1b0 CMakeFiles/w5x00_loopback.dir/D_/Boards/RP2040/pico-sdk/src/rp2_common/pico_double/double_v1_rom_shim.S.obj
                0x10003d18                ddiv_shim
 .text.dcordic_rot_step
                0x10003ec8       0x7c CMakeFiles/w5x00_loopback.dir/D_/Boards/RP2040/pico-sdk/src/rp2_common/pico_double/double_v1_rom_shim.S.obj
                0x10003ec8                dcordic_rot_step
 .text.double2uint_shim
                0x10003f44        0xe CMakeFiles/w5x00_loopback.dir/D_/Boards/RP2040/pico-sdk/src/rp2_common/pico_double/double_v1_rom_shim.S.obj
                0x10003f44                double2uint_shim
                0x10003f46                double2ufix_shim
 *fill*         0x10003f52        0x2 
 .text.double2uint64_shim
                0x10003f54       0x6c CMakeFiles/w5x00_loopback.dir/D_/Boards/RP2040/pico-sdk/src/rp2_common/pico_double/double_v1_rom_shim.S.obj
                0x10003f54                double2uint64_shim
                0x10003f56                double2ufix64_shim
                0x10003f70                d2fix_a
 .text.dunpacks
                0x10003fc0       0x3c CMakeFiles/w5x00_loopback.dir/D_/Boards/RP2040/pico-sdk/src/rp2_common/pico_double/double_v1_rom_shim.S.obj
                0x10003fc0                dunpacks
 .text.__aeabi_lmul
                0x10003ffc       0x32 CMakeFiles/w5x00_loopback.dir/D_/Boards/RP2040/pico-sdk/src/rp2_common/pico_int64_ops/pico_int64_ops_aeabi.S.obj
                0x10003ffc                __wrap___aeabi_lmul
 *fill*         0x1000402e        0x2 
 .text.__aeabi_float_init
                0x10004030       0xfc CMakeFiles/w5x00_loopback.dir/D_/Boards/RP2040/pico-sdk/src/rp2_common/pico_float/float_init_rom.c.obj
                0x10004030                __aeabi_float_init
 .text.float_table_shim_on_use_helper
                0x1000412c       0x34 CMakeFiles/w5x00_loopback.dir/D_/Boards/RP2040/pico-sdk/src/rp2_common/pico_float/float_v1_rom_shim.S.obj
                0x1000412c                float_table_shim_on_use_helper
 .text          0x10004160       0x10 CMakeFiles/w5x00_loopback.dir/D_/Boards/RP2040/pico-sdk/src/rp2_common/pico_mem_ops/mem_ops_aeabi.S.obj
                0x10004160                __aeabi_mem_init
 .text.memset   0x10004170        0xc CMakeFiles/w5x00_loopback.dir/D_/Boards/RP2040/pico-sdk/src/rp2_common/pico_mem_ops/mem_ops_aeabi.S.obj
                0x10004170                __wrap_memset
 .text.memcpy   0x1000417c        0xc CMakeFiles/w5x00_loopback.dir/D_/Boards/RP2040/pico-sdk/src/rp2_common/pico_mem_ops/mem_ops_aeabi.S.obj
                0x1000417c                __wrap_memcpy
                0x1000417c                __wrap___aeabi_memcpy
 .text.stdio_out_chars_crlf
                0x10004188       0x80 CMakeFiles/w5x00_loopback.dir/D_/Boards/RP2040/pico-sdk/src/rp2_common/pico_stdio/stdio.c.obj
 .text.stdio_stack_buffer_flush
                0x10004208       0x44 CMakeFiles/w5x00_loopback.dir/D_/Boards/RP2040/pico-sdk/src/rp2_common/pico_stdio/stdio.c.obj
 .text.stdio_buffered_printer
                0x1000424c       0x20 CMakeFiles/w5x00_loopback.dir/D_/Boards/RP2040/pico-sdk/src/rp2_common/pico_stdio/stdio.c.obj
 .text.stdout_serialize_begin
                0x1000426c       0x30 CMakeFiles/w5x00_loopback.dir/D_/Boards/RP2040/pico-sdk/src/rp2_common/pico_stdio/stdio.c.obj
                0x1000426c                stdout_serialize_begin
 .text.stdout_serialize_end
                0x1000429c       0x10 CMakeFiles/w5x00_loopback.dir/D_/Boards/RP2040/pico-sdk/src/rp2_common/pico_stdio/stdio.c.obj
                0x1000429c                stdout_serialize_end
 .text.stdio_put_string
                0x100042ac       0x84 CMakeFiles/w5x00_loopback.dir/D_/Boards/RP2040/pico-sdk/src/rp2_common/pico_stdio/stdio.c.obj
 .text.stdio_set_driver_enabled
                0x10004330       0x38 CMakeFiles/w5x00_loopback.dir/D_/Boards/RP2040/pico-sdk/src/rp2_common/pico_stdio/stdio.c.obj
                0x10004330                stdio_set_driver_enabled
 .text.stdio_flush
                0x10004368       0x20 CMakeFiles/w5x00_loopback.dir/D_/Boards/RP2040/pico-sdk/src/rp2_common/pico_stdio/stdio.c.obj
                0x10004368                stdio_flush
 .text.__wrap_puts
                0x10004388       0x1c CMakeFiles/w5x00_loopback.dir/D_/Boards/RP2040/pico-sdk/src/rp2_common/pico_stdio/stdio.c.obj
                0x10004388                __wrap_puts
 .text.__wrap_vprintf
                0x100043a4       0x44 CMakeFiles/w5x00_loopback.dir/D_/Boards/RP2040/pico-sdk/src/rp2_common/pico_stdio/stdio.c.obj
                0x100043a4                __wrap_vprintf
 .text.__wrap_printf
                0x100043e8       0x18 CMakeFiles/w5x00_loopback.dir/D_/Boards/RP2040/pico-sdk/src/rp2_common/pico_stdio/stdio.c.obj
                0x100043e8                __wrap_printf
 .text.stdio_init_all
                0x10004400        0x8 CMakeFiles/w5x00_loopback.dir/D_/Boards/RP2040/pico-sdk/src/rp2_common/pico_stdio/stdio.c.obj
                0x10004400                stdio_init_all
 .text.resetd_init
                0x10004408        0x2 CMakeFiles/w5x00_loopback.dir/D_/Boards/RP2040/pico-sdk/src/rp2_common/pico_stdio_usb/reset_interface.c.obj
 *fill*         0x1000440a        0x2 
 .text.resetd_reset
                0x1000440c        0xc CMakeFiles/w5x00_loopback.dir/D_/Boards/RP2040/pico-sdk/src/rp2_common/pico_stdio_usb/reset_interface.c.obj
 .text.resetd_open
                0x10004418       0x34 CMakeFiles/w5x00_loopback.dir/D_/Boards/RP2040/pico-sdk/src/rp2_common/pico_stdio_usb/reset_interface.c.obj
 .text.resetd_xfer_cb
                0x1000444c        0x4 CMakeFiles/w5x00_loopback.dir/D_/Boards/RP2040/pico-sdk/src/rp2_common/pico_stdio_usb/reset_interface.c.obj
 .text.reset_usb_boot
                0x10004450       0x18 CMakeFiles/w5x00_loopback.dir/D_/Boards/RP2040/pico-sdk/src/rp2_common/pico_stdio_usb/reset_interface.c.obj
 .text.resetd_control_xfer_cb
                0x10004468       0x5c CMakeFiles/w5x00_loopback.dir/D_/Boards/RP2040/pico-sdk/src/rp2_common/pico_stdio_usb/reset_interface.c.obj
 .text.usbd_app_driver_get_cb
                0x100044c4        0xc CMakeFiles/w5x00_loopback.dir/D_/Boards/RP2040/pico-sdk/src/rp2_common/pico_stdio_usb/reset_interface.c.obj
                0x100044c4                usbd_app_driver_get_cb
 .text.tud_cdc_line_coding_cb
                0x100044d0       0x28 CMakeFiles/w5x00_loopback.dir/D_/Boards/RP2040/pico-sdk/src/rp2_common/pico_stdio_usb/reset_interface.c.obj
                0x100044d0                tud_cdc_line_coding_cb
 .text.stdio_usb_in_chars
                0x100044f8       0x70 CMakeFiles/w5x00_loopback.dir/D_/Boards/RP2040/pico-sdk/src/rp2_common/pico_stdio_usb/stdio_usb.c.obj
                0x100044f8                stdio_usb_in_chars
 .text.low_priority_worker_irq
                0x10004568       0x20 CMakeFiles/w5x00_loopback.dir/D_/Boards/RP2040/pico-sdk/src/rp2_common/pico_stdio_usb/stdio_usb.c.obj
 .text.stdio_usb_out_chars
                0x10004588       0xd4 CMakeFiles/w5x00_loopback.dir/D_/Boards/RP2040/pico-sdk/src/rp2_common/pico_stdio_usb/stdio_usb.c.obj
 .text.timer_task
                0x1000465c       0x10 CMakeFiles/w5x00_loopback.dir/D_/Boards/RP2040/pico-sdk/src/rp2_common/pico_stdio_usb/stdio_usb.c.obj
 .text.stdio_usb_init
                0x1000466c       0xb8 CMakeFiles/w5x00_loopback.dir/D_/Boards/RP2040/pico-sdk/src/rp2_common/pico_stdio_usb/stdio_usb.c.obj
                0x1000466c                stdio_usb_init
 .text.tud_descriptor_device_cb
                0x10004724        0x8 CMakeFiles/w5x00_loopback.dir/D_/Boards/RP2040/pico-sdk/src/rp2_common/pico_stdio_usb/stdio_usb_descriptors.c.obj
                0x10004724                tud_descriptor_device_cb
 .text.tud_descriptor_configuration_cb
                0x1000472c        0x8 CMakeFiles/w5x00_loopback.dir/D_/Boards/RP2040/pico-sdk/src/rp2_common/pico_stdio_usb/stdio_usb_descriptors.c.obj
                0x1000472c                tud_descriptor_configuration_cb
 .text.tud_descriptor_string_cb
                0x10004734       0x68 CMakeFiles/w5x00_loopback.dir/D_/Boards/RP2040/pico-sdk/src/rp2_common/pico_stdio_usb/stdio_usb_descriptors.c.obj
                0x10004734                tud_descriptor_string_cb
 .text.hw_endpoint_get_by_addr
                0x1000479c       0x18 CMakeFiles/w5x00_loopback.dir/D_/Boards/RP2040/pico-sdk/lib/tinyusb/src/portable/raspberrypi/rp2040/dcd_rp2040.c.obj
 .text.reset_ep0
                0x100047b4       0x2c CMakeFiles/w5x00_loopback.dir/D_/Boards/RP2040/pico-sdk/lib/tinyusb/src/portable/raspberrypi/rp2040/dcd_rp2040.c.obj
 .text._hw_endpoint_alloc
                0x100047e0       0x80 CMakeFiles/w5x00_loopback.dir/D_/Boards/RP2040/pico-sdk/lib/tinyusb/src/portable/raspberrypi/rp2040/dcd_rp2040.c.obj
 .text._hw_endpoint_init
                0x10004860       0xbc CMakeFiles/w5x00_loopback.dir/D_/Boards/RP2040/pico-sdk/lib/tinyusb/src/portable/raspberrypi/rp2040/dcd_rp2040.c.obj
 .text.hw_endpoint_init
                0x1000491c       0x18 CMakeFiles/w5x00_loopback.dir/D_/Boards/RP2040/pico-sdk/lib/tinyusb/src/portable/raspberrypi/rp2040/dcd_rp2040.c.obj
 .text.hw_handle_buff_status
                0x10004934       0xb4 CMakeFiles/w5x00_loopback.dir/D_/Boards/RP2040/pico-sdk/lib/tinyusb/src/portable/raspberrypi/rp2040/dcd_rp2040.c.obj
 .text.dcd_rp2040_irq
                0x100049e8       0xa8 CMakeFiles/w5x00_loopback.dir/D_/Boards/RP2040/pico-sdk/lib/tinyusb/src/portable/raspberrypi/rp2040/dcd_rp2040.c.obj
 .text.hw_endpoint_xfer
                0x10004a90       0x18 CMakeFiles/w5x00_loopback.dir/D_/Boards/RP2040/pico-sdk/lib/tinyusb/src/portable/raspberrypi/rp2040/dcd_rp2040.c.obj
 .text.ep0_0len_status
                0x10004aa8       0x14 CMakeFiles/w5x00_loopback.dir/D_/Boards/RP2040/pico-sdk/lib/tinyusb/src/portable/raspberrypi/rp2040/dcd_rp2040.c.obj
 .text._hw_endpoint_stall
                0x10004abc       0x54 CMakeFiles/w5x00_loopback.dir/D_/Boards/RP2040/pico-sdk/lib/tinyusb/src/portable/raspberrypi/rp2040/dcd_rp2040.c.obj
 .text.hw_endpoint_stall
                0x10004b10        0xc CMakeFiles/w5x00_loopback.dir/D_/Boards/RP2040/pico-sdk/lib/tinyusb/src/portable/raspberrypi/rp2040/dcd_rp2040.c.obj
 .text._hw_endpoint_clear_stall
                0x10004b1c       0x34 CMakeFiles/w5x00_loopback.dir/D_/Boards/RP2040/pico-sdk/lib/tinyusb/src/portable/raspberrypi/rp2040/dcd_rp2040.c.obj
 .text.hw_endpoint_clear_stall
                0x10004b50        0xc CMakeFiles/w5x00_loopback.dir/D_/Boards/RP2040/pico-sdk/lib/tinyusb/src/portable/raspberrypi/rp2040/dcd_rp2040.c.obj
 .text.dcd_int_enable
                0x10004b5c       0x2c CMakeFiles/w5x00_loopback.dir/D_/Boards/RP2040/pico-sdk/lib/tinyusb/src/portable/raspberrypi/rp2040/dcd_rp2040.c.obj
                0x10004b5c                dcd_int_enable
 .text.dcd_set_address
                0x10004b88       0x28 CMakeFiles/w5x00_loopback.dir/D_/Boards/RP2040/pico-sdk/lib/tinyusb/src/portable/raspberrypi/rp2040/dcd_rp2040.c.obj
                0x10004b88                dcd_set_address
 .text.dcd_connect
                0x10004bb0       0x30 CMakeFiles/w5x00_loopback.dir/D_/Boards/RP2040/pico-sdk/lib/tinyusb/src/portable/raspberrypi/rp2040/dcd_rp2040.c.obj
                0x10004bb0                dcd_connect
 .text.dcd_init
                0x10004be0       0x84 CMakeFiles/w5x00_loopback.dir/D_/Boards/RP2040/pico-sdk/lib/tinyusb/src/portable/raspberrypi/rp2040/dcd_rp2040.c.obj
                0x10004be0                dcd_init
 .text.dcd_edpt0_status_complete
                0x10004c64       0x40 CMakeFiles/w5x00_loopback.dir/D_/Boards/RP2040/pico-sdk/lib/tinyusb/src/portable/raspberrypi/rp2040/dcd_rp2040.c.obj
                0x10004c64                dcd_edpt0_status_complete
 .text.dcd_edpt_open
                0x10004ca4       0x40 CMakeFiles/w5x00_loopback.dir/D_/Boards/RP2040/pico-sdk/lib/tinyusb/src/portable/raspberrypi/rp2040/dcd_rp2040.c.obj
                0x10004ca4                dcd_edpt_open
 .text.dcd_edpt_xfer
                0x10004ce4       0x34 CMakeFiles/w5x00_loopback.dir/D_/Boards/RP2040/pico-sdk/lib/tinyusb/src/portable/raspberrypi/rp2040/dcd_rp2040.c.obj
                0x10004ce4                dcd_edpt_xfer
 .text.dcd_edpt_stall
                0x10004d18       0x28 CMakeFiles/w5x00_loopback.dir/D_/Boards/RP2040/pico-sdk/lib/tinyusb/src/portable/raspberrypi/rp2040/dcd_rp2040.c.obj
                0x10004d18                dcd_edpt_stall
 .text.dcd_edpt_clear_stall
                0x10004d40       0x2c CMakeFiles/w5x00_loopback.dir/D_/Boards/RP2040/pico-sdk/lib/tinyusb/src/portable/raspberrypi/rp2040/dcd_rp2040.c.obj
                0x10004d40                dcd_edpt_clear_stall
 .text.rp2040_usb_init
                0x10004d6c       0x50 CMakeFiles/w5x00_loopback.dir/D_/Boards/RP2040/pico-sdk/lib/tinyusb/src/portable/raspberrypi/rp2040/rp2040_usb.c.obj
                0x10004d6c                rp2040_usb_init
 .text.hw_endpoint_reset_transfer
                0x10004dbc       0x10 CMakeFiles/w5x00_loopback.dir/D_/Boards/RP2040/pico-sdk/lib/tinyusb/src/portable/raspberrypi/rp2040/rp2040_usb.c.obj
                0x10004dbc                hw_endpoint_reset_transfer
 .text._hw_endpoint_buffer_control_update32
                0x10004dcc       0x58 CMakeFiles/w5x00_loopback.dir/D_/Boards/RP2040/pico-sdk/lib/tinyusb/src/portable/raspberrypi/rp2040/rp2040_usb.c.obj
                0x10004dcc                _hw_endpoint_buffer_control_update32
 .text._hw_endpoint_start_next_buffer
                0x10004e24       0x50 CMakeFiles/w5x00_loopback.dir/D_/Boards/RP2040/pico-sdk/lib/tinyusb/src/portable/raspberrypi/rp2040/rp2040_usb.c.obj
                0x10004e24                _hw_endpoint_start_next_buffer
 .text._hw_endpoint_xfer_start
                0x10004e74       0x3e CMakeFiles/w5x00_loopback.dir/D_/Boards/RP2040/pico-sdk/lib/tinyusb/src/portable/raspberrypi/rp2040/rp2040_usb.c.obj
                0x10004e74                _hw_endpoint_xfer_start
 *fill*         0x10004eb2        0x2 
 .text._hw_endpoint_xfer_sync
                0x10004eb4       0x74 CMakeFiles/w5x00_loopback.dir/D_/Boards/RP2040/pico-sdk/lib/tinyusb/src/portable/raspberrypi/rp2040/rp2040_usb.c.obj
                0x10004eb4                _hw_endpoint_xfer_sync
 .text._hw_endpoint_xfer_continue
                0x10004f28       0x60 CMakeFiles/w5x00_loopback.dir/D_/Boards/RP2040/pico-sdk/lib/tinyusb/src/portable/raspberrypi/rp2040/rp2040_usb.c.obj
                0x10004f28                _hw_endpoint_xfer_continue
 .text._hw_endpoint_xfer
                0x10004f88       0x34 CMakeFiles/w5x00_loopback.dir/D_/Boards/RP2040/pico-sdk/lib/tinyusb/src/portable/raspberrypi/rp2040/rp2040_usb.c.obj
                0x10004f88                _hw_endpoint_xfer
 .text.mark_interface_endpoint
                0x10004fbc       0x2a CMakeFiles/w5x00_loopback.dir/D_/Boards/RP2040/pico-sdk/lib/tinyusb/src/device/usbd.c.obj
 *fill*         0x10004fe6        0x2 
 .text.usbd_reset
                0x10004fe8       0x88 CMakeFiles/w5x00_loopback.dir/D_/Boards/RP2040/pico-sdk/lib/tinyusb/src/device/usbd.c.obj
 .text.invoke_class_control
                0x10005070       0x1a CMakeFiles/w5x00_loopback.dir/D_/Boards/RP2040/pico-sdk/lib/tinyusb/src/device/usbd.c.obj
 *fill*         0x1000508a        0x2 
 .text.process_set_config
                0x1000508c      0x1d4 CMakeFiles/w5x00_loopback.dir/D_/Boards/RP2040/pico-sdk/lib/tinyusb/src/device/usbd.c.obj
 .text.process_get_descriptor
                0x10005260       0xf8 CMakeFiles/w5x00_loopback.dir/D_/Boards/RP2040/pico-sdk/lib/tinyusb/src/device/usbd.c.obj
 .text.tud_mounted
                0x10005358       0x10 CMakeFiles/w5x00_loopback.dir/D_/Boards/RP2040/pico-sdk/lib/tinyusb/src/device/usbd.c.obj
                0x10005358                tud_mounted
 .text.tud_suspended
                0x10005368       0x10 CMakeFiles/w5x00_loopback.dir/D_/Boards/RP2040/pico-sdk/lib/tinyusb/src/device/usbd.c.obj
                0x10005368                tud_suspended
 .text.tud_inited
                0x10005378        0xc CMakeFiles/w5x00_loopback.dir/D_/Boards/RP2040/pico-sdk/lib/tinyusb/src/device/usbd.c.obj
                0x10005378                tud_inited
 .text.tud_init
                0x10005384       0xcc CMakeFiles/w5x00_loopback.dir/D_/Boards/RP2040/pico-sdk/lib/tinyusb/src/device/usbd.c.obj
                0x10005384                tud_init
 .text.dcd_event_handler
                0x10005450      0x174 CMakeFiles/w5x00_loopback.dir/D_/Boards/RP2040/pico-sdk/lib/tinyusb/src/device/usbd.c.obj
                0x10005450                dcd_event_handler
 .text.dcd_event_bus_signal
                0x100055c4       0x26 CMakeFiles/w5x00_loopback.dir/D_/Boards/RP2040/pico-sdk/lib/tinyusb/src/device/usbd.c.obj
                0x100055c4                dcd_event_bus_signal
 .text.dcd_event_bus_reset
                0x100055ea       0x2a CMakeFiles/w5x00_loopback.dir/D_/Boards/RP2040/pico-sdk/lib/tinyusb/src/device/usbd.c.obj
                0x100055ea                dcd_event_bus_reset
 .text.dcd_event_setup_received
                0x10005614       0x34 CMakeFiles/w5x00_loopback.dir/D_/Boards/RP2040/pico-sdk/lib/tinyusb/src/device/usbd.c.obj
                0x10005614                dcd_event_setup_received
 .text.dcd_event_xfer_complete
                0x10005648       0x44 CMakeFiles/w5x00_loopback.dir/D_/Boards/RP2040/pico-sdk/lib/tinyusb/src/device/usbd.c.obj
                0x10005648                dcd_event_xfer_complete
 .text.usbd_edpt_open
                0x1000568c       0xe0 CMakeFiles/w5x00_loopback.dir/D_/Boards/RP2040/pico-sdk/lib/tinyusb/src/device/usbd.c.obj
                0x1000568c                usbd_edpt_open
 .text.usbd_open_edpt_pair
                0x1000576c       0x8c CMakeFiles/w5x00_loopback.dir/D_/Boards/RP2040/pico-sdk/lib/tinyusb/src/device/usbd.c.obj
                0x1000576c                usbd_open_edpt_pair
 .text.usbd_edpt_claim
                0x100057f8       0x8c CMakeFiles/w5x00_loopback.dir/D_/Boards/RP2040/pico-sdk/lib/tinyusb/src/device/usbd.c.obj
                0x100057f8                usbd_edpt_claim
 .text.usbd_edpt_release
                0x10005884       0x68 CMakeFiles/w5x00_loopback.dir/D_/Boards/RP2040/pico-sdk/lib/tinyusb/src/device/usbd.c.obj
                0x10005884                usbd_edpt_release
 .text.usbd_edpt_xfer
                0x100058ec       0x80 CMakeFiles/w5x00_loopback.dir/D_/Boards/RP2040/pico-sdk/lib/tinyusb/src/device/usbd.c.obj
                0x100058ec                usbd_edpt_xfer
 .text.usbd_edpt_stall
                0x1000596c       0x2c CMakeFiles/w5x00_loopback.dir/D_/Boards/RP2040/pico-sdk/lib/tinyusb/src/device/usbd.c.obj
                0x1000596c                usbd_edpt_stall
 .text.usbd_edpt_clear_stall
                0x10005998       0x2c CMakeFiles/w5x00_loopback.dir/D_/Boards/RP2040/pico-sdk/lib/tinyusb/src/device/usbd.c.obj
                0x10005998                usbd_edpt_clear_stall
 .text.usbd_edpt_stalled
                0x100059c4       0x1c CMakeFiles/w5x00_loopback.dir/D_/Boards/RP2040/pico-sdk/lib/tinyusb/src/device/usbd.c.obj
                0x100059c4                usbd_edpt_stalled
 .text.process_control_request
                0x100059e0      0x380 CMakeFiles/w5x00_loopback.dir/D_/Boards/RP2040/pico-sdk/lib/tinyusb/src/device/usbd.c.obj
 .text.tud_task
                0x10005d60      0x204 CMakeFiles/w5x00_loopback.dir/D_/Boards/RP2040/pico-sdk/lib/tinyusb/src/device/usbd.c.obj
                0x10005d60                tud_task
 .text._data_stage_xact
                0x10005f64       0x58 CMakeFiles/w5x00_loopback.dir/D_/Boards/RP2040/pico-sdk/lib/tinyusb/src/device/usbd_control.c.obj
 .text.tud_control_status
                0x10005fbc       0x38 CMakeFiles/w5x00_loopback.dir/D_/Boards/RP2040/pico-sdk/lib/tinyusb/src/device/usbd_control.c.obj
                0x10005fbc                tud_control_status
 .text.tud_control_xfer
                0x10005ff4       0xa8 CMakeFiles/w5x00_loopback.dir/D_/Boards/RP2040/pico-sdk/lib/tinyusb/src/device/usbd_control.c.obj
                0x10005ff4                tud_control_xfer
 .text.usbd_control_reset
                0x1000609c       0x14 CMakeFiles/w5x00_loopback.dir/D_/Boards/RP2040/pico-sdk/lib/tinyusb/src/device/usbd_control.c.obj
                0x1000609c                usbd_control_reset
 .text.usbd_control_set_complete_callback
                0x100060b0        0xc CMakeFiles/w5x00_loopback.dir/D_/Boards/RP2040/pico-sdk/lib/tinyusb/src/device/usbd_control.c.obj
                0x100060b0                usbd_control_set_complete_callback
 .text.usbd_control_set_request
                0x100060bc       0x1c CMakeFiles/w5x00_loopback.dir/D_/Boards/RP2040/pico-sdk/lib/tinyusb/src/device/usbd_control.c.obj
                0x100060bc                usbd_control_set_request
 .text.usbd_control_xfer_cb
                0x100060d8       0xfc CMakeFiles/w5x00_loopback.dir/D_/Boards/RP2040/pico-sdk/lib/tinyusb/src/device/usbd_control.c.obj
                0x100060d8                usbd_control_xfer_cb
 .text._prep_out_transaction
                0x100061d4       0x46 CMakeFiles/w5x00_loopback.dir/D_/Boards/RP2040/pico-sdk/lib/tinyusb/src/class/cdc/cdc_device.c.obj
 *fill*         0x1000621a        0x2 
 .text.tud_cdc_n_connected
                0x1000621c       0x44 CMakeFiles/w5x00_loopback.dir/D_/Boards/RP2040/pico-sdk/lib/tinyusb/src/class/cdc/cdc_device.c.obj
                0x1000621c                tud_cdc_n_connected
 .text.tud_cdc_n_available
                0x10006260       0x18 CMakeFiles/w5x00_loopback.dir/D_/Boards/RP2040/pico-sdk/lib/tinyusb/src/class/cdc/cdc_device.c.obj
                0x10006260                tud_cdc_n_available
 .text.tud_cdc_n_read
                0x10006278       0x28 CMakeFiles/w5x00_loopback.dir/D_/Boards/RP2040/pico-sdk/lib/tinyusb/src/class/cdc/cdc_device.c.obj
                0x10006278                tud_cdc_n_read
 .text.tud_cdc_n_write_flush
                0x100062a0       0xcc CMakeFiles/w5x00_loopback.dir/D_/Boards/RP2040/pico-sdk/lib/tinyusb/src/class/cdc/cdc_device.c.obj
                0x100062a0                tud_cdc_n_write_flush
 .text.tud_cdc_n_write
                0x1000636c       0x38 CMakeFiles/w5x00_loopback.dir/D_/Boards/RP2040/pico-sdk/lib/tinyusb/src/class/cdc/cdc_device.c.obj
                0x1000636c                tud_cdc_n_write
 .text.tud_cdc_n_write_available
                0x100063a4       0x1c CMakeFiles/w5x00_loopback.dir/D_/Boards/RP2040/pico-sdk/lib/tinyusb/src/class/cdc/cdc_device.c.obj
                0x100063a4                tud_cdc_n_write_available
 .text.cdcd_init
                0x100063c0       0xbc CMakeFiles/w5x00_loopback.dir/D_/Boards/RP2040/pico-sdk/lib/tinyusb/src/class/cdc/cdc_device.c.obj
                0x100063c0                cdcd_init
 .text.cdcd_reset
                0x1000647c       0x44 CMakeFiles/w5x00_loopback.dir/D_/Boards/RP2040/pico-sdk/lib/tinyusb/src/class/cdc/cdc_device.c.obj
                0x1000647c                cdcd_reset
 .text.cdcd_open
                0x100064c0      0x10c CMakeFiles/w5x00_loopback.dir/D_/Boards/RP2040/pico-sdk/lib/tinyusb/src/class/cdc/cdc_device.c.obj
                0x100064c0                cdcd_open
 .text.cdcd_control_xfer_cb
                0x100065cc      0x134 CMakeFiles/w5x00_loopback.dir/D_/Boards/RP2040/pico-sdk/lib/tinyusb/src/class/cdc/cdc_device.c.obj
                0x100065cc                cdcd_control_xfer_cb
 .text.cdcd_xfer_cb
                0x10006700      0x144 CMakeFiles/w5x00_loopback.dir/D_/Boards/RP2040/pico-sdk/lib/tinyusb/src/class/cdc/cdc_device.c.obj
                0x10006700                cdcd_xfer_cb
 .text.tusb_init
                0x10006844       0x24 CMakeFiles/w5x00_loopback.dir/D_/Boards/RP2040/pico-sdk/lib/tinyusb/src/tusb.c.obj
                0x10006844                tusb_init
 .text.tusb_inited
                0x10006868        0xe CMakeFiles/w5x00_loopback.dir/D_/Boards/RP2040/pico-sdk/lib/tinyusb/src/tusb.c.obj
                0x10006868                tusb_inited
 .text.advance_pointer
                0x10006876       0x1e CMakeFiles/w5x00_loopback.dir/D_/Boards/RP2040/pico-sdk/lib/tinyusb/src/common/tusb_fifo.c.obj
 .text.backward_pointer
                0x10006894       0x1a CMakeFiles/w5x00_loopback.dir/D_/Boards/RP2040/pico-sdk/lib/tinyusb/src/common/tusb_fifo.c.obj
 .text.get_relative_pointer
                0x100068ae       0x10 CMakeFiles/w5x00_loopback.dir/D_/Boards/RP2040/pico-sdk/lib/tinyusb/src/common/tusb_fifo.c.obj
 .text._tu_fifo_peek
                0x100068be       0x50 CMakeFiles/w5x00_loopback.dir/D_/Boards/RP2040/pico-sdk/lib/tinyusb/src/common/tusb_fifo.c.obj
 .text._ff_pull_const_addr
                0x1000690e       0x4c CMakeFiles/w5x00_loopback.dir/D_/Boards/RP2040/pico-sdk/lib/tinyusb/src/common/tusb_fifo.c.obj
 .text._ff_pull_n
                0x1000695a      0x10c CMakeFiles/w5x00_loopback.dir/D_/Boards/RP2040/pico-sdk/lib/tinyusb/src/common/tusb_fifo.c.obj
 .text._tu_fifo_peek_n
                0x10006a66       0x5e CMakeFiles/w5x00_loopback.dir/D_/Boards/RP2040/pico-sdk/lib/tinyusb/src/common/tusb_fifo.c.obj
 .text._tu_fifo_read_n
                0x10006ac4       0x4e CMakeFiles/w5x00_loopback.dir/D_/Boards/RP2040/pico-sdk/lib/tinyusb/src/common/tusb_fifo.c.obj
 .text._ff_push_const_addr
                0x10006b12       0x40 CMakeFiles/w5x00_loopback.dir/D_/Boards/RP2040/pico-sdk/lib/tinyusb/src/common/tusb_fifo.c.obj
 .text._ff_push_n
                0x10006b52      0x108 CMakeFiles/w5x00_loopback.dir/D_/Boards/RP2040/pico-sdk/lib/tinyusb/src/common/tusb_fifo.c.obj
 .text._tu_fifo_write_n
                0x10006c5a       0x9e CMakeFiles/w5x00_loopback.dir/D_/Boards/RP2040/pico-sdk/lib/tinyusb/src/common/tusb_fifo.c.obj
 .text.tu_fifo_config
                0x10006cf8       0x72 CMakeFiles/w5x00_loopback.dir/D_/Boards/RP2040/pico-sdk/lib/tinyusb/src/common/tusb_fifo.c.obj
                0x10006cf8                tu_fifo_config
 .text.tu_fifo_count
                0x10006d6a       0x26 CMakeFiles/w5x00_loopback.dir/D_/Boards/RP2040/pico-sdk/lib/tinyusb/src/common/tusb_fifo.c.obj
                0x10006d6a                tu_fifo_count
 .text.tu_fifo_empty
                0x10006d90       0x10 CMakeFiles/w5x00_loopback.dir/D_/Boards/RP2040/pico-sdk/lib/tinyusb/src/common/tusb_fifo.c.obj
                0x10006d90                tu_fifo_empty
 .text.tu_fifo_remaining
                0x10006da0       0x20 CMakeFiles/w5x00_loopback.dir/D_/Boards/RP2040/pico-sdk/lib/tinyusb/src/common/tusb_fifo.c.obj
                0x10006da0                tu_fifo_remaining
 .text.tu_fifo_read
                0x10006dc0       0x42 CMakeFiles/w5x00_loopback.dir/D_/Boards/RP2040/pico-sdk/lib/tinyusb/src/common/tusb_fifo.c.obj
                0x10006dc0                tu_fifo_read
 .text.tu_fifo_read_n
                0x10006e02        0xa CMakeFiles/w5x00_loopback.dir/D_/Boards/RP2040/pico-sdk/lib/tinyusb/src/common/tusb_fifo.c.obj
                0x10006e02                tu_fifo_read_n
 .text.tu_fifo_write
                0x10006e0c       0x6c CMakeFiles/w5x00_loopback.dir/D_/Boards/RP2040/pico-sdk/lib/tinyusb/src/common/tusb_fifo.c.obj
                0x10006e0c                tu_fifo_write
 .text.tu_fifo_write_n
                0x10006e78        0xa CMakeFiles/w5x00_loopback.dir/D_/Boards/RP2040/pico-sdk/lib/tinyusb/src/common/tusb_fifo.c.obj
                0x10006e78                tu_fifo_write_n
 .text.tu_fifo_clear
                0x10006e82       0x4c CMakeFiles/w5x00_loopback.dir/D_/Boards/RP2040/pico-sdk/lib/tinyusb/src/common/tusb_fifo.c.obj
                0x10006e82                tu_fifo_clear
 .text.tu_fifo_set_overwritable
                0x10006ece       0x3c CMakeFiles/w5x00_loopback.dir/D_/Boards/RP2040/pico-sdk/lib/tinyusb/src/common/tusb_fifo.c.obj
                0x10006ece                tu_fifo_set_overwritable
 *fill*         0x10006f0a        0x2 
 .text._retrieve_unique_id_on_boot
                0x10006f0c       0x10 CMakeFiles/w5x00_loopback.dir/D_/Boards/RP2040/pico-sdk/src/rp2_common/pico_unique_id/unique_id.c.obj
 .text.pico_get_unique_board_id_string
                0x10006f1c       0x60 CMakeFiles/w5x00_loopback.dir/D_/Boards/RP2040/pico-sdk/src/rp2_common/pico_unique_id/unique_id.c.obj
                0x10006f1c                pico_get_unique_board_id_string
 .text.flash_get_unique_id
                0x10006f7c       0x46 CMakeFiles/w5x00_loopback.dir/D_/Boards/RP2040/pico-sdk/src/rp2_common/hardware_flash/flash.c.obj
                0x10006f7c                flash_get_unique_id
 .text.spi_set_baudrate
                0x10006fc2       0x92 CMakeFiles/w5x00_loopback.dir/D_/Boards/RP2040/pico-sdk/src/rp2_common/hardware_spi/spi.c.obj
                0x10006fc2                spi_set_baudrate
 .text.spi_init
                0x10007054       0x68 CMakeFiles/w5x00_loopback.dir/D_/Boards/RP2040/pico-sdk/src/rp2_common/hardware_spi/spi.c.obj
                0x10007054                spi_init
 .text.loopback_tcps
                0x100070bc      0x13c CMakeFiles/w5x00_loopback.dir/__/__/libraries/ioLibrary_Driver/Application/loopback/loopback.c.obj
                0x100070bc                loopback_tcps
 .text.close    0x100071f8       0x74 CMakeFiles/w5x00_loopback.dir/__/__/libraries/ioLibrary_Driver/Ethernet/socket.c.obj
                0x100071f8                close
 .text.socket   0x1000726c      0x150 CMakeFiles/w5x00_loopback.dir/__/__/libraries/ioLibrary_Driver/Ethernet/socket.c.obj
                0x1000726c                socket
 .text.listen   0x100073bc       0x66 CMakeFiles/w5x00_loopback.dir/__/__/libraries/ioLibrary_Driver/Ethernet/socket.c.obj
                0x100073bc                listen
 *fill*         0x10007422        0x2 
 .text.disconnect
                0x10007424       0x84 CMakeFiles/w5x00_loopback.dir/__/__/libraries/ioLibrary_Driver/Ethernet/socket.c.obj
                0x10007424                disconnect
 .text.send     0x100074a8      0x130 CMakeFiles/w5x00_loopback.dir/__/__/libraries/ioLibrary_Driver/Ethernet/socket.c.obj
                0x100074a8                send
 .text.recv     0x100075d8      0x108 CMakeFiles/w5x00_loopback.dir/__/__/libraries/ioLibrary_Driver/Ethernet/socket.c.obj
                0x100075d8                recv
 .text.wizchip_cris_enter
                0x100076e0        0x2 CMakeFiles/w5x00_loopback.dir/__/__/libraries/ioLibrary_Driver/Ethernet/wizchip_conf.c.obj
                0x100076e0                wizchip_cris_enter
 .text.wizchip_cris_exit
                0x100076e2        0x2 CMakeFiles/w5x00_loopback.dir/__/__/libraries/ioLibrary_Driver/Ethernet/wizchip_conf.c.obj
                0x100076e2                wizchip_cris_exit
 .text.wizchip_cs_select
                0x100076e4        0x2 CMakeFiles/w5x00_loopback.dir/__/__/libraries/ioLibrary_Driver/Ethernet/wizchip_conf.c.obj
                0x100076e4                wizchip_cs_select
 .text.wizchip_cs_deselect
                0x100076e6        0x2 CMakeFiles/w5x00_loopback.dir/__/__/libraries/ioLibrary_Driver/Ethernet/wizchip_conf.c.obj
                0x100076e6                wizchip_cs_deselect
 .text.wizchip_bus_readdata
                0x100076e8        0x6 CMakeFiles/w5x00_loopback.dir/__/__/libraries/ioLibrary_Driver/Ethernet/wizchip_conf.c.obj
                0x100076e8                wizchip_bus_readdata
 .text.wizchip_bus_writedata
                0x100076ee        0x4 CMakeFiles/w5x00_loopback.dir/__/__/libraries/ioLibrary_Driver/Ethernet/wizchip_conf.c.obj
                0x100076ee                wizchip_bus_writedata
 .text.wizchip_spi_readbyte
                0x100076f2        0x4 CMakeFiles/w5x00_loopback.dir/__/__/libraries/ioLibrary_Driver/Ethernet/wizchip_conf.c.obj
                0x100076f2                wizchip_spi_readbyte
 .text.wizchip_spi_writebyte
                0x100076f6        0x2 CMakeFiles/w5x00_loopback.dir/__/__/libraries/ioLibrary_Driver/Ethernet/wizchip_conf.c.obj
                0x100076f6                wizchip_spi_writebyte
 .text.reg_wizchip_cris_cbfunc
                0x100076f8       0x28 CMakeFiles/w5x00_loopback.dir/__/__/libraries/ioLibrary_Driver/Ethernet/wizchip_conf.c.obj
                0x100076f8                reg_wizchip_cris_cbfunc
 .text.reg_wizchip_cs_cbfunc
                0x10007720       0x28 CMakeFiles/w5x00_loopback.dir/__/__/libraries/ioLibrary_Driver/Ethernet/wizchip_conf.c.obj
                0x10007720                reg_wizchip_cs_cbfunc
 .text.reg_wizchip_spi_cbfunc
                0x10007748       0x30 CMakeFiles/w5x00_loopback.dir/__/__/libraries/ioLibrary_Driver/Ethernet/wizchip_conf.c.obj
                0x10007748                reg_wizchip_spi_cbfunc
 .text.wizchip_sw_reset
                0x10007778       0x66 CMakeFiles/w5x00_loopback.dir/__/__/libraries/ioLibrary_Driver/Ethernet/wizchip_conf.c.obj
                0x10007778                wizchip_sw_reset
 .text.wizchip_init
                0x100077de       0xda CMakeFiles/w5x00_loopback.dir/__/__/libraries/ioLibrary_Driver/Ethernet/wizchip_conf.c.obj
                0x100077de                wizchip_init
 .text.wizchip_clrinterrupt
                0x100078b8       0x1e CMakeFiles/w5x00_loopback.dir/__/__/libraries/ioLibrary_Driver/Ethernet/wizchip_conf.c.obj
                0x100078b8                wizchip_clrinterrupt
 .text.wizchip_getinterrupt
                0x100078d6       0x10 CMakeFiles/w5x00_loopback.dir/__/__/libraries/ioLibrary_Driver/Ethernet/wizchip_conf.c.obj
                0x100078d6                wizchip_getinterrupt
 .text.wizchip_setinterruptmask
                0x100078e6       0x18 CMakeFiles/w5x00_loopback.dir/__/__/libraries/ioLibrary_Driver/Ethernet/wizchip_conf.c.obj
                0x100078e6                wizchip_setinterruptmask
 .text.wizchip_getinterruptmask
                0x100078fe       0x1c CMakeFiles/w5x00_loopback.dir/__/__/libraries/ioLibrary_Driver/Ethernet/wizchip_conf.c.obj
                0x100078fe                wizchip_getinterruptmask
 .text.wizphy_getphylink
                0x1000791a       0x14 CMakeFiles/w5x00_loopback.dir/__/__/libraries/ioLibrary_Driver/Ethernet/wizchip_conf.c.obj
                0x1000791a                wizphy_getphylink
 .text.wizphy_getphypmode
                0x1000792e        0x6 CMakeFiles/w5x00_loopback.dir/__/__/libraries/ioLibrary_Driver/Ethernet/wizchip_conf.c.obj
                0x1000792e                wizphy_getphypmode
 .text.wizphy_reset
                0x10007934       0x24 CMakeFiles/w5x00_loopback.dir/__/__/libraries/ioLibrary_Driver/Ethernet/wizchip_conf.c.obj
                0x10007934                wizphy_reset
 .text.wizphy_setphyconf
                0x10007958       0x5c CMakeFiles/w5x00_loopback.dir/__/__/libraries/ioLibrary_Driver/Ethernet/wizchip_conf.c.obj
                0x10007958                wizphy_setphyconf
 .text.wizphy_getphyconf
                0x100079b4       0x3a CMakeFiles/w5x00_loopback.dir/__/__/libraries/ioLibrary_Driver/Ethernet/wizchip_conf.c.obj
                0x100079b4                wizphy_getphyconf
 *fill*         0x100079ee        0x2 
 .text.wizphy_setphypmode
                0x100079f0       0x50 CMakeFiles/w5x00_loopback.dir/__/__/libraries/ioLibrary_Driver/Ethernet/wizchip_conf.c.obj
                0x100079f0                wizphy_setphypmode
 .text.ctlwizchip
                0x10007a40       0xe4 CMakeFiles/w5x00_loopback.dir/__/__/libraries/ioLibrary_Driver/Ethernet/wizchip_conf.c.obj
                0x10007a40                ctlwizchip
 .text.wizchip_setnetinfo
                0x10007b24       0x54 CMakeFiles/w5x00_loopback.dir/__/__/libraries/ioLibrary_Driver/Ethernet/wizchip_conf.c.obj
                0x10007b24                wizchip_setnetinfo
 .text.wizchip_getnetinfo
                0x10007b78       0x54 CMakeFiles/w5x00_loopback.dir/__/__/libraries/ioLibrary_Driver/Ethernet/wizchip_conf.c.obj
                0x10007b78                wizchip_getnetinfo
 .text.wizchip_setnetmode
                0x10007bcc       0x26 CMakeFiles/w5x00_loopback.dir/__/__/libraries/ioLibrary_Driver/Ethernet/wizchip_conf.c.obj
                0x10007bcc                wizchip_setnetmode
 .text.wizchip_getnetmode
                0x10007bf2        0xa CMakeFiles/w5x00_loopback.dir/__/__/libraries/ioLibrary_Driver/Ethernet/wizchip_conf.c.obj
                0x10007bf2                wizchip_getnetmode
 .text.wizchip_settimeout
                0x10007bfc       0x20 CMakeFiles/w5x00_loopback.dir/__/__/libraries/ioLibrary_Driver/Ethernet/wizchip_conf.c.obj
                0x10007bfc                wizchip_settimeout
 .text.wizchip_gettimeout
                0x10007c1c       0x26 CMakeFiles/w5x00_loopback.dir/__/__/libraries/ioLibrary_Driver/Ethernet/wizchip_conf.c.obj
                0x10007c1c                wizchip_gettimeout
 *fill*         0x10007c42        0x2 
 .text.ctlnetwork
                0x10007c44       0x54 CMakeFiles/w5x00_loopback.dir/__/__/libraries/ioLibrary_Driver/Ethernet/wizchip_conf.c.obj
                0x10007c44                ctlnetwork
 .text.WIZCHIP_WRITE
                0x10007c98       0x5c CMakeFiles/w5x00_loopback.dir/__/__/libraries/ioLibrary_Driver/Ethernet/W5100S/w5100s.c.obj
                0x10007c98                WIZCHIP_WRITE
 .text.WIZCHIP_READ
                0x10007cf4       0x60 CMakeFiles/w5x00_loopback.dir/__/__/libraries/ioLibrary_Driver/Ethernet/W5100S/w5100s.c.obj
                0x10007cf4                WIZCHIP_READ
 .text.WIZCHIP_WRITE_BUF
                0x10007d54       0x74 CMakeFiles/w5x00_loopback.dir/__/__/libraries/ioLibrary_Driver/Ethernet/W5100S/w5100s.c.obj
                0x10007d54                WIZCHIP_WRITE_BUF
 .text.WIZCHIP_READ_BUF
                0x10007dc8       0x80 CMakeFiles/w5x00_loopback.dir/__/__/libraries/ioLibrary_Driver/Ethernet/W5100S/w5100s.c.obj
                0x10007dc8                WIZCHIP_READ_BUF
 .text.getSn_TX_FSR
                0x10007e48       0x5e CMakeFiles/w5x00_loopback.dir/__/__/libraries/ioLibrary_Driver/Ethernet/W5100S/w5100s.c.obj
                0x10007e48                getSn_TX_FSR
 .text.getSn_RX_RSR
                0x10007ea6       0x5e CMakeFiles/w5x00_loopback.dir/__/__/libraries/ioLibrary_Driver/Ethernet/W5100S/w5100s.c.obj
                0x10007ea6                getSn_RX_RSR
 .text.getSn_RxBASE
                0x10007f04       0x32 CMakeFiles/w5x00_loopback.dir/__/__/libraries/ioLibrary_Driver/Ethernet/W5100S/w5100s.c.obj
                0x10007f04                getSn_RxBASE
 .text.getSn_TxBASE
                0x10007f36       0x32 CMakeFiles/w5x00_loopback.dir/__/__/libraries/ioLibrary_Driver/Ethernet/W5100S/w5100s.c.obj
                0x10007f36                getSn_TxBASE
 .text.wiz_send_data
                0x10007f68      0x104 CMakeFiles/w5x00_loopback.dir/__/__/libraries/ioLibrary_Driver/Ethernet/W5100S/w5100s.c.obj
                0x10007f68                wiz_send_data
 .text.wiz_recv_data
                0x1000806c      0x102 CMakeFiles/w5x00_loopback.dir/__/__/libraries/ioLibrary_Driver/Ethernet/W5100S/w5100s.c.obj
                0x1000806c                wiz_recv_data
 .text.wiz_mdio_write
                0x1000816e       0x30 CMakeFiles/w5x00_loopback.dir/__/__/libraries/ioLibrary_Driver/Ethernet/W5100S/w5100s.c.obj
                0x1000816e                wiz_mdio_write
 .text.wiz_mdio_read
                0x1000819e       0x32 CMakeFiles/w5x00_loopback.dir/__/__/libraries/ioLibrary_Driver/Ethernet/W5100S/w5100s.c.obj
                0x1000819e                wiz_mdio_read
 .text.wizchip_select
                0x100081d0        0xc CMakeFiles/w5x00_loopback.dir/__/__/port/ioLibrary_Driver/w5x00_spi.c.obj
 .text.wizchip_deselect
                0x100081dc        0xc CMakeFiles/w5x00_loopback.dir/__/__/port/ioLibrary_Driver/w5x00_spi.c.obj
 .text.wizchip_critical_section_unlock
                0x100081e8       0x18 CMakeFiles/w5x00_loopback.dir/__/__/port/ioLibrary_Driver/w5x00_spi.c.obj
 .text.wizchip_critical_section_lock
                0x10008200       0x20 CMakeFiles/w5x00_loopback.dir/__/__/port/ioLibrary_Driver/w5x00_spi.c.obj
 .text.wizchip_write
                0x10008220       0x1c CMakeFiles/w5x00_loopback.dir/__/__/port/ioLibrary_Driver/w5x00_spi.c.obj
 .text.wizchip_read
                0x1000823c       0x24 CMakeFiles/w5x00_loopback.dir/__/__/port/ioLibrary_Driver/w5x00_spi.c.obj
 .text.wizchip_reset
                0x10008260       0x1e CMakeFiles/w5x00_loopback.dir/__/__/port/ioLibrary_Driver/w5x00_spi.c.obj
                0x10008260                wizchip_reset
 *fill*         0x1000827e        0x2 
 .text.wizchip_initialize
                0x10008280       0x8c CMakeFiles/w5x00_loopback.dir/__/__/port/ioLibrary_Driver/w5x00_spi.c.obj
                0x10008280                wizchip_initialize
 .text.wizchip_check
                0x1000830c       0x24 CMakeFiles/w5x00_loopback.dir/__/__/port/ioLibrary_Driver/w5x00_spi.c.obj
                0x1000830c                wizchip_check
 .text.network_initialize
                0x10008330       0x1c CMakeFiles/w5x00_loopback.dir/__/__/port/ioLibrary_Driver/w5x00_spi.c.obj
                0x10008330                network_initialize
 .text.print_network_information
                0x1000834c       0xf0 CMakeFiles/w5x00_loopback.dir/__/__/port/ioLibrary_Driver/w5x00_spi.c.obj
                0x1000834c                print_network_information
 .text.strlen   0x1000843c       0x5c c:/progra~2/gnuarm~1/102020~1/bin/../lib/gcc/arm-none-eabi/10.2.1/../../../../arm-none-eabi/lib/thumb/v6-m/nofp\libg.a(lib_a-strlen-stub.o)
                0x1000843c                strlen
 *(.fini)
 .fini          0x10008498        0x4 c:/progra~2/gnuarm~1/102020~1/bin/../lib/gcc/arm-none-eabi/10.2.1/thumb/v6-m/nofp/crti.o
                0x10008498                _fini
 *fill*         0x1000849c        0x4 
 .fini.__stub   0x100084a0       0x90 linker stubs
 *crtbegin.o(.ctors)
 *crtbegin?.o(.ctors)
 *(EXCLUDE_FILE(*crtend.o *crtend?.o) .ctors)
 *(SORT_BY_NAME(.ctors.*))
 *(.ctors)
 *crtbegin.o(.dtors)
 *crtbegin?.o(.dtors)
 *(EXCLUDE_FILE(*crtend.o *crtend?.o) .dtors)
 *(SORT_BY_NAME(.dtors.*))
 *(.dtors)
 *(.eh_frame*)
 .eh_frame      0x10008530        0x0 c:/progra~2/gnuarm~1/102020~1/bin/../lib/gcc/arm-none-eabi/10.2.1/thumb/v6-m/nofp/crtbegin.o
                0x10008530                . = ALIGN (0x4)

.glue_7         0x10008530        0x0
 .glue_7        0x10008530        0x0 linker stubs

.glue_7t        0x10008530        0x0
 .glue_7t       0x10008530        0x0 linker stubs

.vfp11_veneer   0x10008530        0x0
 .vfp11_veneer  0x10008530        0x0 linker stubs

.v4_bx          0x10008530        0x0
 .v4_bx         0x10008530        0x0 linker stubs

.iplt           0x10008530        0x0
 .iplt          0x10008530        0x0 c:/progra~2/gnuarm~1/102020~1/bin/../lib/gcc/arm-none-eabi/10.2.1/thumb/v6-m/nofp/crtbegin.o

.rodata         0x10008530     0x1968
 *(EXCLUDE_FILE(*libm.a: *libc.a:*lib_a-mem*.o *libgcc.a:) .rodata*)
 .rodata.main.str1.4
                0x10008530       0x16 CMakeFiles/w5x00_loopback.dir/w5x00_loopback.c.obj
 *fill*         0x10008546        0x2 
 .rodata.str1.4
                0x10008548       0x12 CMakeFiles/w5x00_loopback.dir/w5x00_loopback.c.obj
 *fill*         0x1000855a        0x2 
 .rodata.__bi_104.1
                0x1000855c        0xc CMakeFiles/w5x00_loopback.dir/w5x00_loopback.c.obj
 .rodata.__bi_96.0
                0x10008568        0x8 CMakeFiles/w5x00_loopback.dir/w5x00_loopback.c.obj
 .rodata.g_net_info
                0x10008570       0x17 CMakeFiles/w5x00_loopback.dir/w5x00_loopback.c.obj
 *fill*         0x10008587        0x1 
 .rodata.spin_lock_claim_unused.str1.4
                0x10008588       0x1b CMakeFiles/w5x00_loopback.dir/D_/Boards/RP2040/pico-sdk/src/rp2_common/hardware_sync/sync.c.obj
 *fill*         0x100085a3        0x1 
 .rodata.repeating_timer_callback.str1.4
                0x100085a4       0x4a CMakeFiles/w5x00_loopback.dir/D_/Boards/RP2040/pico-sdk/src/common/pico_time/time.c.obj
 *fill*         0x100085ee        0x2 
 .rodata.alarm_pool_dump_key.str1.4
                0x100085f0       0x33 CMakeFiles/w5x00_loopback.dir/D_/Boards/RP2040/pico-sdk/src/common/pico_time/time.c.obj
 *fill*         0x10008623        0x1 
 .rodata.ph_add_child_node.str1.4
                0x10008624       0x96 CMakeFiles/w5x00_loopback.dir/D_/Boards/RP2040/pico-sdk/src/common/pico_time/time.c.obj
 *fill*         0x100086ba        0x2 
 .rodata.add_alarm_under_lock.str1.4
                0x100086bc       0x28 CMakeFiles/w5x00_loopback.dir/D_/Boards/RP2040/pico-sdk/src/common/pico_time/time.c.obj
                                 0x2b (size before relaxing)
 .rodata.alarm_pool_alarm_callback.str1.4
                0x100086e4       0xe2 CMakeFiles/w5x00_loopback.dir/D_/Boards/RP2040/pico-sdk/src/common/pico_time/time.c.obj
 *fill*         0x100087c6        0x2 
 .rodata.alarm_pool_get_default.str1.4
                0x100087c8       0x21 CMakeFiles/w5x00_loopback.dir/D_/Boards/RP2040/pico-sdk/src/common/pico_time/time.c.obj
 *fill*         0x100087e9        0x3 
 .rodata.alarm_pool_cancel_alarm.str1.4
                0x100087ec       0x27 CMakeFiles/w5x00_loopback.dir/D_/Boards/RP2040/pico-sdk/src/common/pico_time/time.c.obj
 *fill*         0x10008813        0x1 
 .rodata.sleep_until.str1.4
                0x10008814       0x4d CMakeFiles/w5x00_loopback.dir/D_/Boards/RP2040/pico-sdk/src/common/pico_time/time.c.obj
 *fill*         0x10008861        0x3 
 .rodata.__func__.1
                0x10008864       0x18 CMakeFiles/w5x00_loopback.dir/D_/Boards/RP2040/pico-sdk/src/common/pico_time/time.c.obj
 .rodata.__func__.10
                0x1000887c       0x15 CMakeFiles/w5x00_loopback.dir/D_/Boards/RP2040/pico-sdk/src/common/pico_time/time.c.obj
 *fill*         0x10008891        0x3 
 .rodata.__func__.11
                0x10008894       0x1a CMakeFiles/w5x00_loopback.dir/D_/Boards/RP2040/pico-sdk/src/common/pico_time/time.c.obj
 *fill*         0x100088ae        0x2 
 .rodata.__func__.12
                0x100088b0        0xa CMakeFiles/w5x00_loopback.dir/D_/Boards/RP2040/pico-sdk/src/common/pico_time/time.c.obj
 *fill*         0x100088ba        0x2 
 .rodata.__func__.3
                0x100088bc       0x17 CMakeFiles/w5x00_loopback.dir/D_/Boards/RP2040/pico-sdk/src/common/pico_time/time.c.obj
 *fill*         0x100088d3        0x1 
 .rodata.__func__.4
                0x100088d4       0x12 CMakeFiles/w5x00_loopback.dir/D_/Boards/RP2040/pico-sdk/src/common/pico_time/time.c.obj
 *fill*         0x100088e6        0x2 
 .rodata.__func__.5
                0x100088e8        0xd CMakeFiles/w5x00_loopback.dir/D_/Boards/RP2040/pico-sdk/src/common/pico_time/time.c.obj
 *fill*         0x100088f5        0x3 
 .rodata.__func__.6
                0x100088f8       0x12 CMakeFiles/w5x00_loopback.dir/D_/Boards/RP2040/pico-sdk/src/common/pico_time/time.c.obj
 *fill*         0x1000890a        0x2 
 .rodata.__func__.7
                0x1000890c        0xf CMakeFiles/w5x00_loopback.dir/D_/Boards/RP2040/pico-sdk/src/common/pico_time/time.c.obj
 *fill*         0x1000891b        0x1 
 .rodata.__func__.8
                0x1000891c        0xc CMakeFiles/w5x00_loopback.dir/D_/Boards/RP2040/pico-sdk/src/common/pico_time/time.c.obj
 .rodata.__func__.9
                0x10008928       0x15 CMakeFiles/w5x00_loopback.dir/D_/Boards/RP2040/pico-sdk/src/common/pico_time/time.c.obj
 *fill*         0x1000893d        0x3 
 .rodata.hardware_alarm_claim.str1.4
                0x10008940       0x22 CMakeFiles/w5x00_loopback.dir/D_/Boards/RP2040/pico-sdk/src/rp2_common/hardware_timer/timer.c.obj
 *fill*         0x10008962        0x2 
 .rodata.hardware_alarm_set_target.str1.4
                0x10008964       0x64 CMakeFiles/w5x00_loopback.dir/D_/Boards/RP2040/pico-sdk/src/rp2_common/hardware_timer/timer.c.obj
 .rodata.__func__.0
                0x100089c8       0x1a CMakeFiles/w5x00_loopback.dir/D_/Boards/RP2040/pico-sdk/src/rp2_common/hardware_timer/timer.c.obj
 *fill*         0x100089e2        0x2 
 .rodata.str1.4
                0x100089e4       0xb1 CMakeFiles/w5x00_loopback.dir/D_/Boards/RP2040/pico-sdk/src/common/pico_sync/mutex.c.obj
                                0x111 (size before relaxing)
 *fill*         0x10008a95        0x3 
 .rodata.__func__.0
                0x10008a98        0xb CMakeFiles/w5x00_loopback.dir/D_/Boards/RP2040/pico-sdk/src/common/pico_sync/mutex.c.obj
 *fill*         0x10008aa3        0x1 
 .rodata.__func__.1
                0x10008aa4       0x18 CMakeFiles/w5x00_loopback.dir/D_/Boards/RP2040/pico-sdk/src/common/pico_sync/mutex.c.obj
 .rodata.__func__.2
                0x10008abc       0x15 CMakeFiles/w5x00_loopback.dir/D_/Boards/RP2040/pico-sdk/src/common/pico_sync/mutex.c.obj
 *fill*         0x10008ad1        0x3 
 .rodata.__func__.3
                0x10008ad4       0x15 CMakeFiles/w5x00_loopback.dir/D_/Boards/RP2040/pico-sdk/src/common/pico_sync/mutex.c.obj
 .rodata.ph_add_child_node.str1.4
                0x10008ae9       0x96 CMakeFiles/w5x00_loopback.dir/D_/Boards/RP2040/pico-sdk/src/common/pico_util/pheap.c.obj
 *fill*         0x10008ae9        0x3 
 .rodata.ph_remove_any_head.str1.4
                0x10008aec       0x8c CMakeFiles/w5x00_loopback.dir/D_/Boards/RP2040/pico-sdk/src/common/pico_util/pheap.c.obj
 .rodata.ph_remove_and_free_node.str1.4
                0x10008b78       0x26 CMakeFiles/w5x00_loopback.dir/D_/Boards/RP2040/pico-sdk/src/common/pico_util/pheap.c.obj
 *fill*         0x10008b9e        0x2 
 .rodata.__func__.0
                0x10008ba0       0x18 CMakeFiles/w5x00_loopback.dir/D_/Boards/RP2040/pico-sdk/src/common/pico_util/pheap.c.obj
 .rodata.__func__.1
                0x10008bb8       0x13 CMakeFiles/w5x00_loopback.dir/D_/Boards/RP2040/pico-sdk/src/common/pico_util/pheap.c.obj
 *fill*         0x10008bcb        0x1 
 .rodata.__func__.2
                0x10008bcc       0x12 CMakeFiles/w5x00_loopback.dir/D_/Boards/RP2040/pico-sdk/src/common/pico_util/pheap.c.obj
 *fill*         0x10008bde        0x2 
 .rodata.__func__.3
                0x10008be0        0xc CMakeFiles/w5x00_loopback.dir/D_/Boards/RP2040/pico-sdk/src/common/pico_util/pheap.c.obj
 .rodata.__assert_func.str1.4
                0x10008bec       0x3f CMakeFiles/w5x00_loopback.dir/D_/Boards/RP2040/pico-sdk/src/rp2_common/pico_runtime/runtime.c.obj
                                 0x43 (size before relaxing)
 *fill*         0x10008c2b        0x1 
 .rodata.panic.str1.4
                0x10008c2c       0x10 CMakeFiles/w5x00_loopback.dir/D_/Boards/RP2040/pico-sdk/src/rp2_common/pico_runtime/runtime.c.obj
                                 0x12 (size before relaxing)
 .rodata.clock_configure.str1.4
                0x10008c3c       0x56 CMakeFiles/w5x00_loopback.dir/D_/Boards/RP2040/pico-sdk/src/rp2_common/hardware_clocks/clocks.c.obj
 *fill*         0x10008c92        0x2 
 .rodata.__func__.1
                0x10008c94       0x10 CMakeFiles/w5x00_loopback.dir/D_/Boards/RP2040/pico-sdk/src/rp2_common/hardware_clocks/clocks.c.obj
 .rodata.make_branch.str1.4
                0x10008ca4       0x4c CMakeFiles/w5x00_loopback.dir/D_/Boards/RP2040/pico-sdk/src/rp2_common/hardware_irq/irq.c.obj
 .rodata.irq_set_exclusive_handler.str1.4
                0x10008cf0       0x36 CMakeFiles/w5x00_loopback.dir/D_/Boards/RP2040/pico-sdk/src/rp2_common/hardware_irq/irq.c.obj
 *fill*         0x10008d26        0x2 
 .rodata.irq_add_shared_handler.str1.4
                0x10008d28       0xd9 CMakeFiles/w5x00_loopback.dir/D_/Boards/RP2040/pico-sdk/src/rp2_common/hardware_irq/irq.c.obj
 *fill*         0x10008e01        0x3 
 .rodata.irq_remove_handler.str1.4
                0x10008e04       0x2a CMakeFiles/w5x00_loopback.dir/D_/Boards/RP2040/pico-sdk/src/rp2_common/hardware_irq/irq.c.obj
 *fill*         0x10008e2e        0x2 
 .rodata.irq_add_tail_to_free_list.str1.4
                0x10008e30       0x32 CMakeFiles/w5x00_loopback.dir/D_/Boards/RP2040/pico-sdk/src/rp2_common/hardware_irq/irq.c.obj
                                 0x3a (size before relaxing)
 *fill*         0x10008e62        0x2 
 .rodata.__func__.0
                0x10008e64       0x1a CMakeFiles/w5x00_loopback.dir/D_/Boards/RP2040/pico-sdk/src/rp2_common/hardware_irq/irq.c.obj
 *fill*         0x10008e7e        0x2 
 .rodata.__func__.1
                0x10008e80       0x17 CMakeFiles/w5x00_loopback.dir/D_/Boards/RP2040/pico-sdk/src/rp2_common/hardware_irq/irq.c.obj
 *fill*         0x10008e97        0x1 
 .rodata.__func__.2
                0x10008e98       0x13 CMakeFiles/w5x00_loopback.dir/D_/Boards/RP2040/pico-sdk/src/rp2_common/hardware_irq/irq.c.obj
 *fill*         0x10008eab        0x1 
 .rodata.__func__.3
                0x10008eac        0xc CMakeFiles/w5x00_loopback.dir/D_/Boards/RP2040/pico-sdk/src/rp2_common/hardware_irq/irq.c.obj
 .rodata.__func__.4
                0x10008eb8        0xf CMakeFiles/w5x00_loopback.dir/D_/Boards/RP2040/pico-sdk/src/rp2_common/hardware_irq/irq.c.obj
 *fill*         0x10008ec7        0x1 
 .rodata.__func__.6
                0x10008ec8       0x1a CMakeFiles/w5x00_loopback.dir/D_/Boards/RP2040/pico-sdk/src/rp2_common/hardware_irq/irq.c.obj
 *fill*         0x10008ee2        0x2 
 .rodata.pll_init.str1.4
                0x10008ee4       0xd7 CMakeFiles/w5x00_loopback.dir/D_/Boards/RP2040/pico-sdk/src/rp2_common/hardware_pll/pll.c.obj
 *fill*         0x10008fbb        0x1 
 .rodata.__func__.0
                0x10008fbc        0x9 CMakeFiles/w5x00_loopback.dir/D_/Boards/RP2040/pico-sdk/src/rp2_common/hardware_pll/pll.c.obj
 *fill*         0x10008fc5        0x3 
 .rodata._ftoa.str1.4
                0x10008fc8       0x15 CMakeFiles/w5x00_loopback.dir/D_/Boards/RP2040/pico-sdk/src/rp2_common/pico_printf/printf.c.obj
 *fill*         0x10008fdd        0x3 
 .rodata._vsnprintf
                0x10008fe0      0x1e0 CMakeFiles/w5x00_loopback.dir/D_/Boards/RP2040/pico-sdk/src/rp2_common/pico_printf/printf.c.obj
 .rodata.pow10.0
                0x100091c0       0x50 CMakeFiles/w5x00_loopback.dir/D_/Boards/RP2040/pico-sdk/src/rp2_common/pico_printf/printf.c.obj
 .rodata.__aeabi_double_init.str1.4
                0x10009210       0xa7 CMakeFiles/w5x00_loopback.dir/D_/Boards/RP2040/pico-sdk/src/rp2_common/pico_double/double_init_rom.c.obj
 *fill*         0x100092b7        0x1 
 .rodata.__func__.0
                0x100092b8       0x14 CMakeFiles/w5x00_loopback.dir/D_/Boards/RP2040/pico-sdk/src/rp2_common/pico_double/double_init_rom.c.obj
 .rodata.__aeabi_float_init.str1.4
                0x100092cc       0x79 CMakeFiles/w5x00_loopback.dir/D_/Boards/RP2040/pico-sdk/src/rp2_common/pico_float/float_init_rom.c.obj
                                 0x7d (size before relaxing)
 *fill*         0x10009345        0x3 
 .rodata.__func__.0
                0x10009348       0x13 CMakeFiles/w5x00_loopback.dir/D_/Boards/RP2040/pico-sdk/src/rp2_common/pico_float/float_init_rom.c.obj
 *fill*         0x1000935b        0x1 
 .rodata.str1.4
                0x1000935c       0x44 CMakeFiles/w5x00_loopback.dir/D_/Boards/RP2040/pico-sdk/src/rp2_common/pico_standard_link/binary_info.c.obj
 .rodata.__bi_44
                0x100093a0        0xc CMakeFiles/w5x00_loopback.dir/D_/Boards/RP2040/pico-sdk/src/rp2_common/pico_standard_link/binary_info.c.obj
 .rodata.__bi_75
                0x100093ac        0xc CMakeFiles/w5x00_loopback.dir/D_/Boards/RP2040/pico-sdk/src/rp2_common/pico_standard_link/binary_info.c.obj
 .rodata.__bi_81
                0x100093b8        0xc CMakeFiles/w5x00_loopback.dir/D_/Boards/RP2040/pico-sdk/src/rp2_common/pico_standard_link/binary_info.c.obj
 .rodata.crlf_str.3
                0x100093c4        0x2 CMakeFiles/w5x00_loopback.dir/D_/Boards/RP2040/pico-sdk/src/rp2_common/pico_stdio/stdio.c.obj
 *fill*         0x100093c6        0x2 
 .rodata._resetd_driver
                0x100093c8       0x18 CMakeFiles/w5x00_loopback.dir/D_/Boards/RP2040/pico-sdk/src/rp2_common/pico_stdio_usb/reset_interface.c.obj
 .rodata.stdio_usb_init.str1.4
                0x100093e0       0x60 CMakeFiles/w5x00_loopback.dir/D_/Boards/RP2040/pico-sdk/src/rp2_common/pico_stdio_usb/stdio_usb.c.obj
 .rodata.str1.4
                0x100093e0       0x13 CMakeFiles/w5x00_loopback.dir/D_/Boards/RP2040/pico-sdk/src/rp2_common/pico_stdio_usb/stdio_usb.c.obj
 *fill*         0x100093f3        0x1 
 .rodata.__bi_93.1
                0x100093f4        0xc CMakeFiles/w5x00_loopback.dir/D_/Boards/RP2040/pico-sdk/src/rp2_common/pico_stdio_usb/stdio_usb.c.obj
 .rodata.__func__.0
                0x10009400       0x15 CMakeFiles/w5x00_loopback.dir/D_/Boards/RP2040/pico-sdk/src/rp2_common/pico_stdio_usb/stdio_usb.c.obj
 *fill*         0x10009415        0x3 
 .rodata.str1.4
                0x10009418       0x2a CMakeFiles/w5x00_loopback.dir/D_/Boards/RP2040/pico-sdk/src/rp2_common/pico_stdio_usb/stdio_usb_descriptors.c.obj
 *fill*         0x10009442        0x2 
 .rodata.usbd_desc_cfg
                0x10009444       0x54 CMakeFiles/w5x00_loopback.dir/D_/Boards/RP2040/pico-sdk/src/rp2_common/pico_stdio_usb/stdio_usb_descriptors.c.obj
 .rodata.usbd_desc_device
                0x10009498       0x12 CMakeFiles/w5x00_loopback.dir/D_/Boards/RP2040/pico-sdk/src/rp2_common/pico_stdio_usb/stdio_usb_descriptors.c.obj
 *fill*         0x100094aa        0x2 
 .rodata.usbd_desc_str
                0x100094ac       0x18 CMakeFiles/w5x00_loopback.dir/D_/Boards/RP2040/pico-sdk/src/rp2_common/pico_stdio_usb/stdio_usb_descriptors.c.obj
 .rodata._hw_endpoint_alloc.str1.4
                0x100094c4       0xb5 CMakeFiles/w5x00_loopback.dir/D_/Boards/RP2040/pico-sdk/lib/tinyusb/src/portable/raspberrypi/rp2040/dcd_rp2040.c.obj
 *fill*         0x10009579        0x3 
 .rodata._hw_endpoint_init.str1.4
                0x1000957c       0x28 CMakeFiles/w5x00_loopback.dir/D_/Boards/RP2040/pico-sdk/lib/tinyusb/src/portable/raspberrypi/rp2040/dcd_rp2040.c.obj
 .rodata.hw_handle_buff_status.str1.4
                0x100095a4        0xb CMakeFiles/w5x00_loopback.dir/D_/Boards/RP2040/pico-sdk/lib/tinyusb/src/portable/raspberrypi/rp2040/dcd_rp2040.c.obj
 *fill*         0x100095af        0x1 
 .rodata.dcd_rp2040_irq.str1.4
                0x100095b0       0x14 CMakeFiles/w5x00_loopback.dir/D_/Boards/RP2040/pico-sdk/lib/tinyusb/src/portable/raspberrypi/rp2040/dcd_rp2040.c.obj
 .rodata._hw_endpoint_stall.str1.4
                0x100095c4        0xd CMakeFiles/w5x00_loopback.dir/D_/Boards/RP2040/pico-sdk/lib/tinyusb/src/portable/raspberrypi/rp2040/dcd_rp2040.c.obj
 *fill*         0x100095d1        0x3 
 .rodata.dcd_int_enable.str1.4
                0x100095d4        0xc CMakeFiles/w5x00_loopback.dir/D_/Boards/RP2040/pico-sdk/lib/tinyusb/src/portable/raspberrypi/rp2040/dcd_rp2040.c.obj
 .rodata.__func__.0
                0x100095e0       0x15 CMakeFiles/w5x00_loopback.dir/D_/Boards/RP2040/pico-sdk/lib/tinyusb/src/portable/raspberrypi/rp2040/dcd_rp2040.c.obj
 *fill*         0x100095f5        0x3 
 .rodata.__func__.1
                0x100095f8       0x13 CMakeFiles/w5x00_loopback.dir/D_/Boards/RP2040/pico-sdk/lib/tinyusb/src/portable/raspberrypi/rp2040/dcd_rp2040.c.obj
 *fill*         0x1000960b        0x1 
 .rodata.__func__.11
                0x1000960c        0xf CMakeFiles/w5x00_loopback.dir/D_/Boards/RP2040/pico-sdk/lib/tinyusb/src/portable/raspberrypi/rp2040/dcd_rp2040.c.obj
 *fill*         0x1000961b        0x1 
 .rodata.__func__.12
                0x1000961c       0x13 CMakeFiles/w5x00_loopback.dir/D_/Boards/RP2040/pico-sdk/lib/tinyusb/src/portable/raspberrypi/rp2040/dcd_rp2040.c.obj
 *fill*         0x1000962f        0x1 
 .rodata.__func__.13
                0x10009630       0x16 CMakeFiles/w5x00_loopback.dir/D_/Boards/RP2040/pico-sdk/lib/tinyusb/src/portable/raspberrypi/rp2040/dcd_rp2040.c.obj
 *fill*         0x10009646        0x2 
 .rodata.__func__.14
                0x10009648        0x9 CMakeFiles/w5x00_loopback.dir/D_/Boards/RP2040/pico-sdk/lib/tinyusb/src/portable/raspberrypi/rp2040/dcd_rp2040.c.obj
 *fill*         0x10009651        0x3 
 .rodata.__func__.2
                0x10009654        0xf CMakeFiles/w5x00_loopback.dir/D_/Boards/RP2040/pico-sdk/lib/tinyusb/src/portable/raspberrypi/rp2040/dcd_rp2040.c.obj
 *fill*         0x10009663        0x1 
 .rodata.__func__.3
                0x10009664        0xe CMakeFiles/w5x00_loopback.dir/D_/Boards/RP2040/pico-sdk/lib/tinyusb/src/portable/raspberrypi/rp2040/dcd_rp2040.c.obj
 *fill*         0x10009672        0x2 
 .rodata.__func__.4
                0x10009674        0xe CMakeFiles/w5x00_loopback.dir/D_/Boards/RP2040/pico-sdk/lib/tinyusb/src/portable/raspberrypi/rp2040/dcd_rp2040.c.obj
 *fill*         0x10009682        0x2 
 .rodata.__func__.5
                0x10009684       0x1a CMakeFiles/w5x00_loopback.dir/D_/Boards/RP2040/pico-sdk/lib/tinyusb/src/portable/raspberrypi/rp2040/dcd_rp2040.c.obj
 *fill*         0x1000969e        0x2 
 .rodata.__func__.6
                0x100096a0        0xc CMakeFiles/w5x00_loopback.dir/D_/Boards/RP2040/pico-sdk/lib/tinyusb/src/portable/raspberrypi/rp2040/dcd_rp2040.c.obj
 .rodata.__func__.9
                0x100096ac       0x10 CMakeFiles/w5x00_loopback.dir/D_/Boards/RP2040/pico-sdk/lib/tinyusb/src/portable/raspberrypi/rp2040/dcd_rp2040.c.obj
 .rodata._hw_endpoint_buffer_control_update32.str1.4
                0x100096bc       0x1f CMakeFiles/w5x00_loopback.dir/D_/Boards/RP2040/pico-sdk/lib/tinyusb/src/portable/raspberrypi/rp2040/rp2040_usb.c.obj
 *fill*         0x100096db        0x1 
 .rodata._hw_endpoint_xfer_sync.str1.4
                0x100096dc       0x91 CMakeFiles/w5x00_loopback.dir/D_/Boards/RP2040/pico-sdk/lib/tinyusb/src/portable/raspberrypi/rp2040/rp2040_usb.c.obj
 *fill*         0x1000976d        0x3 
 .rodata._hw_endpoint_xfer_continue.str1.4
                0x10009770       0x50 CMakeFiles/w5x00_loopback.dir/D_/Boards/RP2040/pico-sdk/lib/tinyusb/src/portable/raspberrypi/rp2040/rp2040_usb.c.obj
 .rodata._hw_endpoint_xfer.str1.4
                0x100097c0        0xf CMakeFiles/w5x00_loopback.dir/D_/Boards/RP2040/pico-sdk/lib/tinyusb/src/portable/raspberrypi/rp2040/rp2040_usb.c.obj
 *fill*         0x100097cf        0x1 
 .rodata.str1.4
                0x100097d0        0x7 CMakeFiles/w5x00_loopback.dir/D_/Boards/RP2040/pico-sdk/lib/tinyusb/src/portable/raspberrypi/rp2040/rp2040_usb.c.obj
 *fill*         0x100097d7        0x1 
 .rodata.__func__.0
                0x100097d8       0x12 CMakeFiles/w5x00_loopback.dir/D_/Boards/RP2040/pico-sdk/lib/tinyusb/src/portable/raspberrypi/rp2040/rp2040_usb.c.obj
 *fill*         0x100097ea        0x2 
 .rodata.__func__.1
                0x100097ec       0x17 CMakeFiles/w5x00_loopback.dir/D_/Boards/RP2040/pico-sdk/lib/tinyusb/src/portable/raspberrypi/rp2040/rp2040_usb.c.obj
 *fill*         0x10009803        0x1 
 .rodata.process_set_config.str1.4
                0x10009804       0x17 CMakeFiles/w5x00_loopback.dir/D_/Boards/RP2040/pico-sdk/lib/tinyusb/src/device/usbd.c.obj
 *fill*         0x1000981b        0x1 
 .rodata.process_get_descriptor
                0x1000981c       0x40 CMakeFiles/w5x00_loopback.dir/D_/Boards/RP2040/pico-sdk/lib/tinyusb/src/device/usbd.c.obj
 .rodata.process_control_request
                0x1000985c       0x28 CMakeFiles/w5x00_loopback.dir/D_/Boards/RP2040/pico-sdk/lib/tinyusb/src/device/usbd.c.obj
 .rodata.tud_task
                0x10009884       0x24 CMakeFiles/w5x00_loopback.dir/D_/Boards/RP2040/pico-sdk/lib/tinyusb/src/device/usbd.c.obj
 .rodata.__func__.2
                0x100098a8        0xf CMakeFiles/w5x00_loopback.dir/D_/Boards/RP2040/pico-sdk/lib/tinyusb/src/device/usbd.c.obj
 *fill*         0x100098b7        0x1 
 .rodata.__func__.3
                0x100098b8        0xf CMakeFiles/w5x00_loopback.dir/D_/Boards/RP2040/pico-sdk/lib/tinyusb/src/device/usbd.c.obj
 *fill*         0x100098c7        0x1 
 .rodata.__func__.4
                0x100098c8       0x14 CMakeFiles/w5x00_loopback.dir/D_/Boards/RP2040/pico-sdk/lib/tinyusb/src/device/usbd.c.obj
 .rodata.__func__.5
                0x100098dc       0x10 CMakeFiles/w5x00_loopback.dir/D_/Boards/RP2040/pico-sdk/lib/tinyusb/src/device/usbd.c.obj
 .rodata.__func__.6
                0x100098ec       0x17 CMakeFiles/w5x00_loopback.dir/D_/Boards/RP2040/pico-sdk/lib/tinyusb/src/device/usbd.c.obj
 *fill*         0x10009903        0x1 
 .rodata.__func__.7
                0x10009904       0x13 CMakeFiles/w5x00_loopback.dir/D_/Boards/RP2040/pico-sdk/lib/tinyusb/src/device/usbd.c.obj
 *fill*         0x10009917        0x1 
 .rodata.__func__.8
                0x10009918       0x18 CMakeFiles/w5x00_loopback.dir/D_/Boards/RP2040/pico-sdk/lib/tinyusb/src/device/usbd.c.obj
 .rodata.__func__.9
                0x10009930        0x9 CMakeFiles/w5x00_loopback.dir/D_/Boards/RP2040/pico-sdk/lib/tinyusb/src/device/usbd.c.obj
 *fill*         0x10009939        0x3 
 .rodata._usbd_driver
                0x1000993c       0x18 CMakeFiles/w5x00_loopback.dir/D_/Boards/RP2040/pico-sdk/lib/tinyusb/src/device/usbd.c.obj
 .rodata.tud_control_xfer.str1.4
                0x10009954       0x17 CMakeFiles/w5x00_loopback.dir/D_/Boards/RP2040/pico-sdk/lib/tinyusb/src/device/usbd_control.c.obj
 .rodata.__func__.0
                0x10009954       0x15 CMakeFiles/w5x00_loopback.dir/D_/Boards/RP2040/pico-sdk/lib/tinyusb/src/device/usbd_control.c.obj
 *fill*         0x10009969        0x3 
 .rodata.__func__.1
                0x1000996c       0x11 CMakeFiles/w5x00_loopback.dir/D_/Boards/RP2040/pico-sdk/lib/tinyusb/src/device/usbd_control.c.obj
 .rodata.tud_cdc_n_write_flush.str1.4
                0x1000997d       0x17 CMakeFiles/w5x00_loopback.dir/D_/Boards/RP2040/pico-sdk/lib/tinyusb/src/class/cdc/cdc_device.c.obj
 *fill*         0x1000997d        0x3 
 .rodata.__func__.0
                0x10009980        0xd CMakeFiles/w5x00_loopback.dir/D_/Boards/RP2040/pico-sdk/lib/tinyusb/src/class/cdc/cdc_device.c.obj
 *fill*         0x1000998d        0x3 
 .rodata.__func__.1